Archive member included to satisfy reference by file (symbol)

c:/program files (x86)/stm32cubeide_1.4.0/stm32cubeide/plugins/com.st.stm32cube.ide.mcu.externaltools.gnu-tools-for-stm32.7-2018-q2-update.win32_1.4.0.202007081208/tools/bin/../lib/gcc/arm-none-eabi/7.3.1/../../../../arm-none-eabi/lib/thumb/v7-m\libm.a(lib_a-sf_cos.o)
                              ADAU_1701_LIB_STM32_F4/SigmaDSP.o (cosf)
c:/program files (x86)/stm32cubeide_1.4.0/stm32cubeide/plugins/com.st.stm32cube.ide.mcu.externaltools.gnu-tools-for-stm32.7-2018-q2-update.win32_1.4.0.202007081208/tools/bin/../lib/gcc/arm-none-eabi/7.3.1/../../../../arm-none-eabi/lib/thumb/v7-m\libm.a(lib_a-sf_sin.o)
                              ADAU_1701_LIB_STM32_F4/SigmaDSP.o (sinf)
c:/program files (x86)/stm32cubeide_1.4.0/stm32cubeide/plugins/com.st.stm32cube.ide.mcu.externaltools.gnu-tools-for-stm32.7-2018-q2-update.win32_1.4.0.202007081208/tools/bin/../lib/gcc/arm-none-eabi/7.3.1/../../../../arm-none-eabi/lib/thumb/v7-m\libm.a(lib_a-sf_tan.o)
                              ADAU_1701_LIB_STM32_F4/SigmaDSP.o (tanf)
c:/program files (x86)/stm32cubeide_1.4.0/stm32cubeide/plugins/com.st.stm32cube.ide.mcu.externaltools.gnu-tools-for-stm32.7-2018-q2-update.win32_1.4.0.202007081208/tools/bin/../lib/gcc/arm-none-eabi/7.3.1/../../../../arm-none-eabi/lib/thumb/v7-m\libm.a(lib_a-w_log.o)
                              ADAU_1701_LIB_STM32_F4/SigmaDSP.o (log)
c:/program files (x86)/stm32cubeide_1.4.0/stm32cubeide/plugins/com.st.stm32cube.ide.mcu.externaltools.gnu-tools-for-stm32.7-2018-q2-update.win32_1.4.0.202007081208/tools/bin/../lib/gcc/arm-none-eabi/7.3.1/../../../../arm-none-eabi/lib/thumb/v7-m\libm.a(lib_a-w_pow.o)
                              ADAU_1701_LIB_STM32_F4/SigmaDSP.o (pow)
c:/program files (x86)/stm32cubeide_1.4.0/stm32cubeide/plugins/com.st.stm32cube.ide.mcu.externaltools.gnu-tools-for-stm32.7-2018-q2-update.win32_1.4.0.202007081208/tools/bin/../lib/gcc/arm-none-eabi/7.3.1/../../../../arm-none-eabi/lib/thumb/v7-m\libm.a(lib_a-w_sinh.o)
                              ADAU_1701_LIB_STM32_F4/SigmaDSP.o (sinh)
c:/program files (x86)/stm32cubeide_1.4.0/stm32cubeide/plugins/com.st.stm32cube.ide.mcu.externaltools.gnu-tools-for-stm32.7-2018-q2-update.win32_1.4.0.202007081208/tools/bin/../lib/gcc/arm-none-eabi/7.3.1/../../../../arm-none-eabi/lib/thumb/v7-m\libm.a(lib_a-w_sqrt.o)
                              ADAU_1701_LIB_STM32_F4/SigmaDSP.o (sqrt)
c:/program files (x86)/stm32cubeide_1.4.0/stm32cubeide/plugins/com.st.stm32cube.ide.mcu.externaltools.gnu-tools-for-stm32.7-2018-q2-update.win32_1.4.0.202007081208/tools/bin/../lib/gcc/arm-none-eabi/7.3.1/../../../../arm-none-eabi/lib/thumb/v7-m\libm.a(lib_a-wf_pow.o)
                              ADAU_1701_LIB_STM32_F4/SigmaDSP.o (powf)
c:/program files (x86)/stm32cubeide_1.4.0/stm32cubeide/plugins/com.st.stm32cube.ide.mcu.externaltools.gnu-tools-for-stm32.7-2018-q2-update.win32_1.4.0.202007081208/tools/bin/../lib/gcc/arm-none-eabi/7.3.1/../../../../arm-none-eabi/lib/thumb/v7-m\libm.a(lib_a-wf_sqrt.o)
                              ADAU_1701_LIB_STM32_F4/SigmaDSP.o (sqrtf)
c:/program files (x86)/stm32cubeide_1.4.0/stm32cubeide/plugins/com.st.stm32cube.ide.mcu.externaltools.gnu-tools-for-stm32.7-2018-q2-update.win32_1.4.0.202007081208/tools/bin/../lib/gcc/arm-none-eabi/7.3.1/../../../../arm-none-eabi/lib/thumb/v7-m\libm.a(lib_a-e_log.o)
                              c:/program files (x86)/stm32cubeide_1.4.0/stm32cubeide/plugins/com.st.stm32cube.ide.mcu.externaltools.gnu-tools-for-stm32.7-2018-q2-update.win32_1.4.0.202007081208/tools/bin/../lib/gcc/arm-none-eabi/7.3.1/../../../../arm-none-eabi/lib/thumb/v7-m\libm.a(lib_a-w_log.o) (__ieee754_log)
c:/program files (x86)/stm32cubeide_1.4.0/stm32cubeide/plugins/com.st.stm32cube.ide.mcu.externaltools.gnu-tools-for-stm32.7-2018-q2-update.win32_1.4.0.202007081208/tools/bin/../lib/gcc/arm-none-eabi/7.3.1/../../../../arm-none-eabi/lib/thumb/v7-m\libm.a(lib_a-e_pow.o)
                              c:/program files (x86)/stm32cubeide_1.4.0/stm32cubeide/plugins/com.st.stm32cube.ide.mcu.externaltools.gnu-tools-for-stm32.7-2018-q2-update.win32_1.4.0.202007081208/tools/bin/../lib/gcc/arm-none-eabi/7.3.1/../../../../arm-none-eabi/lib/thumb/v7-m\libm.a(lib_a-w_pow.o) (__ieee754_pow)
c:/program files (x86)/stm32cubeide_1.4.0/stm32cubeide/plugins/com.st.stm32cube.ide.mcu.externaltools.gnu-tools-for-stm32.7-2018-q2-update.win32_1.4.0.202007081208/tools/bin/../lib/gcc/arm-none-eabi/7.3.1/../../../../arm-none-eabi/lib/thumb/v7-m\libm.a(lib_a-e_sinh.o)
                              c:/program files (x86)/stm32cubeide_1.4.0/stm32cubeide/plugins/com.st.stm32cube.ide.mcu.externaltools.gnu-tools-for-stm32.7-2018-q2-update.win32_1.4.0.202007081208/tools/bin/../lib/gcc/arm-none-eabi/7.3.1/../../../../arm-none-eabi/lib/thumb/v7-m\libm.a(lib_a-w_sinh.o) (__ieee754_sinh)
[...]
Memory Configuration

Name             Origin             Length             Attributes
RAM              0x0000000020000000 0x0000000000005000 xrw
FLASH            0x0000000008000000 0x0000000000010000 xr
*default*        0x0000000000000000 0xffffffffffffffff

Linker script and memory map

LOAD c:/program files (x86)/stm32cubeide_1.4.0/stm32cubeide/plugins/com.st.stm32cube.ide.mcu.externaltools.gnu-tools-for-stm32.7-2018-q2-update.win32_1.4.0.202007081208/tools/bin/../lib/gcc/arm-none-eabi/7.3.1/thumb/v7-m/crti.o
LOAD c:/program files (x86)/stm32cubeide_1.4.0/stm32cubeide/plugins/com.st.stm32cube.ide.mcu.externaltools.gnu-tools-for-stm32.7-2018-q2-update.win32_1.4.0.202007081208/tools/bin/../lib/gcc/arm-none-eabi/7.3.1/thumb/v7-m/crtbegin.o
LOAD c:/program files (x86)/stm32cubeide_1.4.0/stm32cubeide/plugins/com.st.stm32cube.ide.mcu.externaltools.gnu-tools-for-stm32.7-2018-q2-update.win32_1.4.0.202007081208/tools/bin/../lib/gcc/arm-none-eabi/7.3.1/../../../../arm-none-eabi/lib/thumb/v7-m/crt0.o
LOAD ADAU_1701_LIB_STM32_F4/DSPEEPROM.o
LOAD ADAU_1701_LIB_STM32_F4/SigmaDSP.o
LOAD Core/Src/Android.o
LOAD Core/Src/PowerManager.o
LOAD Core/Src/SerialReciver.o
LOAD Core/Src/main.o
LOAD Core/Src/stm32f1xx_hal_msp.o
LOAD Core/Src/stm32f1xx_it.o
LOAD Core/Src/syscalls.o
LOAD Core/Src/sysmem.o
LOAD Core/Src/system_stm32f1xx.o
LOAD Core/Startup/startup_stm32f103c8tx.o
LOAD Drivers/STM32F1xx_HAL_Driver/Src/stm32f1xx_hal.o
LOAD Drivers/STM32F1xx_HAL_Driver/Src/stm32f1xx_hal_cortex.o
LOAD Drivers/STM32F1xx_HAL_Driver/Src/stm32f1xx_hal_dma.o
LOAD Drivers/STM32F1xx_HAL_Driver/Src/stm32f1xx_hal_exti.o
LOAD Drivers/STM32F1xx_HAL_Driver/Src/stm32f1xx_hal_flash.o
LOAD Drivers/STM32F1xx_HAL_Driver/Src/stm32f1xx_hal_flash_ex.o
LOAD Drivers/STM32F1xx_HAL_Driver/Src/stm32f1xx_hal_gpio.o
LOAD Drivers/STM32F1xx_HAL_Driver/Src/stm32f1xx_hal_gpio_ex.o
LOAD Drivers/STM32F1xx_HAL_Driver/Src/stm32f1xx_hal_i2c.o
LOAD Drivers/STM32F1xx_HAL_Driver/Src/stm32f1xx_hal_pwr.o
LOAD Drivers/STM32F1xx_HAL_Driver/Src/stm32f1xx_hal_rcc.o
LOAD Drivers/STM32F1xx_HAL_Driver/Src/stm32f1xx_hal_rcc_ex.o
LOAD Drivers/STM32F1xx_HAL_Driver/Src/stm32f1xx_hal_tim.o
LOAD Drivers/STM32F1xx_HAL_Driver/Src/stm32f1xx_hal_tim_ex.o
LOAD Drivers/STM32F1xx_HAL_Driver/Src/stm32f1xx_hal_uart.o
LOAD MAZDA_CAR_RADIO_DSP_COMMAND_RECIVER/DspCommandReciver.o
LOAD MAZDA_EXT_CD_CHANGER_EMULATOR/ExtDeviceCommandReciver.o
LOAD SERIAL_LIB_STM32_F4/Serial.o
START GROUP
LOAD c:/program files (x86)/stm32cubeide_1.4.0/stm32cubeide/plugins/com.st.stm32cube.ide.mcu.externaltools.gnu-tools-for-stm32.7-2018-q2-update.win32_1.4.0.202007081208/tools/bin/../lib/gcc/arm-none-eabi/7.3.1/../../../../arm-none-eabi/lib/thumb/v7-m\libstdc++_nano.a
LOAD c:/program files (x86)/stm32cubeide_1.4.0/stm32cubeide/plugins/com.st.stm32cube.ide.mcu.externaltools.gnu-tools-for-stm32.7-2018-q2-update.win32_1.4.0.202007081208/tools/bin/../lib/gcc/arm-none-eabi/7.3.1/../../../../arm-none-eabi/lib/thumb/v7-m\libsupc++_nano.a
END GROUP
LOAD c:/program files (x86)/stm32cubeide_1.4.0/stm32cubeide/plugins/com.st.stm32cube.ide.mcu.externaltools.gnu-tools-for-stm32.7-2018-q2-update.win32_1.4.0.202007081208/tools/bin/../lib/gcc/arm-none-eabi/7.3.1/../../../../arm-none-eabi/lib/thumb/v7-m\libstdc++_nano.a
LOAD c:/program files (x86)/stm32cubeide_1.4.0/stm32cubeide/plugins/com.st.stm32cube.ide.mcu.externaltools.gnu-tools-for-stm32.7-2018-q2-update.win32_1.4.0.202007081208/tools/bin/../lib/gcc/arm-none-eabi/7.3.1/../../../../arm-none-eabi/lib/thumb/v7-m\libm.a
LOAD c:/program files (x86)/stm32cubeide_1.4.0/stm32cubeide/plugins/com.st.stm32cube.ide.mcu.externaltools.gnu-tools-for-stm32.7-2018-q2-update.win32_1.4.0.202007081208/tools/bin/../lib/gcc/arm-none-eabi/7.3.1/../../../../arm-none-eabi/lib/thumb/v7-m\libc_nano.a
START GROUP
LOAD c:/program files (x86)/stm32cubeide_1.4.0/stm32cubeide/plugins/com.st.stm32cube.ide.mcu.externaltools.gnu-tools-for-stm32.7-2018-q2-update.win32_1.4.0.202007081208/tools/bin/../lib/gcc/arm-none-eabi/7.3.1/thumb/v7-m\libgcc.a
LOAD c:/program files (x86)/stm32cubeide_1.4.0/stm32cubeide/plugins/com.st.stm32cube.ide.mcu.externaltools.gnu-tools-for-stm32.7-2018-q2-update.win32_1.4.0.202007081208/tools/bin/../lib/gcc/arm-none-eabi/7.3.1/../../../../arm-none-eabi/lib/thumb/v7-m\libc_nano.a
END GROUP
START GROUP
LOAD c:/program files (x86)/stm32cubeide_1.4.0/stm32cubeide/plugins/com.st.stm32cube.ide.mcu.externaltools.gnu-tools-for-stm32.7-2018-q2-update.win32_1.4.0.202007081208/tools/bin/../lib/gcc/arm-none-eabi/7.3.1/thumb/v7-m\libgcc.a
LOAD c:/program files (x86)/stm32cubeide_1.4.0/stm32cubeide/plugins/com.st.stm32cube.ide.mcu.externaltools.gnu-tools-for-stm32.7-2018-q2-update.win32_1.4.0.202007081208/tools/bin/../lib/gcc/arm-none-eabi/7.3.1/../../../../arm-none-eabi/lib/thumb/v7-m\libc_nano.a
LOAD c:/program files (x86)/stm32cubeide_1.4.0/stm32cubeide/plugins/com.st.stm32cube.ide.mcu.externaltools.gnu-tools-for-stm32.7-2018-q2-update.win32_1.4.0.202007081208/tools/bin/../lib/gcc/arm-none-eabi/7.3.1/../../../../arm-none-eabi/lib/thumb/v7-m\libnosys.a
END GROUP
START GROUP
LOAD c:/program files (x86)/stm32cubeide_1.4.0/stm32cubeide/plugins/com.st.stm32cube.ide.mcu.externaltools.gnu-tools-for-stm32.7-2018-q2-update.win32_1.4.0.202007081208/tools/bin/../lib/gcc/arm-none-eabi/7.3.1/thumb/v7-m\libgcc.a
LOAD c:/program files (x86)/stm32cubeide_1.4.0/stm32cubeide/plugins/com.st.stm32cube.ide.mcu.externaltools.gnu-tools-for-stm32.7-2018-q2-update.win32_1.4.0.202007081208/tools/bin/../lib/gcc/arm-none-eabi/7.3.1/../../../../arm-none-eabi/lib/thumb/v7-m\libc_nano.a
LOAD c:/program files (x86)/stm32cubeide_1.4.0/stm32cubeide/plugins/com.st.stm32cube.ide.mcu.externaltools.gnu-tools-for-stm32.7-2018-q2-update.win32_1.4.0.202007081208/tools/bin/../lib/gcc/arm-none-eabi/7.3.1/../../../../arm-none-eabi/lib/thumb/v7-m\libnosys.a
END GROUP
LOAD c:/program files (x86)/stm32cubeide_1.4.0/stm32cubeide/plugins/com.st.stm32cube.ide.mcu.externaltools.gnu-tools-for-stm32.7-2018-q2-update.win32_1.4.0.202007081208/tools/bin/../lib/gcc/arm-none-eabi/7.3.1/thumb/v7-m/crtend.o
LOAD c:/program files (x86)/stm32cubeide_1.4.0/stm32cubeide/plugins/com.st.stm32cube.ide.mcu.externaltools.gnu-tools-for-stm32.7-2018-q2-update.win32_1.4.0.202007081208/tools/bin/../lib/gcc/arm-none-eabi/7.3.1/thumb/v7-m/crtn.o
                0x0000000020005000                _estack = (ORIGIN (RAM) + LENGTH (RAM))
                0x0000000000000200                _Min_Heap_Size = 0x200
                0x0000000000000400                _Min_Stack_Size = 0x400

.isr_vector     0x0000000008000000      0x10c
                0x0000000008000000                . = ALIGN (0x4)
 *(.isr_vector)
 .isr_vector    0x0000000008000000      0x10c Core/Startup/startup_stm32f103c8tx.o
                0x0000000008000000                g_pfnVectors
                0x000000000800010c                . = ALIGN (0x4)

.text           0x0000000008000110     0xafec
                0x0000000008000110                . = ALIGN (0x4)
 *(.text)
 .text          0x0000000008000110       0x40 c:/program files (x86)/stm32cubeide_1.4.0/stm32cubeide/plugins/com.st.stm32cube.ide.mcu.externaltools.gnu-tools-for-stm32.7-2018-q2-update.win32_1.4.0.202007081208/tools/bin/../lib/gcc/arm-none-eabi/7.3.1/thumb/v7-m/crtbegin.o
 .text          0x0000000008000150       0x10 c:/program files (x86)/stm32cubeide_1.4.0/stm32cubeide/plugins/com.st.stm32cube.ide.mcu.externaltools.gnu-tools-for-stm32.7-2018-q2-update.win32_1.4.0.202007081208/tools/bin/../lib/gcc/arm-none-eabi/7.3.1/../../../../arm-none-eabi/lib/thumb/v7-m\libc_nano.a(lib_a-strlen.o)
                0x0000000008000150                strlen
 .text          0x0000000008000160      0x378 c:/program files (x86)/stm32cubeide_1.4.0/stm32cubeide/plugins/com.st.stm32cube.ide.mcu.externaltools.gnu-tools-for-stm32.7-2018-q2-update.win32_1.4.0.202007081208/tools/bin/../lib/gcc/arm-none-eabi/7.3.1/thumb/v7-m\libgcc.a(_arm_addsubdf3.o)
                0x0000000008000160                __aeabi_drsub
                0x0000000008000168                __aeabi_dsub
                0x0000000008000168                __subdf3
                0x000000000800016c                __aeabi_dadd
                0x000000000800016c                __adddf3
                0x00000000080003e4                __floatunsidf
                0x00000000080003e4                __aeabi_ui2d
                0x0000000008000404                __floatsidf
                0x0000000008000404                __aeabi_i2d
                0x0000000008000428                __aeabi_f2d
                0x0000000008000428                __extendsfdf2
                0x000000000800046c                __floatundidf
                0x000000000800046c                __aeabi_ul2d
                0x000000000800047c                __floatdidf
                0x000000000800047c                __aeabi_l2d
 .text          0x00000000080004d8      0x424 c:/program files (x86)/stm32cubeide_1.4.0/stm32cubeide/plugins/com.st.stm32cube.ide.mcu.externaltools.gnu-tools-for-stm32.7-2018-q2-update.win32_1.4.0.202007081208/tools/bin/../lib/gcc/arm-none-eabi/7.3.1/thumb/v7-m\libgcc.a(_arm_muldivdf3.o)
                0x00000000080004d8                __aeabi_dmul
                0x00000000080004d8                __muldf3
                0x000000000800072c                __divdf3
                0x000000000800072c                __aeabi_ddiv
 .text          0x00000000080008fc      0x110 c:/program files (x86)/stm32cubeide_1.4.0/stm32cubeide/plugins/com.st.stm32cube.ide.mcu.externaltools.gnu-tools-for-stm32.7-2018-q2-update.win32_1.4.0.202007081208/tools/bin/../lib/gcc/arm-none-eabi/7.3.1/thumb/v7-m\libgcc.a(_arm_cmpdf2.o)
                0x00000000080008fc                __gtdf2
                0x00000000080008fc                __gedf2
                0x0000000008000904                __ltdf2
                0x0000000008000904                __ledf2
                0x000000000800090c                __nedf2
                0x000000000800090c                __eqdf2
                0x000000000800090c                __cmpdf2
                0x0000000008000988                __aeabi_cdrcmple
                0x0000000008000998                __aeabi_cdcmpeq
                0x0000000008000998                __aeabi_cdcmple
                0x00000000080009a8                __aeabi_dcmpeq
                0x00000000080009bc                __aeabi_dcmplt
                0x00000000080009d0                __aeabi_dcmple
                0x00000000080009e4                __aeabi_dcmpge
                0x00000000080009f8                __aeabi_dcmpgt
 .text          0x0000000008000a0c       0x2c c:/program files (x86)/stm32cubeide_1.4.0/stm32cubeide/plugins/com.st.stm32cube.ide.mcu.externaltools.gnu-tools-for-stm32.7-2018-q2-update.win32_1.4.0.202007081208/tools/bin/../lib/gcc/arm-none-eabi/7.3.1/thumb/v7-m\libgcc.a(_arm_unorddf2.o)
                0x0000000008000a0c                __unorddf2
                0x0000000008000a0c                __aeabi_dcmpun
 .text          0x0000000008000a38       0x50 c:/program files (x86)/stm32cubeide_1.4.0/stm32cubeide/plugins/com.st.stm32cube.ide.mcu.externaltools.gnu-tools-for-stm32.7-2018-q2-update.win32_1.4.0.202007081208/tools/bin/../lib/gcc/arm-none-eabi/7.3.1/thumb/v7-m\libgcc.a(_arm_fixdfsi.o)
                0x0000000008000a38                __aeabi_d2iz
                0x0000000008000a38                __fixdfsi
 .text          0x0000000008000a88       0x40 c:/program files (x86)/stm32cubeide_1.4.0/stm32cubeide/plugins/com.st.stm32cube.ide.mcu.externaltools.gnu-tools-for-stm32.7-2018-q2-update.win32_1.4.0.202007081208/tools/bin/../lib/gcc/arm-none-eabi/7.3.1/thumb/v7-m\libgcc.a(_arm_fixunsdfsi.o)
                0x0000000008000a88                __aeabi_d2uiz
                0x0000000008000a88                __fixunsdfsi
 .text          0x0000000008000ac8       0xa0 c:/program files (x86)/stm32cubeide_1.4.0/stm32cubeide/plugins/com.st.stm32cube.ide.mcu.externaltools.gnu-tools-for-stm32.7-2018-q2-update.win32_1.4.0.202007081208/tools/bin/../lib/gcc/arm-none-eabi/7.3.1/thumb/v7-m\libgcc.a(_arm_truncdfsf2.o)
                0x0000000008000ac8                __truncdfsf2
                0x0000000008000ac8                __aeabi_d2f
 .text          0x0000000008000b68      0x21c c:/program files (x86)/stm32cubeide_1.4.0/stm32cubeide/plugins/com.st.stm32cube.ide.mcu.externaltools.gnu-tools-for-stm32.7-2018-q2-update.win32_1.4.0.202007081208/tools/bin/../lib/gcc/arm-none-eabi/7.3.1/thumb/v7-m\libgcc.a(_arm_addsubsf3.o)
                0x0000000008000b68                __aeabi_frsub
                0x0000000008000b70                __subsf3
                0x0000000008000b70                __aeabi_fsub
                0x0000000008000b74                __aeabi_fadd
                0x0000000008000b74                __addsf3
                0x0000000008000cd4                __aeabi_ui2f
                0x0000000008000cd4                __floatunsisf
                0x0000000008000cdc                __aeabi_i2f
                0x0000000008000cdc                __floatsisf
                0x0000000008000cf8                __aeabi_ul2f
                0x0000000008000cf8                __floatundisf
                0x0000000008000d08                __aeabi_l2f
                0x0000000008000d08                __floatdisf
 .text          0x0000000008000d84      0x2a0 c:/program files (x86)/stm32cubeide_1.4.0/stm32cubeide/plugins/com.st.stm32cube.ide.mcu.externaltools.gnu-tools-for-stm32.7-2018-q2-update.win32_1.4.0.202007081208/tools/bin/../lib/gcc/arm-none-eabi/7.3.1/thumb/v7-m\libgcc.a(_arm_muldivsf3.o)
                0x0000000008000d84                __mulsf3
                0x0000000008000d84                __aeabi_fmul
                0x0000000008000eec                __aeabi_fdiv
                0x0000000008000eec                __divsf3
 .text          0x0000000008001024       0xec c:/program files (x86)/stm32cubeide_1.4.0/stm32cubeide/plugins/com.st.stm32cube.ide.mcu.externaltools.gnu-tools-for-stm32.7-2018-q2-update.win32_1.4.0.202007081208/tools/bin/../lib/gcc/arm-none-eabi/7.3.1/thumb/v7-m\libgcc.a(_arm_cmpsf2.o)
                0x0000000008001024                __gesf2
                0x0000000008001024                __gtsf2
                0x000000000800102c                __lesf2
                0x000000000800102c                __ltsf2
                0x0000000008001034                __nesf2
                0x0000000008001034                __eqsf2
                0x0000000008001034                __cmpsf2
                0x0000000008001094                __aeabi_cfrcmple
                0x000000000800109c                __aeabi_cfcmpeq
                0x000000000800109c                __aeabi_cfcmple
                0x00000000080010ac                __aeabi_fcmpeq
                0x00000000080010c0                __aeabi_fcmplt
                0x00000000080010d4                __aeabi_fcmple
                0x00000000080010e8                __aeabi_fcmpge
                0x00000000080010fc                __aeabi_fcmpgt
 .text          0x0000000008001110       0x2c c:/program files (x86)/stm32cubeide_1.4.0/stm32cubeide/plugins/com.st.stm32cube.ide.mcu.externaltools.gnu-tools-for-stm32.7-2018-q2-update.win32_1.4.0.202007081208/tools/bin/../lib/gcc/arm-none-eabi/7.3.1/thumb/v7-m\libgcc.a(_arm_unordsf2.o)
                0x0000000008001110                __unordsf2
                0x0000000008001110                __aeabi_fcmpun
 .text          0x000000000800113c       0x4c c:/program files (x86)/stm32cubeide_1.4.0/stm32cubeide/plugins/com.st.stm32cube.ide.mcu.externaltools.gnu-tools-for-stm32.7-2018-q2-update.win32_1.4.0.202007081208/tools/bin/../lib/gcc/arm-none-eabi/7.3.1/thumb/v7-m\libgcc.a(_arm_fixsfsi.o)
                0x000000000800113c                __aeabi_f2iz
                0x000000000800113c                __fixsfsi
 *(.text*)
 .text._ZN8SigmaDSPC2EP17I2C_HandleTypeDefhhP12GPIO_TypeDeftP20__UART_HandleTypeDef
                0x0000000008001188       0x46 ADAU_1701_LIB_STM32_F4/SigmaDSP.o
                0x0000000008001188                SigmaDSP::SigmaDSP(I2C_HandleTypeDef*, unsigned char, unsigned char, GPIO_TypeDef*, unsigned short, __UART_HandleTypeDef*)
                0x0000000008001188                SigmaDSP::SigmaDSP(I2C_HandleTypeDef*, unsigned char, unsigned char, GPIO_TypeDef*, unsigned short, __UART_HandleTypeDef*)
 *fill*         0x00000000080011ce        0x2 
 .text._ZN8SigmaDSP5resetEv
                0x00000000080011d0       0x48 ADAU_1701_LIB_STM32_F4/SigmaDSP.o
                0x00000000080011d0                SigmaDSP::reset()
 .text._ZN8SigmaDSP4pingEv
                0x0000000008001218       0xcc ADAU_1701_LIB_STM32_F4/SigmaDSP.o
                0x0000000008001218                SigmaDSP::ping()
 .text._ZN8SigmaDSP4muteEtbh
                0x00000000080012e4       0x70 ADAU_1701_LIB_STM32_F4/SigmaDSP.o
                0x00000000080012e4                SigmaDSP::mute(unsigned short, bool, unsigned char)
 .text._ZN8SigmaDSP14twoChannelGainEtii
                0x0000000008001354       0x74 ADAU_1701_LIB_STM32_F4/SigmaDSP.o
                0x0000000008001354                SigmaDSP::twoChannelGain(unsigned short, int, int)
 .text._ZN8SigmaDSP22safeload_writeRegisterEtPhb
                0x00000000080013c8       0x98 ADAU_1701_LIB_STM32_F4/SigmaDSP.o
                0x00000000080013c8                SigmaDSP::safeload_writeRegister(unsigned short, unsigned char*, bool)
 .text._ZN8SigmaDSP22safeload_writeRegisterEtlb
                0x0000000008001460       0x38 ADAU_1701_LIB_STM32_F4/SigmaDSP.o
                0x0000000008001460                SigmaDSP::safeload_writeRegister(unsigned short, long, bool)
 .text._ZN8SigmaDSP22safeload_writeRegisterEtfb
                0x0000000008001498       0x38 ADAU_1701_LIB_STM32_F4/SigmaDSP.o
                0x0000000008001498                SigmaDSP::safeload_writeRegister(unsigned short, float, bool)
 .text._ZN8SigmaDSP13writeRegisterEthPKh
                0x00000000080014d0       0xc8 ADAU_1701_LIB_STM32_F4/SigmaDSP.o
                0x00000000080014d0                SigmaDSP::writeRegister(unsigned short, unsigned char, unsigned char const*)
 .text._ZN8SigmaDSP12floatToFixedEfPh
                0x0000000008001598       0x5e ADAU_1701_LIB_STM32_F4/SigmaDSP.o
                0x0000000008001598                SigmaDSP::floatToFixed(float, unsigned char*)
 .text._ZN8SigmaDSP10intToFixedElPh
                0x00000000080015f6       0x4a ADAU_1701_LIB_STM32_F4/SigmaDSP.o
                0x00000000080015f6                SigmaDSP::intToFixed(long, unsigned char*)
 .text._ZN7AndroidC2EP20__UART_HandleTypeDefS1_
                0x0000000008001640       0x3e Core/Src/Android.o
                0x0000000008001640                Android::Android(__UART_HandleTypeDef*, __UART_HandleTypeDef*)
                0x0000000008001640                Android::Android(__UART_HandleTypeDef*, __UART_HandleTypeDef*)
 .text._ZN7Android7connectEv
                0x000000000800167e       0x7e Core/Src/Android.o
                0x000000000800167e                Android::connect()
 .text._ZN7Android11isConnectedEv
                0x00000000080016fc       0x20 Core/Src/Android.o
                0x00000000080016fc                Android::isConnected()
 .text._ZN7Android13processComandEPc
                0x000000000800171c       0x80 Core/Src/Android.o
                0x000000000800171c                Android::processComand(char*)
 .text._ZN7Android4pingEv
                0x000000000800179c       0x40 Core/Src/Android.o
                0x000000000800179c                Android::ping()
 .text._ZN7Android7tryPongEv
                0x00000000080017dc       0x26 Core/Src/Android.o
                0x00000000080017dc                Android::tryPong()
 *fill*         0x0000000008001802        0x2 
 .text._ZN7Android4playEv
                0x0000000008001804       0x50 Core/Src/Android.o
                0x0000000008001804                Android::play()
 .text._ZN7Android4stopEv
                0x0000000008001854       0x50 Core/Src/Android.o
                0x0000000008001854                Android::stop()
 .text._ZN7Android4nextEv
                0x00000000080018a4       0x48 Core/Src/Android.o
                0x00000000080018a4                Android::next()
 .text._ZN7Android4prevEv
                0x00000000080018ec       0x48 Core/Src/Android.o
                0x00000000080018ec                Android::prev()
 .text._ZN7Android8shutdownEv
                0x0000000008001934       0x48 Core/Src/Android.o
                0x0000000008001934                Android::shutdown()
 .text._ZN12PowerManagerC2EP12GPIO_TypeDeftS1_tP20__UART_HandleTypeDefPFvvES5_S5_S5_
                0x000000000800197c       0x72 Core/Src/PowerManager.o
                0x000000000800197c                PowerManager::PowerManager(GPIO_TypeDef*, unsigned short, GPIO_TypeDef*, unsigned short, __UART_HandleTypeDef*, void (*)(), void (*)(), void (*)(), void (*)())
                0x000000000800197c                PowerManager::PowerManager(GPIO_TypeDef*, unsigned short, GPIO_TypeDef*, unsigned short, __UART_HandleTypeDef*, void (*)(), void (*)(), void (*)(), void (*)())
 *fill*         0x00000000080019ee        0x2 
 .text._ZN12PowerManager15powerProcessingEv
                0x00000000080019f0      0x13c Core/Src/PowerManager.o
                0x00000000080019f0                PowerManager::powerProcessing()
 .text._ZN12PowerManager8checkAccEv
                0x0000000008001b2c       0x22 Core/Src/PowerManager.o
                0x0000000008001b2c                PowerManager::checkAcc()
 *fill*         0x0000000008001b4e        0x2 
 .text._ZN12PowerManager11changeStateENS_10PowerStateE
                0x0000000008001b50       0xbc Core/Src/PowerManager.o
                0x0000000008001b50                PowerManager::changeState(PowerManager::PowerState)
 .text._ZN12PowerManager7uartLogEPc
                0x0000000008001c0c       0x50 Core/Src/PowerManager.o
                0x0000000008001c0c                PowerManager::uartLog(char*)
 .text._ZN13SerialReciverC2EP20__UART_HandleTypeDef
                0x0000000008001c5c       0x32 Core/Src/SerialReciver.o
                0x0000000008001c5c                SerialReciver::SerialReciver(__UART_HandleTypeDef*)
                0x0000000008001c5c                SerialReciver::SerialReciver(__UART_HandleTypeDef*)
 .text._ZN13SerialReciver7getDataEPc
                0x0000000008001c8e       0x98 Core/Src/SerialReciver.o
                0x0000000008001c8e                SerialReciver::getData(char*)
 .text._ZN13SerialReciver22reciveInterruptHandlerEv
                0x0000000008001d26       0x72 Core/Src/SerialReciver.o
                0x0000000008001d26                SerialReciver::reciveInterruptHandler()
 .text.__NVIC_ClearPendingIRQ
                0x0000000008001d98       0x40 Core/Src/main.o
 .text.__NVIC_SystemReset
                0x0000000008001dd8       0x28 Core/Src/main.o
 .text.main     0x0000000008001e00      0x108 Core/Src/main.o
                0x0000000008001e00                main
 .text._Z18SystemClock_Configv
                0x0000000008001f08       0x9e Core/Src/main.o
                0x0000000008001f08                SystemClock_Config()
 .text._ZL12MX_NVIC_Initv
                0x0000000008001fa6       0x48 Core/Src/main.o
 *fill*         0x0000000008001fee        0x2 
 .text._ZL12MX_I2C2_Initv
                0x0000000008001ff0       0x68 Core/Src/main.o
 .text._ZL12MX_TIM1_Initv
                0x0000000008002058       0xc0 Core/Src/main.o
 .text._ZL12MX_TIM4_Initv
                0x0000000008002118       0xbc Core/Src/main.o
 .text._ZL19MX_USART1_UART_Initv
                0x00000000080021d4       0x5c Core/Src/main.o
 .text._ZL19MX_USART2_UART_Initv
                0x0000000008002230       0x5c Core/Src/main.o
 .text._ZL12MX_GPIO_Initv
                0x000000000800228c      0x198 Core/Src/main.o
 .text.clearPendingInterrupt
                0x0000000008002424       0x28 Core/Src/main.o
                0x0000000008002424                clearPendingInterrupt
 .text.dataRequestInterrupt
                0x000000000800244c       0x24 Core/Src/main.o
                0x000000000800244c                dataRequestInterrupt
 .text.mBusRequestInterrupt
                0x0000000008002470       0x3c Core/Src/main.o
                0x0000000008002470                mBusRequestInterrupt
 .text.timeProcessing
                0x00000000080024ac       0x88 Core/Src/main.o
                0x00000000080024ac                timeProcessing
 .text.volumeProcessing
                0x0000000008002534      0x158 Core/Src/main.o
                0x0000000008002534                volumeProcessing
 .text.amplifierProcessing
                0x000000000800268c       0xa8 Core/Src/main.o
                0x000000000800268c                amplifierProcessing
 .text.monitorProcessing
                0x0000000008002734       0x84 Core/Src/main.o
                0x0000000008002734                monitorProcessing
 .text.accOn    0x00000000080027b8       0x2c Core/Src/main.o
                0x00000000080027b8                accOn
 .text.accOff   0x00000000080027e4       0x28 Core/Src/main.o
                0x00000000080027e4                accOff
 .text.waitOff  0x000000000800280c       0x14 Core/Src/main.o
                0x000000000800280c                waitOff
 .text.off      0x0000000008002820       0x18 Core/Src/main.o
                0x0000000008002820                off
 .text.playTrack
                0x0000000008002838       0x14 Core/Src/main.o
                0x0000000008002838                playTrack
 .text.stopTrack
                0x000000000800284c       0x14 Core/Src/main.o
                0x000000000800284c                stopTrack
 .text.nextTrack
                0x0000000008002860       0x14 Core/Src/main.o
                0x0000000008002860                nextTrack
 .text.prevTrack
                0x0000000008002874       0x14 Core/Src/main.o
                0x0000000008002874                prevTrack
 .text.clearTmp
                0x0000000008002888       0x30 Core/Src/main.o
                0x0000000008002888                clearTmp
 .text.uartRequestInterrupt
                0x00000000080028b8       0x20 Core/Src/main.o
                0x00000000080028b8                uartRequestInterrupt
 .text.resetAdauCmd
                0x00000000080028d8       0x34 Core/Src/main.o
                0x00000000080028d8                resetAdauCmd
 .text.cmdInfoToSerial
                0x000000000800290c       0x74 Core/Src/main.o
                0x000000000800290c                cmdInfoToSerial
 .text.muteProcessing
                0x0000000008002980       0x84 Core/Src/main.o
                0x0000000008002980                muteProcessing
 .text.muteRadioFunc
                0x0000000008002a04       0x84 Core/Src/main.o
                0x0000000008002a04                muteRadioFunc
 .text.muteAndroidFunc
                0x0000000008002a88       0x84 Core/Src/main.o
                0x0000000008002a88                muteAndroidFunc
 .text.Error_Handler
                0x0000000008002b0c        0xc Core/Src/main.o
                0x0000000008002b0c                Error_Handler
 .text._Z41__static_initialization_and_destruction_0ii
                0x0000000008002b18      0x104 Core/Src/main.o
 .text._GLOBAL__sub_I_hi2c2
                0x0000000008002c1c       0x10 Core/Src/main.o
 .text.HAL_MspInit
                0x0000000008002c2c       0x64 Core/Src/stm32f1xx_hal_msp.o
                0x0000000008002c2c                HAL_MspInit
 .text.HAL_I2C_MspInit
                0x0000000008002c90       0x80 Core/Src/stm32f1xx_hal_msp.o
                0x0000000008002c90                HAL_I2C_MspInit
 .text.HAL_I2C_MspDeInit
                0x0000000008002d10       0x48 Core/Src/stm32f1xx_hal_msp.o
                0x0000000008002d10                HAL_I2C_MspDeInit
 .text.HAL_TIM_Base_MspInit
                0x0000000008002d58       0x64 Core/Src/stm32f1xx_hal_msp.o
                0x0000000008002d58                HAL_TIM_Base_MspInit
 .text.HAL_UART_MspInit
                0x0000000008002dbc      0x108 Core/Src/stm32f1xx_hal_msp.o
                0x0000000008002dbc                HAL_UART_MspInit
 .text.NMI_Handler
                0x0000000008002ec4        0xc Core/Src/stm32f1xx_it.o
                0x0000000008002ec4                NMI_Handler
 .text.HardFault_Handler
                0x0000000008002ed0        0x6 Core/Src/stm32f1xx_it.o
                0x0000000008002ed0                HardFault_Handler
 .text.MemManage_Handler
                0x0000000008002ed6        0x6 Core/Src/stm32f1xx_it.o
                0x0000000008002ed6                MemManage_Handler
 .text.BusFault_Handler
                0x0000000008002edc        0x6 Core/Src/stm32f1xx_it.o
                0x0000000008002edc                BusFault_Handler
 .text.UsageFault_Handler
                0x0000000008002ee2        0x6 Core/Src/stm32f1xx_it.o
                0x0000000008002ee2                UsageFault_Handler
 .text.SVC_Handler
                0x0000000008002ee8        0xc Core/Src/stm32f1xx_it.o
                0x0000000008002ee8                SVC_Handler
 .text.DebugMon_Handler
                0x0000000008002ef4        0xc Core/Src/stm32f1xx_it.o
                0x0000000008002ef4                DebugMon_Handler
 .text.PendSV_Handler
                0x0000000008002f00        0xc Core/Src/stm32f1xx_it.o
                0x0000000008002f00                PendSV_Handler
 .text.SysTick_Handler
                0x0000000008002f0c        0xc Core/Src/stm32f1xx_it.o
                0x0000000008002f0c                SysTick_Handler
 .text.EXTI0_IRQHandler
                0x0000000008002f18       0x12 Core/Src/stm32f1xx_it.o
                0x0000000008002f18                EXTI0_IRQHandler
 .text.EXTI9_5_IRQHandler
                0x0000000008002f2a       0x12 Core/Src/stm32f1xx_it.o
                0x0000000008002f2a                EXTI9_5_IRQHandler
 .text.USART1_IRQHandler
                0x0000000008002f3c       0x14 Core/Src/stm32f1xx_it.o
                0x0000000008002f3c                USART1_IRQHandler
 .text.USART2_IRQHandler
                0x0000000008002f50        0xc Core/Src/stm32f1xx_it.o
                0x0000000008002f50                USART2_IRQHandler
 .text._sbrk    0x0000000008002f5c       0x6c Core/Src/sysmem.o
                0x0000000008002f5c                _sbrk
 .text.SystemInit
                0x0000000008002fc8        0xc Core/Src/system_stm32f1xx.o
                0x0000000008002fc8                SystemInit
 .text.Reset_Handler
                0x0000000008002fd4       0x48 Core/Startup/startup_stm32f103c8tx.o
                0x0000000008002fd4                Reset_Handler
 .text.Default_Handler
                0x000000000800301c        0x2 Core/Startup/startup_stm32f103c8tx.o
                0x000000000800301c                RTC_Alarm_IRQHandler
                0x000000000800301c                EXTI2_IRQHandler
                0x000000000800301c                TIM1_CC_IRQHandler
                0x000000000800301c                PVD_IRQHandler
                0x000000000800301c                EXTI3_IRQHandler
                0x000000000800301c                I2C2_EV_IRQHandler
                0x000000000800301c                ADC1_2_IRQHandler
                0x000000000800301c                SPI1_IRQHandler
                0x000000000800301c                TAMPER_IRQHandler
                0x000000000800301c                DMA1_Channel4_IRQHandler
                0x000000000800301c                USART3_IRQHandler
                0x000000000800301c                RTC_IRQHandler
                0x000000000800301c                DMA1_Channel7_IRQHandler
                0x000000000800301c                CAN1_RX1_IRQHandler
                0x000000000800301c                TIM4_IRQHandler
                0x000000000800301c                I2C1_EV_IRQHandler
                0x000000000800301c                DMA1_Channel6_IRQHandler
                0x000000000800301c                TIM3_IRQHandler
                0x000000000800301c                RCC_IRQHandler
                0x000000000800301c                TIM1_TRG_COM_IRQHandler
                0x000000000800301c                DMA1_Channel1_IRQHandler
                0x000000000800301c                Default_Handler
                0x000000000800301c                EXTI15_10_IRQHandler
                0x000000000800301c                SPI2_IRQHandler
                0x000000000800301c                DMA1_Channel5_IRQHandler
                0x000000000800301c                EXTI4_IRQHandler
                0x000000000800301c                USB_LP_CAN1_RX0_IRQHandler
                0x000000000800301c                USB_HP_CAN1_TX_IRQHandler
                0x000000000800301c                DMA1_Channel3_IRQHandler
                0x000000000800301c                TIM1_UP_IRQHandler
                0x000000000800301c                WWDG_IRQHandler
                0x000000000800301c                TIM2_IRQHandler
                0x000000000800301c                TIM1_BRK_IRQHandler
                0x000000000800301c                EXTI1_IRQHandler
                0x000000000800301c                I2C2_ER_IRQHandler
                0x000000000800301c                DMA1_Channel2_IRQHandler
                0x000000000800301c                CAN1_SCE_IRQHandler
                0x000000000800301c                FLASH_IRQHandler
                0x000000000800301c                I2C1_ER_IRQHandler
                0x000000000800301c                USBWakeUp_IRQHandler
 *fill*         0x000000000800301e        0x2 
 .text.HAL_Init
                0x0000000008003020       0x2c Drivers/STM32F1xx_HAL_Driver/Src/stm32f1xx_hal.o
                0x0000000008003020                HAL_Init
 .text.HAL_InitTick
                0x000000000800304c       0x60 Drivers/STM32F1xx_HAL_Driver/Src/stm32f1xx_hal.o
                0x000000000800304c                HAL_InitTick
 .text.HAL_IncTick
                0x00000000080030ac       0x24 Drivers/STM32F1xx_HAL_Driver/Src/stm32f1xx_hal.o
                0x00000000080030ac                HAL_IncTick
 .text.HAL_GetTick
                0x00000000080030d0       0x14 Drivers/STM32F1xx_HAL_Driver/Src/stm32f1xx_hal.o
                0x00000000080030d0                HAL_GetTick
 .text.HAL_Delay
                0x00000000080030e4       0x44 Drivers/STM32F1xx_HAL_Driver/Src/stm32f1xx_hal.o
                0x00000000080030e4                HAL_Delay
 .text.__NVIC_SetPriorityGrouping
                0x0000000008003128       0x48 Drivers/STM32F1xx_HAL_Driver/Src/stm32f1xx_hal_cortex.o
 .text.__NVIC_GetPriorityGrouping
                0x0000000008003170       0x1c Drivers/STM32F1xx_HAL_Driver/Src/stm32f1xx_hal_cortex.o
 .text.__NVIC_EnableIRQ
                0x000000000800318c       0x38 Drivers/STM32F1xx_HAL_Driver/Src/stm32f1xx_hal_cortex.o
 .text.__NVIC_DisableIRQ
                0x00000000080031c4       0x44 Drivers/STM32F1xx_HAL_Driver/Src/stm32f1xx_hal_cortex.o
 .text.__NVIC_SetPriority
                0x0000000008003208       0x54 Drivers/STM32F1xx_HAL_Driver/Src/stm32f1xx_hal_cortex.o
 .text.NVIC_EncodePriority
                0x000000000800325c       0x64 Drivers/STM32F1xx_HAL_Driver/Src/stm32f1xx_hal_cortex.o
 .text.SysTick_Config
                0x00000000080032c0       0x44 Drivers/STM32F1xx_HAL_Driver/Src/stm32f1xx_hal_cortex.o
 .text.HAL_NVIC_SetPriorityGrouping
                0x0000000008003304       0x16 Drivers/STM32F1xx_HAL_Driver/Src/stm32f1xx_hal_cortex.o
                0x0000000008003304                HAL_NVIC_SetPriorityGrouping
 .text.HAL_NVIC_SetPriority
                0x000000000800331a       0x38 Drivers/STM32F1xx_HAL_Driver/Src/stm32f1xx_hal_cortex.o
                0x000000000800331a                HAL_NVIC_SetPriority
 .text.HAL_NVIC_EnableIRQ
                0x0000000008003352       0x1c Drivers/STM32F1xx_HAL_Driver/Src/stm32f1xx_hal_cortex.o
                0x0000000008003352                HAL_NVIC_EnableIRQ
 .text.HAL_NVIC_DisableIRQ
                0x000000000800336e       0x1c Drivers/STM32F1xx_HAL_Driver/Src/stm32f1xx_hal_cortex.o
                0x000000000800336e                HAL_NVIC_DisableIRQ
 .text.HAL_SYSTICK_Config
                0x000000000800338a       0x18 Drivers/STM32F1xx_HAL_Driver/Src/stm32f1xx_hal_cortex.o
                0x000000000800338a                HAL_SYSTICK_Config
 *fill*         0x00000000080033a2        0x2 
 .text.HAL_DMA_Abort_IT
                0x00000000080033a4       0xec Drivers/STM32F1xx_HAL_Driver/Src/stm32f1xx_hal_dma.o
                0x00000000080033a4                HAL_DMA_Abort_IT
 .text.HAL_GPIO_Init
                0x0000000008003490      0x2b4 Drivers/STM32F1xx_HAL_Driver/Src/stm32f1xx_hal_gpio.o
                0x0000000008003490                HAL_GPIO_Init
 .text.HAL_GPIO_DeInit
                0x0000000008003744      0x178 Drivers/STM32F1xx_HAL_Driver/Src/stm32f1xx_hal_gpio.o
                0x0000000008003744                HAL_GPIO_DeInit
 .text.HAL_GPIO_ReadPin
                0x00000000080038bc       0x2e Drivers/STM32F1xx_HAL_Driver/Src/stm32f1xx_hal_gpio.o
                0x00000000080038bc                HAL_GPIO_ReadPin
 .text.HAL_GPIO_WritePin
                0x00000000080038ea       0x30 Drivers/STM32F1xx_HAL_Driver/Src/stm32f1xx_hal_gpio.o
                0x00000000080038ea                HAL_GPIO_WritePin
 .text.HAL_GPIO_TogglePin
                0x000000000800391a       0x32 Drivers/STM32F1xx_HAL_Driver/Src/stm32f1xx_hal_gpio.o
                0x000000000800391a                HAL_GPIO_TogglePin
 .text.HAL_GPIO_EXTI_IRQHandler
                0x000000000800394c       0x30 Drivers/STM32F1xx_HAL_Driver/Src/stm32f1xx_hal_gpio.o
                0x000000000800394c                HAL_GPIO_EXTI_IRQHandler
 .text.HAL_GPIO_EXTI_Callback
                0x000000000800397c       0x14 Drivers/STM32F1xx_HAL_Driver/Src/stm32f1xx_hal_gpio.o
                0x000000000800397c                HAL_GPIO_EXTI_Callback
 .text.HAL_I2C_Init
                0x0000000008003990      0x270 Drivers/STM32F1xx_HAL_Driver/Src/stm32f1xx_hal_i2c.o
                0x0000000008003990                HAL_I2C_Init
 .text.HAL_I2C_DeInit
                0x0000000008003c00       0x5e Drivers/STM32F1xx_HAL_Driver/Src/stm32f1xx_hal_i2c.o
                0x0000000008003c00                HAL_I2C_DeInit
 *fill*         0x0000000008003c5e        0x2 
 .text.HAL_I2C_Master_Transmit
                0x0000000008003c60      0x1fc Drivers/STM32F1xx_HAL_Driver/Src/stm32f1xx_hal_i2c.o
                0x0000000008003c60                HAL_I2C_Master_Transmit
 .text.I2C_MasterRequestWrite
                0x0000000008003e5c      0x104 Drivers/STM32F1xx_HAL_Driver/Src/stm32f1xx_hal_i2c.o
 .text.I2C_WaitOnFlagUntilTimeout
                0x0000000008003f60       0xae Drivers/STM32F1xx_HAL_Driver/Src/stm32f1xx_hal_i2c.o
 .text.I2C_WaitOnMasterAddressFlagUntilTimeout
                0x000000000800400e       0xfe Drivers/STM32F1xx_HAL_Driver/Src/stm32f1xx_hal_i2c.o
 .text.I2C_WaitOnTXEFlagUntilTimeout
                0x000000000800410c       0x82 Drivers/STM32F1xx_HAL_Driver/Src/stm32f1xx_hal_i2c.o
 .text.I2C_WaitOnBTFFlagUntilTimeout
                0x000000000800418e       0x82 Drivers/STM32F1xx_HAL_Driver/Src/stm32f1xx_hal_i2c.o
 .text.I2C_IsAcknowledgeFailed
                0x0000000008004210       0x5c Drivers/STM32F1xx_HAL_Driver/Src/stm32f1xx_hal_i2c.o
 .text.HAL_RCC_OscConfig
                0x000000000800426c      0x500 Drivers/STM32F1xx_HAL_Driver/Src/stm32f1xx_hal_rcc.o
                0x000000000800426c                HAL_RCC_OscConfig
 .text.HAL_RCC_ClockConfig
                0x000000000800476c      0x1d4 Drivers/STM32F1xx_HAL_Driver/Src/stm32f1xx_hal_rcc.o
                0x000000000800476c                HAL_RCC_ClockConfig
 .text.HAL_RCC_GetSysClockFreq
                0x0000000008004940       0xc4 Drivers/STM32F1xx_HAL_Driver/Src/stm32f1xx_hal_rcc.o
                0x0000000008004940                HAL_RCC_GetSysClockFreq
 .text.HAL_RCC_GetHCLKFreq
                0x0000000008004a04       0x14 Drivers/STM32F1xx_HAL_Driver/Src/stm32f1xx_hal_rcc.o
                0x0000000008004a04                HAL_RCC_GetHCLKFreq
 .text.HAL_RCC_GetPCLK1Freq
                0x0000000008004a18       0x28 Drivers/STM32F1xx_HAL_Driver/Src/stm32f1xx_hal_rcc.o
                0x0000000008004a18                HAL_RCC_GetPCLK1Freq
 .text.HAL_RCC_GetPCLK2Freq
                0x0000000008004a40       0x28 Drivers/STM32F1xx_HAL_Driver/Src/stm32f1xx_hal_rcc.o
                0x0000000008004a40                HAL_RCC_GetPCLK2Freq
 .text.RCC_Delay
                0x0000000008004a68       0x3c Drivers/STM32F1xx_HAL_Driver/Src/stm32f1xx_hal_rcc.o
 .text.HAL_TIM_Base_Init
                0x0000000008004aa4       0x9e Drivers/STM32F1xx_HAL_Driver/Src/stm32f1xx_hal_tim.o
                0x0000000008004aa4                HAL_TIM_Base_Init
 *fill*         0x0000000008004b42        0x2 
 .text.HAL_TIM_Base_Start_IT
                0x0000000008004b44       0xa4 Drivers/STM32F1xx_HAL_Driver/Src/stm32f1xx_hal_tim.o
                0x0000000008004b44                HAL_TIM_Base_Start_IT
 .text.HAL_TIM_ConfigClockSource
                0x0000000008004be8      0x16e Drivers/STM32F1xx_HAL_Driver/Src/stm32f1xx_hal_tim.o
                0x0000000008004be8                HAL_TIM_ConfigClockSource
 *fill*         0x0000000008004d56        0x2 
 .text.TIM_Base_SetConfig
                0x0000000008004d58       0xc4 Drivers/STM32F1xx_HAL_Driver/Src/stm32f1xx_hal_tim.o
                0x0000000008004d58                TIM_Base_SetConfig
 .text.TIM_TI1_ConfigInputStage
                0x0000000008004e1c       0x5c Drivers/STM32F1xx_HAL_Driver/Src/stm32f1xx_hal_tim.o
 .text.TIM_TI2_ConfigInputStage
                0x0000000008004e78       0x5e Drivers/STM32F1xx_HAL_Driver/Src/stm32f1xx_hal_tim.o
 .text.TIM_ITRx_SetConfig
                0x0000000008004ed6       0x34 Drivers/STM32F1xx_HAL_Driver/Src/stm32f1xx_hal_tim.o
 .text.TIM_ETR_SetConfig
                0x0000000008004f0a       0x3e Drivers/STM32F1xx_HAL_Driver/Src/stm32f1xx_hal_tim.o
                0x0000000008004f0a                TIM_ETR_SetConfig
 .text.HAL_TIMEx_MasterConfigSynchronization
                0x0000000008004f48       0xbc Drivers/STM32F1xx_HAL_Driver/Src/stm32f1xx_hal_tim_ex.o
                0x0000000008004f48                HAL_TIMEx_MasterConfigSynchronization
 .text.HAL_UART_Init
                0x0000000008005004       0x9a Drivers/STM32F1xx_HAL_Driver/Src/stm32f1xx_hal_uart.o
                0x0000000008005004                HAL_UART_Init
 .text.HAL_UART_Transmit
                0x000000000800509e      0x124 Drivers/STM32F1xx_HAL_Driver/Src/stm32f1xx_hal_uart.o
                0x000000000800509e                HAL_UART_Transmit
 *fill*         0x00000000080051c2        0x2 
 .text.HAL_UART_IRQHandler
                0x00000000080051c4      0x200 Drivers/STM32F1xx_HAL_Driver/Src/stm32f1xx_hal_uart.o
                0x00000000080051c4                HAL_UART_IRQHandler
 .text.HAL_UART_TxCpltCallback
                0x00000000080053c4       0x12 Drivers/STM32F1xx_HAL_Driver/Src/stm32f1xx_hal_uart.o
                0x00000000080053c4                HAL_UART_TxCpltCallback
 .text.HAL_UART_RxCpltCallback
                0x00000000080053d6       0x12 Drivers/STM32F1xx_HAL_Driver/Src/stm32f1xx_hal_uart.o
                0x00000000080053d6                HAL_UART_RxCpltCallback
 .text.HAL_UART_ErrorCallback
                0x00000000080053e8       0x12 Drivers/STM32F1xx_HAL_Driver/Src/stm32f1xx_hal_uart.o
                0x00000000080053e8                HAL_UART_ErrorCallback
 .text.UART_WaitOnFlagUntilTimeout
                0x00000000080053fa       0x94 Drivers/STM32F1xx_HAL_Driver/Src/stm32f1xx_hal_uart.o
 .text.UART_EndRxTransfer
                0x000000000800548e       0x3a Drivers/STM32F1xx_HAL_Driver/Src/stm32f1xx_hal_uart.o
 .text.UART_DMAAbortOnError
                0x00000000080054c8       0x28 Drivers/STM32F1xx_HAL_Driver/Src/stm32f1xx_hal_uart.o
 .text.UART_Transmit_IT
                0x00000000080054f0       0x9e Drivers/STM32F1xx_HAL_Driver/Src/stm32f1xx_hal_uart.o
 .text.UART_EndTransmit_IT
                0x000000000800558e       0x30 Drivers/STM32F1xx_HAL_Driver/Src/stm32f1xx_hal_uart.o
 .text.UART_Receive_IT
                0x00000000080055be      0x100 Drivers/STM32F1xx_HAL_Driver/Src/stm32f1xx_hal_uart.o
 *fill*         0x00000000080056be        0x2 
 .text.UART_SetConfig
                0x00000000080056c0      0x11c Drivers/STM32F1xx_HAL_Driver/Src/stm32f1xx_hal_uart.o
 .text._ZN17DspCommandReciverC2EP12GPIO_TypeDeftS1_tP20__UART_HandleTypeDef
                0x00000000080057dc       0xf0 MAZDA_CAR_RADIO_DSP_COMMAND_RECIVER/DspCommandReciver.o
                0x00000000080057dc                DspCommandReciver::DspCommandReciver(GPIO_TypeDef*, unsigned short, GPIO_TypeDef*, unsigned short, __UART_HandleTypeDef*)
                0x00000000080057dc                DspCommandReciver::DspCommandReciver(GPIO_TypeDef*, unsigned short, GPIO_TypeDef*, unsigned short, __UART_HandleTypeDef*)
 .text._ZN17DspCommandReciver11readPackageEi
                0x00000000080058cc       0xbe MAZDA_CAR_RADIO_DSP_COMMAND_RECIVER/DspCommandReciver.o
                0x00000000080058cc                DspCommandReciver::readPackage(int)
 *fill*         0x000000000800598a        0x2 
 .text._ZN17DspCommandReciver11readPackageEv
                0x000000000800598c       0x64 MAZDA_CAR_RADIO_DSP_COMMAND_RECIVER/DspCommandReciver.o
                0x000000000800598c                DspCommandReciver::readPackage()
 .text._ZN17DspCommandReciver17typeDetectAndSaveEv
                0x00000000080059f0      0x192 MAZDA_CAR_RADIO_DSP_COMMAND_RECIVER/DspCommandReciver.o
                0x00000000080059f0                DspCommandReciver::typeDetectAndSave()
 .text._ZN17DspCommandReciver21tranferDataFromBufferEPab
                0x0000000008005b82       0x7a MAZDA_CAR_RADIO_DSP_COMMAND_RECIVER/DspCommandReciver.o
                0x0000000008005b82                DspCommandReciver::tranferDataFromBuffer(signed char*, bool)
 .text._ZN17DspCommandReciver9clearDataEPa
                0x0000000008005bfc       0x3a MAZDA_CAR_RADIO_DSP_COMMAND_RECIVER/DspCommandReciver.o
                0x0000000008005bfc                DspCommandReciver::clearData(signed char*)
 *fill*         0x0000000008005c36        0x2 
 .text._ZN17DspCommandReciver8getLevelEhh
                0x0000000008005c38      0x1b4 MAZDA_CAR_RADIO_DSP_COMMAND_RECIVER/DspCommandReciver.o
                0x0000000008005c38                DspCommandReciver::getLevel(unsigned char, unsigned char)
 .text._ZN17DspCommandReciver16getAbsoluteLevelEh
                0x0000000008005dec       0x6a MAZDA_CAR_RADIO_DSP_COMMAND_RECIVER/DspCommandReciver.o
                0x0000000008005dec                DspCommandReciver::getAbsoluteLevel(unsigned char)
 .text._ZN17DspCommandReciver12checkElementEPaS0_aa
                0x0000000008005e56       0x76 MAZDA_CAR_RADIO_DSP_COMMAND_RECIVER/DspCommandReciver.o
                0x0000000008005e56                DspCommandReciver::checkElement(signed char*, signed char*, signed char, signed char)
 .text._ZN17DspCommandReciver9isChangedEv
                0x0000000008005ecc       0x18 MAZDA_CAR_RADIO_DSP_COMMAND_RECIVER/DspCommandReciver.o
                0x0000000008005ecc                DspCommandReciver::isChanged()
 .text._ZN17DspCommandReciver16resetChangedFlagEv
                0x0000000008005ee4       0x1c MAZDA_CAR_RADIO_DSP_COMMAND_RECIVER/DspCommandReciver.o
                0x0000000008005ee4                DspCommandReciver::resetChangedFlag()
 .text._ZN17DspCommandReciver14setChangedFlagEv
                0x0000000008005f00       0x1a MAZDA_CAR_RADIO_DSP_COMMAND_RECIVER/DspCommandReciver.o
                0x0000000008005f00                DspCommandReciver::setChangedFlag()
 .text._ZN23ExtDeviceCommandReciver5toIntEc
                0x0000000008005f1a       0x1a MAZDA_EXT_CD_CHANGER_EMULATOR/ExtDeviceCommandReciver.o
                0x0000000008005f1a                ExtDeviceCommandReciver::toInt(char)
 .text._ZN23ExtDeviceCommandReciver5toHexEc
                0x0000000008005f34       0x32 MAZDA_EXT_CD_CHANGER_EMULATOR/ExtDeviceCommandReciver.o
                0x0000000008005f34                ExtDeviceCommandReciver::toHex(char)
 .text._ZN23ExtDeviceCommandReciverC2EP12GPIO_TypeDeftS1_tP17TIM_HandleTypeDefP20__UART_HandleTypeDefPFvvES7_S7_S7_
                0x0000000008005f66       0x76 MAZDA_EXT_CD_CHANGER_EMULATOR/ExtDeviceCommandReciver.o
                0x0000000008005f66                ExtDeviceCommandReciver::ExtDeviceCommandReciver(GPIO_TypeDef*, unsigned short, GPIO_TypeDef*, unsigned short, TIM_HandleTypeDef*, __UART_HandleTypeDef*, void (*)(), void (*)(), void (*)(), void (*)())
                0x0000000008005f66                ExtDeviceCommandReciver::ExtDeviceCommandReciver(GPIO_TypeDef*, unsigned short, GPIO_TypeDef*, unsigned short, TIM_HandleTypeDef*, __UART_HandleTypeDef*, void (*)(), void (*)(), void (*)(), void (*)())
 .text._ZN23ExtDeviceCommandReciver11readCommandEv
                0x0000000008005fdc       0x1a MAZDA_EXT_CD_CHANGER_EMULATOR/ExtDeviceCommandReciver.o
                0x0000000008005fdc                ExtDeviceCommandReciver::readCommand()
 *fill*         0x0000000008005ff6        0x2 
 .text._ZN23ExtDeviceCommandReciver12convertToHexEyPc
                0x0000000008005ff8       0x24 MAZDA_EXT_CD_CHANGER_EMULATOR/ExtDeviceCommandReciver.o
                0x0000000008005ff8                ExtDeviceCommandReciver::convertToHex(unsigned long long, char*)
 .text._ZN23ExtDeviceCommandReciver11readCommandEm
                0x000000000800601c       0xbe MAZDA_EXT_CD_CHANGER_EMULATOR/ExtDeviceCommandReciver.o
                0x000000000800601c                ExtDeviceCommandReciver::readCommand(unsigned long)
 .text._ZN23ExtDeviceCommandReciver9writeZeroEv
                0x00000000080060da       0x44 MAZDA_EXT_CD_CHANGER_EMULATOR/ExtDeviceCommandReciver.o
                0x00000000080060da                ExtDeviceCommandReciver::writeZero()
 .text._ZN23ExtDeviceCommandReciver8writeOneEv
                0x000000000800611e       0x44 MAZDA_EXT_CD_CHANGER_EMULATOR/ExtDeviceCommandReciver.o
                0x000000000800611e                ExtDeviceCommandReciver::writeOne()
 *fill*         0x0000000008006162        0x2 
 .text._ZN23ExtDeviceCommandReciver12writeCommandEPci
                0x0000000008006164       0xa4 MAZDA_EXT_CD_CHANGER_EMULATOR/ExtDeviceCommandReciver.o
                0x0000000008006164                ExtDeviceCommandReciver::writeCommand(char*, int)
 .text._ZN23ExtDeviceCommandReciver15writeHexBitWiseEh
                0x0000000008006208       0x5a MAZDA_EXT_CD_CHANGER_EMULATOR/ExtDeviceCommandReciver.o
                0x0000000008006208                ExtDeviceCommandReciver::writeHexBitWise(unsigned char)
 *fill*         0x0000000008006262        0x2 
 .text._ZN23ExtDeviceCommandReciver17commandProcessingEv
                0x0000000008006264      0x13c MAZDA_EXT_CD_CHANGER_EMULATOR/ExtDeviceCommandReciver.o
                0x0000000008006264                ExtDeviceCommandReciver::commandProcessing()
 .text._ZN23ExtDeviceCommandReciver8sendTimeEhh
                0x00000000080063a0       0x5c MAZDA_EXT_CD_CHANGER_EMULATOR/ExtDeviceCommandReciver.o
                0x00000000080063a0                ExtDeviceCommandReciver::sendTime(unsigned char, unsigned char)
 .text._ZN23ExtDeviceCommandReciver16resetPlayingFlagEv
                0x00000000080063fc       0x18 MAZDA_EXT_CD_CHANGER_EMULATOR/ExtDeviceCommandReciver.o
                0x00000000080063fc                ExtDeviceCommandReciver::resetPlayingFlag()
 .text._ZN23ExtDeviceCommandReciver9isPlayingEv
                0x0000000008006414       0x16 MAZDA_EXT_CD_CHANGER_EMULATOR/ExtDeviceCommandReciver.o
                0x0000000008006414                ExtDeviceCommandReciver::isPlaying()
 *fill*         0x000000000800642a        0x2 
 .text._ZN23ExtDeviceCommandReciver4pongEv
                0x000000000800642c       0x20 MAZDA_EXT_CD_CHANGER_EMULATOR/ExtDeviceCommandReciver.o
                0x000000000800642c                ExtDeviceCommandReciver::pong()
 .text._ZN23ExtDeviceCommandReciver6wakeUpEv
                0x000000000800644c       0x48 MAZDA_EXT_CD_CHANGER_EMULATOR/ExtDeviceCommandReciver.o
                0x000000000800644c                ExtDeviceCommandReciver::wakeUp()
 .text._ZN23ExtDeviceCommandReciver4playEv
                0x0000000008006494       0x44 MAZDA_EXT_CD_CHANGER_EMULATOR/ExtDeviceCommandReciver.o
                0x0000000008006494                ExtDeviceCommandReciver::play()
 .text._ZN23ExtDeviceCommandReciver4stopEv
                0x00000000080064d8       0x2c MAZDA_EXT_CD_CHANGER_EMULATOR/ExtDeviceCommandReciver.o
                0x00000000080064d8                ExtDeviceCommandReciver::stop()
 .text._ZN23ExtDeviceCommandReciver11updateTrackEPc
                0x0000000008006504      0x178 MAZDA_EXT_CD_CHANGER_EMULATOR/ExtDeviceCommandReciver.o
                0x0000000008006504                ExtDeviceCommandReciver::updateTrack(char*)
 .text._ZN23ExtDeviceCommandReciver14updatePlayFlagEb
                0x000000000800667c       0x5e MAZDA_EXT_CD_CHANGER_EMULATOR/ExtDeviceCommandReciver.o
                0x000000000800667c                ExtDeviceCommandReciver::updatePlayFlag(bool)
 *fill*         0x00000000080066da        0x2 
 .text._ZN23ExtDeviceCommandReciver15updateTrackTimeEv
                0x00000000080066dc       0x88 MAZDA_EXT_CD_CHANGER_EMULATOR/ExtDeviceCommandReciver.o
                0x00000000080066dc                ExtDeviceCommandReciver::updateTrackTime()
 .text._ZN23ExtDeviceCommandReciver10updateStopEv
                0x0000000008006764       0x24 MAZDA_EXT_CD_CHANGER_EMULATOR/ExtDeviceCommandReciver.o
                0x0000000008006764                ExtDeviceCommandReciver::updateStop()
 .text._ZN23ExtDeviceCommandReciver16updateDiskNumberEv
                0x0000000008006788       0x74 MAZDA_EXT_CD_CHANGER_EMULATOR/ExtDeviceCommandReciver.o
                0x0000000008006788                ExtDeviceCommandReciver::updateDiskNumber()
 .text._ZN23ExtDeviceCommandReciver17updateTrackNumberEv
                0x00000000080067fc       0xc4 MAZDA_EXT_CD_CHANGER_EMULATOR/ExtDeviceCommandReciver.o
                0x00000000080067fc                ExtDeviceCommandReciver::updateTrackNumber()
 .text._ZN23ExtDeviceCommandReciver10startTimerEv
                0x00000000080068c0       0x1a MAZDA_EXT_CD_CHANGER_EMULATOR/ExtDeviceCommandReciver.o
                0x00000000080068c0                ExtDeviceCommandReciver::startTimer()
 .text._ZN23ExtDeviceCommandReciver9getMicrosEv
                0x00000000080068da       0x1c MAZDA_EXT_CD_CHANGER_EMULATOR/ExtDeviceCommandReciver.o
                0x00000000080068da                ExtDeviceCommandReciver::getMicros()
 .text._ZN23ExtDeviceCommandReciver11resetMicrosEv
                0x00000000080068f6       0x1c MAZDA_EXT_CD_CHANGER_EMULATOR/ExtDeviceCommandReciver.o
                0x00000000080068f6                ExtDeviceCommandReciver::resetMicros()
 .text._ZN23ExtDeviceCommandReciver11delayMicrosEt
                0x0000000008006912       0x3a MAZDA_EXT_CD_CHANGER_EMULATOR/ExtDeviceCommandReciver.o
                0x0000000008006912                ExtDeviceCommandReciver::delayMicros(unsigned short)
 .text._ZN6SerialC2EP20__UART_HandleTypeDef
                0x000000000800694c       0x1c SERIAL_LIB_STM32_F4/Serial.o
                0x000000000800694c                Serial::Serial(__UART_HandleTypeDef*)
                0x000000000800694c                Serial::Serial(__UART_HandleTypeDef*)
 .text._ZN6Serial5printEPc
                0x0000000008006968       0x2a SERIAL_LIB_STM32_F4/Serial.o
                0x0000000008006968                Serial::print(char*)
 .text._ZN6Serial7printlnEPc
                0x0000000008006992       0xb4 SERIAL_LIB_STM32_F4/Serial.o
                0x0000000008006992                Serial::println(char*)
 *fill*         0x0000000008006a46        0x2 
 .text._ZN6Serial5printEi
                0x0000000008006a48       0x30 SERIAL_LIB_STM32_F4/Serial.o
                0x0000000008006a48                Serial::print(int)
 .text.powf     0x0000000008006a78      0x2c0 c:/program files (x86)/stm32cubeide_1.4.0/stm32cubeide/plugins/com.st.stm32cube.ide.mcu.externaltools.gnu-tools-for-stm32.7-2018-q2-update.win32_1.4.0.202007081208/tools/bin/../lib/gcc/arm-none-eabi/7.3.1/../../../../arm-none-eabi/lib/thumb/v7-m\libm.a(lib_a-wf_pow.o)
                0x0000000008006a78                powf
 .text.__ieee754_powf
                0x0000000008006d38      0x698 c:/program files (x86)/stm32cubeide_1.4.0/stm32cubeide/plugins/com.st.stm32cube.ide.mcu.externaltools.gnu-tools-for-stm32.7-2018-q2-update.win32_1.4.0.202007081208/tools/bin/../lib/gcc/arm-none-eabi/7.3.1/../../../../arm-none-eabi/lib/thumb/v7-m\libm.a(lib_a-ef_pow.o)
                0x0000000008006d38                __ieee754_powf
 .text.__ieee754_sqrtf
                0x00000000080073d0       0xa6 c:/program files (x86)/stm32cubeide_1.4.0/stm32cubeide/plugins/com.st.stm32cube.ide.mcu.externaltools.gnu-tools-for-stm32.7-2018-q2-update.win32_1.4.0.202007081208/tools/bin/../lib/gcc/arm-none-eabi/7.3.1/../../../../arm-none-eabi/lib/thumb/v7-m\libm.a(lib_a-ef_sqrt.o)
                0x00000000080073d0                __ieee754_sqrtf
 .text.matherr  0x0000000008007476        0x4 c:/program files (x86)/stm32cubeide_1.4.0/stm32cubeide/plugins/com.st.stm32cube.ide.mcu.externaltools.gnu-tools-for-stm32.7-2018-q2-update.win32_1.4.0.202007081208/tools/bin/../lib/gcc/arm-none-eabi/7.3.1/../../../../arm-none-eabi/lib/thumb/v7-m\libm.a(lib_a-s_matherr.o)
                0x0000000008007476                matherr
 .text.fabsf    0x000000000800747a        0x6 c:/program files (x86)/stm32cubeide_1.4.0/stm32cubeide/plugins/com.st.stm32cube.ide.mcu.externaltools.gnu-tools-for-stm32.7-2018-q2-update.win32_1.4.0.202007081208/tools/bin/../lib/gcc/arm-none-eabi/7.3.1/../../../../arm-none-eabi/lib/thumb/v7-m\libm.a(lib_a-sf_fabs.o)
                0x000000000800747a                fabsf
 .text.finitef  0x0000000008007480       0x10 c:/program files (x86)/stm32cubeide_1.4.0/stm32cubeide/plugins/com.st.stm32cube.ide.mcu.externaltools.gnu-tools-for-stm32.7-2018-q2-update.win32_1.4.0.202007081208/tools/bin/../lib/gcc/arm-none-eabi/7.3.1/../../../../arm-none-eabi/lib/thumb/v7-m\libm.a(lib_a-sf_finite.o)
                0x0000000008007480                finitef
 .text.nanf     0x0000000008007490        0x8 c:/program files (x86)/stm32cubeide_1.4.0/stm32cubeide/plugins/com.st.stm32cube.ide.mcu.externaltools.gnu-tools-for-stm32.7-2018-q2-update.win32_1.4.0.202007081208/tools/bin/../lib/gcc/arm-none-eabi/7.3.1/../../../../arm-none-eabi/lib/thumb/v7-m\libm.a(lib_a-sf_nan.o)
                0x0000000008007490                nanf
 .text.rintf    0x0000000008007498       0xa0 c:/program files (x86)/stm32cubeide_1.4.0/stm32cubeide/plugins/com.st.stm32cube.ide.mcu.externaltools.gnu-tools-for-stm32.7-2018-q2-update.win32_1.4.0.202007081208/tools/bin/../lib/gcc/arm-none-eabi/7.3.1/../../../../arm-none-eabi/lib/thumb/v7-m\libm.a(lib_a-sf_rint.o)
                0x0000000008007498                rintf
 .text.scalbnf  0x0000000008007538       0x98 c:/program files (x86)/stm32cubeide_1.4.0/stm32cubeide/plugins/com.st.stm32cube.ide.mcu.externaltools.gnu-tools-for-stm32.7-2018-q2-update.win32_1.4.0.202007081208/tools/bin/../lib/gcc/arm-none-eabi/7.3.1/../../../../arm-none-eabi/lib/thumb/v7-m\libm.a(lib_a-sf_scalbn.o)
                0x0000000008007538                scalbnf
 .text.copysignf
                0x00000000080075d0        0xc c:/program files (x86)/stm32cubeide_1.4.0/stm32cubeide/plugins/com.st.stm32cube.ide.mcu.externaltools.gnu-tools-for-stm32.7-2018-q2-update.win32_1.4.0.202007081208/tools/bin/../lib/gcc/arm-none-eabi/7.3.1/../../../../arm-none-eabi/lib/thumb/v7-m\libm.a(lib_a-sf_copysign.o)
                0x00000000080075d0                copysignf
 .text.__errno  0x00000000080075dc        0xc c:/program files (x86)/stm32cubeide_1.4.0/stm32cubeide/plugins/com.st.stm32cube.ide.mcu.externaltools.gnu-tools-for-stm32.7-2018-q2-update.win32_1.4.0.202007081208/tools/bin/../lib/gcc/arm-none-eabi/7.3.1/../../../../arm-none-eabi/lib/thumb/v7-m\libc_nano.a(lib_a-errno.o)
                0x00000000080075dc                __errno
 .text.__libc_init_array
                0x00000000080075e8       0x48 c:/program files (x86)/stm32cubeide_1.4.0/stm32cubeide/plugins/com.st.stm32cube.ide.mcu.externaltools.gnu-tools-for-stm32.7-2018-q2-update.win32_1.4.0.202007081208/tools/bin/../lib/gcc/arm-none-eabi/7.3.1/../../../../arm-none-eabi/lib/thumb/v7-m\libc_nano.a(lib_a-init.o)
                0x00000000080075e8                __libc_init_array
 .text.memcpy   0x0000000008007630       0x16 c:/program files (x86)/stm32cubeide_1.4.0/stm32cubeide/plugins/com.st.stm32cube.ide.mcu.externaltools.gnu-tools-for-stm32.7-2018-q2-update.win32_1.4.0.202007081208/tools/bin/../lib/gcc/arm-none-eabi/7.3.1/../../../../arm-none-eabi/lib/thumb/v7-m\libc_nano.a(lib_a-memcpy-stub.o)
                0x0000000008007630                memcpy
 .text.memset   0x0000000008007646       0x10 c:/program files (x86)/stm32cubeide_1.4.0/stm32cubeide/plugins/com.st.stm32cube.ide.mcu.externaltools.gnu-tools-for-stm32.7-2018-q2-update.win32_1.4.0.202007081208/tools/bin/../lib/gcc/arm-none-eabi/7.3.1/../../../../arm-none-eabi/lib/thumb/v7-m\libc_nano.a(lib_a-memset.o)
                0x0000000008007646                memset
 .text.__cvt    0x0000000008007656       0xb8 c:/program files (x86)/stm32cubeide_1.4.0/stm32cubeide/plugins/com.st.stm32cube.ide.mcu.externaltools.gnu-tools-for-stm32.7-2018-q2-update.win32_1.4.0.202007081208/tools/bin/../lib/gcc/arm-none-eabi/7.3.1/../../../../arm-none-eabi/lib/thumb/v7-m\libc_nano.a(lib_a-nano-vfprintf_float.o)
                0x0000000008007656                __cvt
 .text.__exponent
                0x000000000800770e       0x6a c:/program files (x86)/stm32cubeide_1.4.0/stm32cubeide/plugins/com.st.stm32cube.ide.mcu.externaltools.gnu-tools-for-stm32.7-2018-q2-update.win32_1.4.0.202007081208/tools/bin/../lib/gcc/arm-none-eabi/7.3.1/../../../../arm-none-eabi/lib/thumb/v7-m\libc_nano.a(lib_a-nano-vfprintf_float.o)
                0x000000000800770e                __exponent
 .text._printf_float
                0x0000000008007778      0x46c c:/program files (x86)/stm32cubeide_1.4.0/stm32cubeide/plugins/com.st.stm32cube.ide.mcu.externaltools.gnu-tools-for-stm32.7-2018-q2-update.win32_1.4.0.202007081208/tools/bin/../lib/gcc/arm-none-eabi/7.3.1/../../../../arm-none-eabi/lib/thumb/v7-m\libc_nano.a(lib_a-nano-vfprintf_float.o)
                0x0000000008007778                _printf_float
 .text._printf_common
                0x0000000008007be4       0xec c:/program files (x86)/stm32cubeide_1.4.0/stm32cubeide/plugins/com.st.stm32cube.ide.mcu.externaltools.gnu-tools-for-stm32.7-2018-q2-update.win32_1.4.0.202007081208/tools/bin/../lib/gcc/arm-none-eabi/7.3.1/../../../../arm-none-eabi/lib/thumb/v7-m\libc_nano.a(lib_a-nano-vfprintf_i.o)
                0x0000000008007be4                _printf_common
 .text._printf_i
                0x0000000008007cd0      0x224 c:/program files (x86)/stm32cubeide_1.4.0/stm32cubeide/plugins/com.st.stm32cube.ide.mcu.externaltools.gnu-tools-for-stm32.7-2018-q2-update.win32_1.4.0.202007081208/tools/bin/../lib/gcc/arm-none-eabi/7.3.1/../../../../arm-none-eabi/lib/thumb/v7-m\libc_nano.a(lib_a-nano-vfprintf_i.o)
                0x0000000008007cd0                _printf_i
 .text._scanf_float
                0x0000000008007ef4      0x3c0 c:/program files (x86)/stm32cubeide_1.4.0/stm32cubeide/plugins/com.st.stm32cube.ide.mcu.externaltools.gnu-tools-for-stm32.7-2018-q2-update.win32_1.4.0.202007081208/tools/bin/../lib/gcc/arm-none-eabi/7.3.1/../../../../arm-none-eabi/lib/thumb/v7-m\libc_nano.a(lib_a-nano-vfscanf_float.o)
                0x0000000008007ef4                _scanf_float
 .text.sprintf  0x00000000080082b4       0x40 c:/program files (x86)/stm32cubeide_1.4.0/stm32cubeide/plugins/com.st.stm32cube.ide.mcu.externaltools.gnu-tools-for-stm32.7-2018-q2-update.win32_1.4.0.202007081208/tools/bin/../lib/gcc/arm-none-eabi/7.3.1/../../../../arm-none-eabi/lib/thumb/v7-m\libc_nano.a(lib_a-sprintf.o)
                0x00000000080082b4                siprintf
                0x00000000080082b4                sprintf
 .text.strstr   0x00000000080082f4       0x34 c:/program files (x86)/stm32cubeide_1.4.0/stm32cubeide/plugins/com.st.stm32cube.ide.mcu.externaltools.gnu-tools-for-stm32.7-2018-q2-update.win32_1.4.0.202007081208/tools/bin/../lib/gcc/arm-none-eabi/7.3.1/../../../../arm-none-eabi/lib/thumb/v7-m\libc_nano.a(lib_a-strstr.o)
                0x00000000080082f4                strstr
 .text.unlikely.sulp
                0x0000000008008328       0x42 c:/program files (x86)/stm32cubeide_1.4.0/stm32cubeide/plugins/com.st.stm32cube.ide.mcu.externaltools.gnu-tools-for-stm32.7-2018-q2-update.win32_1.4.0.202007081208/tools/bin/../lib/gcc/arm-none-eabi/7.3.1/../../../../arm-none-eabi/lib/thumb/v7-m\libc_nano.a(lib_a-strtod.o)
 *fill*         0x000000000800836a        0x6 
 .text._strtod_l
                0x0000000008008370      0xc00 c:/program files (x86)/stm32cubeide_1.4.0/stm32cubeide/plugins/com.st.stm32cube.ide.mcu.externaltools.gnu-tools-for-stm32.7-2018-q2-update.win32_1.4.0.202007081208/tools/bin/../lib/gcc/arm-none-eabi/7.3.1/../../../../arm-none-eabi/lib/thumb/v7-m\libc_nano.a(lib_a-strtod.o)
                0x0000000008008370                _strtod_l
 .text._strtod_r
                0x0000000008008f70       0x20 c:/program files (x86)/stm32cubeide_1.4.0/stm32cubeide/plugins/com.st.stm32cube.ide.mcu.externaltools.gnu-tools-for-stm32.7-2018-q2-update.win32_1.4.0.202007081208/tools/bin/../lib/gcc/arm-none-eabi/7.3.1/../../../../arm-none-eabi/lib/thumb/v7-m\libc_nano.a(lib_a-strtod.o)
                0x0000000008008f70                _strtod_r
 .text._strtol_l.isra.0
                0x0000000008008f90       0xf6 c:/program files (x86)/stm32cubeide_1.4.0/stm32cubeide/plugins/com.st.stm32cube.ide.mcu.externaltools.gnu-tools-for-stm32.7-2018-q2-update.win32_1.4.0.202007081208/tools/bin/../lib/gcc/arm-none-eabi/7.3.1/../../../../arm-none-eabi/lib/thumb/v7-m\libc_nano.a(lib_a-strtol.o)
 *fill*         0x0000000008009086        0x2 
 .text._strtol_r
                0x0000000008009088       0x24 c:/program files (x86)/stm32cubeide_1.4.0/stm32cubeide/plugins/com.st.stm32cube.ide.mcu.externaltools.gnu-tools-for-stm32.7-2018-q2-update.win32_1.4.0.202007081208/tools/bin/../lib/gcc/arm-none-eabi/7.3.1/../../../../arm-none-eabi/lib/thumb/v7-m\libc_nano.a(lib_a-strtol.o)
                0x0000000008009088                _strtol_r
 .text.quorem   0x00000000080090ac      0x11c c:/program files (x86)/stm32cubeide_1.4.0/stm32cubeide/plugins/com.st.stm32cube.ide.mcu.externaltools.gnu-tools-for-stm32.7-2018-q2-update.win32_1.4.0.202007081208/tools/bin/../lib/gcc/arm-none-eabi/7.3.1/../../../../arm-none-eabi/lib/thumb/v7-m\libc_nano.a(lib_a-dtoa.o)
 .text._dtoa_r  0x00000000080091c8      0xb68 c:/program files (x86)/stm32cubeide_1.4.0/stm32cubeide/plugins/com.st.stm32cube.ide.mcu.externaltools.gnu-tools-for-stm32.7-2018-q2-update.win32_1.4.0.202007081208/tools/bin/../lib/gcc/arm-none-eabi/7.3.1/../../../../arm-none-eabi/lib/thumb/v7-m\libc_nano.a(lib_a-dtoa.o)
                0x00000000080091c8                _dtoa_r
 .text.rshift   0x0000000008009d30       0x76 c:/program files (x86)/stm32cubeide_1.4.0/stm32cubeide/plugins/com.st.stm32cube.ide.mcu.externaltools.gnu-tools-for-stm32.7-2018-q2-update.win32_1.4.0.202007081208/tools/bin/../lib/gcc/arm-none-eabi/7.3.1/../../../../arm-none-eabi/lib/thumb/v7-m\libc_nano.a(lib_a-gdtoa-gethex.o)
 .text.__hexdig_fun
                0x0000000008009da6       0x2a c:/program files (x86)/stm32cubeide_1.4.0/stm32cubeide/plugins/com.st.stm32cube.ide.mcu.externaltools.gnu-tools-for-stm32.7-2018-q2-update.win32_1.4.0.202007081208/tools/bin/../lib/gcc/arm-none-eabi/7.3.1/../../../../arm-none-eabi/lib/thumb/v7-m\libc_nano.a(lib_a-gdtoa-gethex.o)
                0x0000000008009da6                __hexdig_fun
 .text.__gethex
                0x0000000008009dd0      0x444 c:/program files (x86)/stm32cubeide_1.4.0/stm32cubeide/plugins/com.st.stm32cube.ide.mcu.externaltools.gnu-tools-for-stm32.7-2018-q2-update.win32_1.4.0.202007081208/tools/bin/../lib/gcc/arm-none-eabi/7.3.1/../../../../arm-none-eabi/lib/thumb/v7-m\libc_nano.a(lib_a-gdtoa-gethex.o)
                0x0000000008009dd0                __gethex
 .text.L_shift  0x000000000800a214       0x24 c:/program files (x86)/stm32cubeide_1.4.0/stm32cubeide/plugins/com.st.stm32cube.ide.mcu.externaltools.gnu-tools-for-stm32.7-2018-q2-update.win32_1.4.0.202007081208/tools/bin/../lib/gcc/arm-none-eabi/7.3.1/../../../../arm-none-eabi/lib/thumb/v7-m\libc_nano.a(lib_a-gdtoa-hexnan.o)
 .text.__match  0x000000000800a238       0x28 c:/program files (x86)/stm32cubeide_1.4.0/stm32cubeide/plugins/com.st.stm32cube.ide.mcu.externaltools.gnu-tools-for-stm32.7-2018-q2-update.win32_1.4.0.202007081208/tools/bin/../lib/gcc/arm-none-eabi/7.3.1/../../../../arm-none-eabi/lib/thumb/v7-m\libc_nano.a(lib_a-gdtoa-hexnan.o)
                0x000000000800a238                __match
 .text.__hexnan
                0x000000000800a260      0x120 c:/program files (x86)/stm32cubeide_1.4.0/stm32cubeide/plugins/com.st.stm32cube.ide.mcu.externaltools.gnu-tools-for-stm32.7-2018-q2-update.win32_1.4.0.202007081208/tools/bin/../lib/gcc/arm-none-eabi/7.3.1/../../../../arm-none-eabi/lib/thumb/v7-m\libc_nano.a(lib_a-gdtoa-hexnan.o)
                0x000000000800a260                __hexnan
 .text.__locale_ctype_ptr_l
                0x000000000800a380        0x6 c:/program files (x86)/stm32cubeide_1.4.0/stm32cubeide/plugins/com.st.stm32cube.ide.mcu.externaltools.gnu-tools-for-stm32.7-2018-q2-update.win32_1.4.0.202007081208/tools/bin/../lib/gcc/arm-none-eabi/7.3.1/../../../../arm-none-eabi/lib/thumb/v7-m\libc_nano.a(lib_a-locale.o)
                0x000000000800a380                __locale_ctype_ptr_l
 .text.__localeconv_l
                0x000000000800a386        0x4 c:/program files (x86)/stm32cubeide_1.4.0/stm32cubeide/plugins/com.st.stm32cube.ide.mcu.externaltools.gnu-tools-for-stm32.7-2018-q2-update.win32_1.4.0.202007081208/tools/bin/../lib/gcc/arm-none-eabi/7.3.1/../../../../arm-none-eabi/lib/thumb/v7-m\libc_nano.a(lib_a-localeconv.o)
                0x000000000800a386                __localeconv_l
 *fill*         0x000000000800a38a        0x2 
 .text._localeconv_r
                0x000000000800a38c       0x1c c:/program files (x86)/stm32cubeide_1.4.0/stm32cubeide/plugins/com.st.stm32cube.ide.mcu.externaltools.gnu-tools-for-stm32.7-2018-q2-update.win32_1.4.0.202007081208/tools/bin/../lib/gcc/arm-none-eabi/7.3.1/../../../../arm-none-eabi/lib/thumb/v7-m\libc_nano.a(lib_a-localeconv.o)
                0x000000000800a38c                _localeconv_r
 .text.malloc   0x000000000800a3a8       0x10 c:/program files (x86)/stm32cubeide_1.4.0/stm32cubeide/plugins/com.st.stm32cube.ide.mcu.externaltools.gnu-tools-for-stm32.7-2018-q2-update.win32_1.4.0.202007081208/tools/bin/../lib/gcc/arm-none-eabi/7.3.1/../../../../arm-none-eabi/lib/thumb/v7-m\libc_nano.a(lib_a-malloc.o)
                0x000000000800a3a8                malloc
 .text.__ascii_mbtowc
                0x000000000800a3b8       0x24 c:/program files (x86)/stm32cubeide_1.4.0/stm32cubeide/plugins/com.st.stm32cube.ide.mcu.externaltools.gnu-tools-for-stm32.7-2018-q2-update.win32_1.4.0.202007081208/tools/bin/../lib/gcc/arm-none-eabi/7.3.1/../../../../arm-none-eabi/lib/thumb/v7-m\libc_nano.a(lib_a-mbtowc_r.o)
                0x000000000800a3b8                __ascii_mbtowc
 .text.memchr   0x000000000800a3dc       0x1c c:/program files (x86)/stm32cubeide_1.4.0/stm32cubeide/plugins/com.st.stm32cube.ide.mcu.externaltools.gnu-tools-for-stm32.7-2018-q2-update.win32_1.4.0.202007081208/tools/bin/../lib/gcc/arm-none-eabi/7.3.1/../../../../arm-none-eabi/lib/thumb/v7-m\libc_nano.a(lib_a-memchr-stub.o)
                0x000000000800a3dc                memchr
 .text._Balloc  0x000000000800a3f8       0x68 c:/program files (x86)/stm32cubeide_1.4.0/stm32cubeide/plugins/com.st.stm32cube.ide.mcu.externaltools.gnu-tools-for-stm32.7-2018-q2-update.win32_1.4.0.202007081208/tools/bin/../lib/gcc/arm-none-eabi/7.3.1/../../../../arm-none-eabi/lib/thumb/v7-m\libc_nano.a(lib_a-mprec.o)
                0x000000000800a3f8                _Balloc
 .text._Bfree   0x000000000800a460       0x2e c:/program files (x86)/stm32cubeide_1.4.0/stm32cubeide/plugins/com.st.stm32cube.ide.mcu.externaltools.gnu-tools-for-stm32.7-2018-q2-update.win32_1.4.0.202007081208/tools/bin/../lib/gcc/arm-none-eabi/7.3.1/../../../../arm-none-eabi/lib/thumb/v7-m\libc_nano.a(lib_a-mprec.o)
                0x000000000800a460                _Bfree
 .text.__multadd
                0x000000000800a48e       0x76 c:/program files (x86)/stm32cubeide_1.4.0/stm32cubeide/plugins/com.st.stm32cube.ide.mcu.externaltools.gnu-tools-for-stm32.7-2018-q2-update.win32_1.4.0.202007081208/tools/bin/../lib/gcc/arm-none-eabi/7.3.1/../../../../arm-none-eabi/lib/thumb/v7-m\libc_nano.a(lib_a-mprec.o)
                0x000000000800a48e                __multadd
 .text.__s2b    0x000000000800a504       0x7c c:/program files (x86)/stm32cubeide_1.4.0/stm32cubeide/plugins/com.st.stm32cube.ide.mcu.externaltools.gnu-tools-for-stm32.7-2018-q2-update.win32_1.4.0.202007081208/tools/bin/../lib/gcc/arm-none-eabi/7.3.1/../../../../arm-none-eabi/lib/thumb/v7-m\libc_nano.a(lib_a-mprec.o)
                0x000000000800a504                __s2b
 .text.__hi0bits
                0x000000000800a580       0x3e c:/program files (x86)/stm32cubeide_1.4.0/stm32cubeide/plugins/com.st.stm32cube.ide.mcu.externaltools.gnu-tools-for-stm32.7-2018-q2-update.win32_1.4.0.202007081208/tools/bin/../lib/gcc/arm-none-eabi/7.3.1/../../../../arm-none-eabi/lib/thumb/v7-m\libc_nano.a(lib_a-mprec.o)
                0x000000000800a580                __hi0bits
 .text.__lo0bits
                0x000000000800a5be       0x5e c:/program files (x86)/stm32cubeide_1.4.0/stm32cubeide/plugins/com.st.stm32cube.ide.mcu.externaltools.gnu-tools-for-stm32.7-2018-q2-update.win32_1.4.0.202007081208/tools/bin/../lib/gcc/arm-none-eabi/7.3.1/../../../../arm-none-eabi/lib/thumb/v7-m\libc_nano.a(lib_a-mprec.o)
                0x000000000800a5be                __lo0bits
 .text.__i2b    0x000000000800a61c       0x12 c:/program files (x86)/stm32cubeide_1.4.0/stm32cubeide/plugins/com.st.stm32cube.ide.mcu.externaltools.gnu-tools-for-stm32.7-2018-q2-update.win32_1.4.0.202007081208/tools/bin/../lib/gcc/arm-none-eabi/7.3.1/../../../../arm-none-eabi/lib/thumb/v7-m\libc_nano.a(lib_a-mprec.o)
                0x000000000800a61c                __i2b
 .text.__multiply
                0x000000000800a62e      0x12a c:/program files (x86)/stm32cubeide_1.4.0/stm32cubeide/plugins/com.st.stm32cube.ide.mcu.externaltools.gnu-tools-for-stm32.7-2018-q2-update.win32_1.4.0.202007081208/tools/bin/../lib/gcc/arm-none-eabi/7.3.1/../../../../arm-none-eabi/lib/thumb/v7-m\libc_nano.a(lib_a-mprec.o)
                0x000000000800a62e                __multiply
 .text.__pow5mult
                0x000000000800a758       0x9c c:/program files (x86)/stm32cubeide_1.4.0/stm32cubeide/plugins/com.st.stm32cube.ide.mcu.externaltools.gnu-tools-for-stm32.7-2018-q2-update.win32_1.4.0.202007081208/tools/bin/../lib/gcc/arm-none-eabi/7.3.1/../../../../arm-none-eabi/lib/thumb/v7-m\libc_nano.a(lib_a-mprec.o)
                0x000000000800a758                __pow5mult
 .text.__lshift
                0x000000000800a7f4       0xa8 c:/program files (x86)/stm32cubeide_1.4.0/stm32cubeide/plugins/com.st.stm32cube.ide.mcu.externaltools.gnu-tools-for-stm32.7-2018-q2-update.win32_1.4.0.202007081208/tools/bin/../lib/gcc/arm-none-eabi/7.3.1/../../../../arm-none-eabi/lib/thumb/v7-m\libc_nano.a(lib_a-mprec.o)
                0x000000000800a7f4                __lshift
 .text.__mcmp   0x000000000800a89c       0x34 c:/program files (x86)/stm32cubeide_1.4.0/stm32cubeide/plugins/com.st.stm32cube.ide.mcu.externaltools.gnu-tools-for-stm32.7-2018-q2-update.win32_1.4.0.202007081208/tools/bin/../lib/gcc/arm-none-eabi/7.3.1/../../../../arm-none-eabi/lib/thumb/v7-m\libc_nano.a(lib_a-mprec.o)
                0x000000000800a89c                __mcmp
 .text.__mdiff  0x000000000800a8d0       0xbc c:/program files (x86)/stm32cubeide_1.4.0/stm32cubeide/plugins/com.st.stm32cube.ide.mcu.externaltools.gnu-tools-for-stm32.7-2018-q2-update.win32_1.4.0.202007081208/tools/bin/../lib/gcc/arm-none-eabi/7.3.1/../../../../arm-none-eabi/lib/thumb/v7-m\libc_nano.a(lib_a-mprec.o)
                0x000000000800a8d0                __mdiff
 .text.__ulp    0x000000000800a98c       0x48 c:/program files (x86)/stm32cubeide_1.4.0/stm32cubeide/plugins/com.st.stm32cube.ide.mcu.externaltools.gnu-tools-for-stm32.7-2018-q2-update.win32_1.4.0.202007081208/tools/bin/../lib/gcc/arm-none-eabi/7.3.1/../../../../arm-none-eabi/lib/thumb/v7-m\libc_nano.a(lib_a-mprec.o)
                0x000000000800a98c                __ulp
 .text.__b2d    0x000000000800a9d4       0xa4 c:/program files (x86)/stm32cubeide_1.4.0/stm32cubeide/plugins/com.st.stm32cube.ide.mcu.externaltools.gnu-tools-for-stm32.7-2018-q2-update.win32_1.4.0.202007081208/tools/bin/../lib/gcc/arm-none-eabi/7.3.1/../../../../arm-none-eabi/lib/thumb/v7-m\libc_nano.a(lib_a-mprec.o)
                0x000000000800a9d4                __b2d
 .text.__d2b    0x000000000800aa78       0x9e c:/program files (x86)/stm32cubeide_1.4.0/stm32cubeide/plugins/com.st.stm32cube.ide.mcu.externaltools.gnu-tools-for-stm32.7-2018-q2-update.win32_1.4.0.202007081208/tools/bin/../lib/gcc/arm-none-eabi/7.3.1/../../../../arm-none-eabi/lib/thumb/v7-m\libc_nano.a(lib_a-mprec.o)
                0x000000000800aa78                __d2b
 .text.__ratio  0x000000000800ab16       0x5c c:/program files (x86)/stm32cubeide_1.4.0/stm32cubeide/plugins/com.st.stm32cube.ide.mcu.externaltools.gnu-tools-for-stm32.7-2018-q2-update.win32_1.4.0.202007081208/tools/bin/../lib/gcc/arm-none-eabi/7.3.1/../../../../arm-none-eabi/lib/thumb/v7-m\libc_nano.a(lib_a-mprec.o)
                0x000000000800ab16                __ratio
 .text.__copybits
                0x000000000800ab72       0x34 c:/program files (x86)/stm32cubeide_1.4.0/stm32cubeide/plugins/com.st.stm32cube.ide.mcu.externaltools.gnu-tools-for-stm32.7-2018-q2-update.win32_1.4.0.202007081208/tools/bin/../lib/gcc/arm-none-eabi/7.3.1/../../../../arm-none-eabi/lib/thumb/v7-m\libc_nano.a(lib_a-mprec.o)
                0x000000000800ab72                __copybits
 .text.__any_on
                0x000000000800aba6       0x42 c:/program files (x86)/stm32cubeide_1.4.0/stm32cubeide/plugins/com.st.stm32cube.ide.mcu.externaltools.gnu-tools-for-stm32.7-2018-q2-update.win32_1.4.0.202007081208/tools/bin/../lib/gcc/arm-none-eabi/7.3.1/../../../../arm-none-eabi/lib/thumb/v7-m\libc_nano.a(lib_a-mprec.o)
                0x000000000800aba6                __any_on
 .text._calloc_r
                0x000000000800abe8       0x1c c:/program files (x86)/stm32cubeide_1.4.0/stm32cubeide/plugins/com.st.stm32cube.ide.mcu.externaltools.gnu-tools-for-stm32.7-2018-q2-update.win32_1.4.0.202007081208/tools/bin/../lib/gcc/arm-none-eabi/7.3.1/../../../../arm-none-eabi/lib/thumb/v7-m\libc_nano.a(lib_a-nano-callocr.o)
                0x000000000800abe8                _calloc_r
 .text._free_r  0x000000000800ac04       0x98 c:/program files (x86)/stm32cubeide_1.4.0/stm32cubeide/plugins/com.st.stm32cube.ide.mcu.externaltools.gnu-tools-for-stm32.7-2018-q2-update.win32_1.4.0.202007081208/tools/bin/../lib/gcc/arm-none-eabi/7.3.1/../../../../arm-none-eabi/lib/thumb/v7-m\libc_nano.a(lib_a-nano-freer.o)
                0x000000000800ac04                _free_r
 .text._malloc_r
                0x000000000800ac9c       0xb4 c:/program files (x86)/stm32cubeide_1.4.0/stm32cubeide/plugins/com.st.stm32cube.ide.mcu.externaltools.gnu-tools-for-stm32.7-2018-q2-update.win32_1.4.0.202007081208/tools/bin/../lib/gcc/arm-none-eabi/7.3.1/../../../../arm-none-eabi/lib/thumb/v7-m\libc_nano.a(lib_a-nano-mallocr.o)
                0x000000000800ac9c                _malloc_r
 .text.__ssputs_r
                0x000000000800ad50       0xb4 c:/program files (x86)/stm32cubeide_1.4.0/stm32cubeide/plugins/com.st.stm32cube.ide.mcu.externaltools.gnu-tools-for-stm32.7-2018-q2-update.win32_1.4.0.202007081208/tools/bin/../lib/gcc/arm-none-eabi/7.3.1/../../../../arm-none-eabi/lib/thumb/v7-m\libc_nano.a(lib_a-nano-svfprintf.o)
                0x000000000800ad50                __ssputs_r
 .text._svfprintf_r
                0x000000000800ae04      0x1f0 c:/program files (x86)/stm32cubeide_1.4.0/stm32cubeide/plugins/com.st.stm32cube.ide.mcu.externaltools.gnu-tools-for-stm32.7-2018-q2-update.win32_1.4.0.202007081208/tools/bin/../lib/gcc/arm-none-eabi/7.3.1/../../../../arm-none-eabi/lib/thumb/v7-m\libc_nano.a(lib_a-nano-svfprintf.o)
                0x000000000800ae04                _svfiprintf_r
                0x000000000800ae04                _svfprintf_r
 .text._sbrk_r  0x000000000800aff4       0x20 c:/program files (x86)/stm32cubeide_1.4.0/stm32cubeide/plugins/com.st.stm32cube.ide.mcu.externaltools.gnu-tools-for-stm32.7-2018-q2-update.win32_1.4.0.202007081208/tools/bin/../lib/gcc/arm-none-eabi/7.3.1/../../../../arm-none-eabi/lib/thumb/v7-m\libc_nano.a(lib_a-sbrkr.o)
                0x000000000800aff4                _sbrk_r
 .text.strncmp  0x000000000800b014       0x24 c:/program files (x86)/stm32cubeide_1.4.0/stm32cubeide/plugins/com.st.stm32cube.ide.mcu.externaltools.gnu-tools-for-stm32.7-2018-q2-update.win32_1.4.0.202007081208/tools/bin/../lib/gcc/arm-none-eabi/7.3.1/../../../../arm-none-eabi/lib/thumb/v7-m\libc_nano.a(lib_a-strncmp.o)
                0x000000000800b014                strncmp
 .text.__ascii_wctomb
                0x000000000800b038       0x1a c:/program files (x86)/stm32cubeide_1.4.0/stm32cubeide/plugins/com.st.stm32cube.ide.mcu.externaltools.gnu-tools-for-stm32.7-2018-q2-update.win32_1.4.0.202007081208/tools/bin/../lib/gcc/arm-none-eabi/7.3.1/../../../../arm-none-eabi/lib/thumb/v7-m\libc_nano.a(lib_a-wctomb_r.o)
                0x000000000800b038                __ascii_wctomb
 .text.memmove  0x000000000800b052       0x32 c:/program files (x86)/stm32cubeide_1.4.0/stm32cubeide/plugins/com.st.stm32cube.ide.mcu.externaltools.gnu-tools-for-stm32.7-2018-q2-update.win32_1.4.0.202007081208/tools/bin/../lib/gcc/arm-none-eabi/7.3.1/../../../../arm-none-eabi/lib/thumb/v7-m\libc_nano.a(lib_a-memmove.o)
                0x000000000800b052                memmove
 .text.__malloc_lock
                0x000000000800b084        0x2 c:/program files (x86)/stm32cubeide_1.4.0/stm32cubeide/plugins/com.st.stm32cube.ide.mcu.externaltools.gnu-tools-for-stm32.7-2018-q2-update.win32_1.4.0.202007081208/tools/bin/../lib/gcc/arm-none-eabi/7.3.1/../../../../arm-none-eabi/lib/thumb/v7-m\libc_nano.a(lib_a-mlock.o)
                0x000000000800b084                __malloc_lock
 .text.__malloc_unlock
                0x000000000800b086        0x2 c:/program files (x86)/stm32cubeide_1.4.0/stm32cubeide/plugins/com.st.stm32cube.ide.mcu.externaltools.gnu-tools-for-stm32.7-2018-q2-update.win32_1.4.0.202007081208/tools/bin/../lib/gcc/arm-none-eabi/7.3.1/../../../../arm-none-eabi/lib/thumb/v7-m\libc_nano.a(lib_a-mlock.o)
                0x000000000800b086                __malloc_unlock
 .text._realloc_r
                0x000000000800b088       0x4c c:/program files (x86)/stm32cubeide_1.4.0/stm32cubeide/plugins/com.st.stm32cube.ide.mcu.externaltools.gnu-tools-for-stm32.7-2018-q2-update.win32_1.4.0.202007081208/tools/bin/../lib/gcc/arm-none-eabi/7.3.1/../../../../arm-none-eabi/lib/thumb/v7-m\libc_nano.a(lib_a-nano-reallocr.o)
                0x000000000800b088                _realloc_r
 .text._malloc_usable_size_r
                0x000000000800b0d4       0x10 c:/program files (x86)/stm32cubeide_1.4.0/stm32cubeide/plugins/com.st.stm32cube.ide.mcu.externaltools.gnu-tools-for-stm32.7-2018-q2-update.win32_1.4.0.202007081208/tools/bin/../lib/gcc/arm-none-eabi/7.3.1/../../../../arm-none-eabi/lib/thumb/v7-m\libc_nano.a(lib_a-nano-msizer.o)
                0x000000000800b0d4                _malloc_usable_size_r
 *(.glue_7)
 .glue_7        0x000000000800b0e4        0x0 linker stubs
 *(.glue_7t)
 .glue_7t       0x000000000800b0e4        0x0 linker stubs
 *(.eh_frame)
 .eh_frame      0x000000000800b0e4        0x0 c:/program files (x86)/stm32cubeide_1.4.0/stm32cubeide/plugins/com.st.stm32cube.ide.mcu.externaltools.gnu-tools-for-stm32.7-2018-q2-update.win32_1.4.0.202007081208/tools/bin/../lib/gcc/arm-none-eabi/7.3.1/thumb/v7-m/crtbegin.o
 *(.init)
 .init          0x000000000800b0e4        0x4 c:/program files (x86)/stm32cubeide_1.4.0/stm32cubeide/plugins/com.st.stm32cube.ide.mcu.externaltools.gnu-tools-for-stm32.7-2018-q2-update.win32_1.4.0.202007081208/tools/bin/../lib/gcc/arm-none-eabi/7.3.1/thumb/v7-m/crti.o
                0x000000000800b0e4                _init
 .init          0x000000000800b0e8        0x8 c:/program files (x86)/stm32cubeide_1.4.0/stm32cubeide/plugins/com.st.stm32cube.ide.mcu.externaltools.gnu-tools-for-stm32.7-2018-q2-update.win32_1.4.0.202007081208/tools/bin/../lib/gcc/arm-none-eabi/7.3.1/thumb/v7-m/crtn.o
 *(.fini)
 .fini          0x000000000800b0f0        0x4 c:/program files (x86)/stm32cubeide_1.4.0/stm32cubeide/plugins/com.st.stm32cube.ide.mcu.externaltools.gnu-tools-for-stm32.7-2018-q2-update.win32_1.4.0.202007081208/tools/bin/../lib/gcc/arm-none-eabi/7.3.1/thumb/v7-m/crti.o
                0x000000000800b0f0                _fini
 .fini          0x000000000800b0f4        0x8 c:/program files (x86)/stm32cubeide_1.4.0/stm32cubeide/plugins/com.st.stm32cube.ide.mcu.externaltools.gnu-tools-for-stm32.7-2018-q2-update.win32_1.4.0.202007081208/tools/bin/../lib/gcc/arm-none-eabi/7.3.1/thumb/v7-m/crtn.o
                0x000000000800b0fc                . = ALIGN (0x4)
                0x000000000800b0fc                _etext = .

.vfp11_veneer   0x000000000800b0fc        0x0
 .vfp11_veneer  0x000000000800b0fc        0x0 linker stubs

.v4_bx          0x000000000800b0fc        0x0
 .v4_bx         0x000000000800b0fc        0x0 linker stubs

.iplt           0x000000000800b0fc        0x0
 .iplt          0x000000000800b0fc        0x0 c:/program files (x86)/stm32cubeide_1.4.0/stm32cubeide/plugins/com.st.stm32cube.ide.mcu.externaltools.gnu-tools-for-stm32.7-2018-q2-update.win32_1.4.0.202007081208/tools/bin/../lib/gcc/arm-none-eabi/7.3.1/thumb/v7-m/crtbegin.o

.rodata         0x000000000800b100      0x6c0
                0x000000000800b100                . = ALIGN (0x4)
 *(.rodata)
 .rodata        0x000000000800b100       0x3e ADAU_1701_LIB_STM32_F4/SigmaDSP.o
 *fill*         0x000000000800b13e        0x2 
 .rodata        0x000000000800b140      0x108 Core/Src/Android.o
 .rodata        0x000000000800b248       0x3a Core/Src/PowerManager.o
 *fill*         0x000000000800b282        0x2 
 .rodata        0x000000000800b284      0x132 Core/Src/main.o
 *fill*         0x000000000800b3b6        0x2 
 .rodata        0x000000000800b3b8       0x12 Drivers/STM32F1xx_HAL_Driver/Src/stm32f1xx_hal_rcc.o
 *fill*         0x000000000800b3ca        0x2 
 .rodata        0x000000000800b3cc       0xa8 MAZDA_CAR_RADIO_DSP_COMMAND_RECIVER/DspCommandReciver.o
 .rodata        0x000000000800b474       0x53 MAZDA_EXT_CD_CHANGER_EMULATOR/ExtDeviceCommandReciver.o
 *fill*         0x000000000800b4c7        0x1 
 .rodata        0x000000000800b4c8        0x3 SERIAL_LIB_STM32_F4/Serial.o
 *(.rodata*)
 *fill*         0x000000000800b4cb        0x1 
 .rodata.AHBPrescTable
                0x000000000800b4cc       0x10 Core/Src/system_stm32f1xx.o
                0x000000000800b4cc                AHBPrescTable
 .rodata.APBPrescTable
                0x000000000800b4dc        0x8 Core/Src/system_stm32f1xx.o
                0x000000000800b4dc                APBPrescTable
 .rodata.powf.str1.1
                0x000000000800b4e4        0x5 c:/program files (x86)/stm32cubeide_1.4.0/stm32cubeide/plugins/com.st.stm32cube.ide.mcu.externaltools.gnu-tools-for-stm32.7-2018-q2-update.win32_1.4.0.202007081208/tools/bin/../lib/gcc/arm-none-eabi/7.3.1/../../../../arm-none-eabi/lib/thumb/v7-m\libm.a(lib_a-wf_pow.o)
 .rodata.__ieee754_powf.str1.1
                0x000000000800b4e9        0x5 c:/program files (x86)/stm32cubeide_1.4.0/stm32cubeide/plugins/com.st.stm32cube.ide.mcu.externaltools.gnu-tools-for-stm32.7-2018-q2-update.win32_1.4.0.202007081208/tools/bin/../lib/gcc/arm-none-eabi/7.3.1/../../../../arm-none-eabi/lib/thumb/v7-m\libm.a(lib_a-ef_pow.o)
                                          0x1 (size before relaxing)
 *fill*         0x000000000800b4e9        0x3 
 .rodata.bp     0x000000000800b4ec        0x8 c:/program files (x86)/stm32cubeide_1.4.0/stm32cubeide/plugins/com.st.stm32cube.ide.mcu.externaltools.gnu-tools-for-stm32.7-2018-q2-update.win32_1.4.0.202007081208/tools/bin/../lib/gcc/arm-none-eabi/7.3.1/../../../../arm-none-eabi/lib/thumb/v7-m\libm.a(lib_a-ef_pow.o)
 .rodata.dp_h   0x000000000800b4f4        0x8 c:/program files (x86)/stm32cubeide_1.4.0/stm32cubeide/plugins/com.st.stm32cube.ide.mcu.externaltools.gnu-tools-for-stm32.7-2018-q2-update.win32_1.4.0.202007081208/tools/bin/../lib/gcc/arm-none-eabi/7.3.1/../../../../arm-none-eabi/lib/thumb/v7-m\libm.a(lib_a-ef_pow.o)
 .rodata.dp_l   0x000000000800b4fc        0x8 c:/program files (x86)/stm32cubeide_1.4.0/stm32cubeide/plugins/com.st.stm32cube.ide.mcu.externaltools.gnu-tools-for-stm32.7-2018-q2-update.win32_1.4.0.202007081208/tools/bin/../lib/gcc/arm-none-eabi/7.3.1/../../../../arm-none-eabi/lib/thumb/v7-m\libm.a(lib_a-ef_pow.o)
 .rodata.TWO23  0x000000000800b504        0x8 c:/program files (x86)/stm32cubeide_1.4.0/stm32cubeide/plugins/com.st.stm32cube.ide.mcu.externaltools.gnu-tools-for-stm32.7-2018-q2-update.win32_1.4.0.202007081208/tools/bin/../lib/gcc/arm-none-eabi/7.3.1/../../../../arm-none-eabi/lib/thumb/v7-m\libm.a(lib_a-sf_rint.o)
 .rodata._printf_float.str1.1
                0x000000000800b50c       0x12 c:/program files (x86)/stm32cubeide_1.4.0/stm32cubeide/plugins/com.st.stm32cube.ide.mcu.externaltools.gnu-tools-for-stm32.7-2018-q2-update.win32_1.4.0.202007081208/tools/bin/../lib/gcc/arm-none-eabi/7.3.1/../../../../arm-none-eabi/lib/thumb/v7-m\libc_nano.a(lib_a-nano-vfprintf_float.o)
 .rodata._printf_i.str1.1
                0x000000000800b51e       0x22 c:/program files (x86)/stm32cubeide_1.4.0/stm32cubeide/plugins/com.st.stm32cube.ide.mcu.externaltools.gnu-tools-for-stm32.7-2018-q2-update.win32_1.4.0.202007081208/tools/bin/../lib/gcc/arm-none-eabi/7.3.1/../../../../arm-none-eabi/lib/thumb/v7-m\libc_nano.a(lib_a-nano-vfprintf_i.o)
 .rodata._scanf_float.str1.1
                0x000000000800b540        0x5 c:/program files (x86)/stm32cubeide_1.4.0/stm32cubeide/plugins/com.st.stm32cube.ide.mcu.externaltools.gnu-tools-for-stm32.7-2018-q2-update.win32_1.4.0.202007081208/tools/bin/../lib/gcc/arm-none-eabi/7.3.1/../../../../arm-none-eabi/lib/thumb/v7-m\libc_nano.a(lib_a-nano-vfscanf_float.o)
 .rodata._strtod_l.str1.1
                0x000000000800b545        0x5 c:/program files (x86)/stm32cubeide_1.4.0/stm32cubeide/plugins/com.st.stm32cube.ide.mcu.externaltools.gnu-tools-for-stm32.7-2018-q2-update.win32_1.4.0.202007081208/tools/bin/../lib/gcc/arm-none-eabi/7.3.1/../../../../arm-none-eabi/lib/thumb/v7-m\libc_nano.a(lib_a-strtod.o)
                                          0xc (size before relaxing)
 *fill*         0x000000000800b545        0x3 
 .rodata.fpi.6160
                0x000000000800b548       0x14 c:/program files (x86)/stm32cubeide_1.4.0/stm32cubeide/plugins/com.st.stm32cube.ide.mcu.externaltools.gnu-tools-for-stm32.7-2018-q2-update.win32_1.4.0.202007081208/tools/bin/../lib/gcc/arm-none-eabi/7.3.1/../../../../arm-none-eabi/lib/thumb/v7-m\libc_nano.a(lib_a-strtod.o)
 .rodata.fpinan.6196
                0x000000000800b55c       0x14 c:/program files (x86)/stm32cubeide_1.4.0/stm32cubeide/plugins/com.st.stm32cube.ide.mcu.externaltools.gnu-tools-for-stm32.7-2018-q2-update.win32_1.4.0.202007081208/tools/bin/../lib/gcc/arm-none-eabi/7.3.1/../../../../arm-none-eabi/lib/thumb/v7-m\libc_nano.a(lib_a-strtod.o)
 .rodata.tinytens
                0x000000000800b570       0x28 c:/program files (x86)/stm32cubeide_1.4.0/stm32cubeide/plugins/com.st.stm32cube.ide.mcu.externaltools.gnu-tools-for-stm32.7-2018-q2-update.win32_1.4.0.202007081208/tools/bin/../lib/gcc/arm-none-eabi/7.3.1/../../../../arm-none-eabi/lib/thumb/v7-m\libc_nano.a(lib_a-strtod.o)
 .rodata._dtoa_r.str1.1
                0x000000000800b598        0xd c:/program files (x86)/stm32cubeide_1.4.0/stm32cubeide/plugins/com.st.stm32cube.ide.mcu.externaltools.gnu-tools-for-stm32.7-2018-q2-update.win32_1.4.0.202007081208/tools/bin/../lib/gcc/arm-none-eabi/7.3.1/../../../../arm-none-eabi/lib/thumb/v7-m\libc_nano.a(lib_a-dtoa.o)
                                          0xf (size before relaxing)
 .rodata._setlocale_r.str1.1
                0x000000000800b5a5        0x8 c:/program files (x86)/stm32cubeide_1.4.0/stm32cubeide/plugins/com.st.stm32cube.ide.mcu.externaltools.gnu-tools-for-stm32.7-2018-q2-update.win32_1.4.0.202007081208/tools/bin/../lib/gcc/arm-none-eabi/7.3.1/../../../../arm-none-eabi/lib/thumb/v7-m\libc_nano.a(lib_a-locale.o)
                                          0x9 (size before relaxing)
 .rodata.str1.1
                0x000000000800b5ad        0x2 c:/program files (x86)/stm32cubeide_1.4.0/stm32cubeide/plugins/com.st.stm32cube.ide.mcu.externaltools.gnu-tools-for-stm32.7-2018-q2-update.win32_1.4.0.202007081208/tools/bin/../lib/gcc/arm-none-eabi/7.3.1/../../../../arm-none-eabi/lib/thumb/v7-m\libc_nano.a(lib_a-locale.o)
 *fill*         0x000000000800b5af        0x1 
 .rodata.__mprec_bigtens
                0x000000000800b5b0       0x28 c:/program files (x86)/stm32cubeide_1.4.0/stm32cubeide/plugins/com.st.stm32cube.ide.mcu.externaltools.gnu-tools-for-stm32.7-2018-q2-update.win32_1.4.0.202007081208/tools/bin/../lib/gcc/arm-none-eabi/7.3.1/../../../../arm-none-eabi/lib/thumb/v7-m\libc_nano.a(lib_a-mprec.o)
                0x000000000800b5b0                __mprec_bigtens
 .rodata.__mprec_tens