std_abs.h:70:3:constexpr double std::abs(double)	16	static
std_abs.h:74:3:constexpr float std::abs(float)	16	static
cmath:184:3:constexpr float std::cos(float)	16	static
cmath:425:3:constexpr float std::sin(float)	16	static
cmath:463:3:constexpr float std::sqrt(float)	16	static
cmath:482:3:constexpr float std::tan(float)	16	static
SigmaDSP.cpp:16:1:SigmaDSP::SigmaDSP(I2C_HandleTypeDef*, uint8_t, uint8_t, GPIO_TypeDef*, uint16_t, UART_HandleTypeDef*)	24	static
SigmaDSP.cpp:57:6:void SigmaDSP::reset()	16	static
SigmaDSP.cpp:81:6:bool SigmaDSP::ping()	32	static
SigmaDSP.cpp:116:6:void SigmaDSP::mux(uint16_t, uint8_t, uint8_t)	16	static
SigmaDSP.cpp:133:6:void SigmaDSP::demux(uint16_t, uint8_t, uint8_t)	24	static
SigmaDSP.cpp:159:6:void SigmaDSP::gain(uint16_t, float, uint8_t)	32	static
SigmaDSP.cpp:167:6:void SigmaDSP::gain(uint16_t, int32_t, uint8_t)	32	static
SigmaDSP.cpp:178:6:void SigmaDSP::mute(uint16_t, bool, uint8_t)	24	static
SigmaDSP.cpp:189:6:void SigmaDSP::twoChannelGain(uint16_t, int, int)	32	static
cmath:415:5:constexpr typename __gnu_cxx::__promote_2<_Tp, _Up>::__type std::pow(_Tp, _Up) [with _Tp = int; _Up = float]	24	static
SigmaDSP.cpp:216:6:void SigmaDSP::volume_slew(uint16_t, float, uint8_t)	40	static
SigmaDSP.cpp:232:6:void SigmaDSP::dynamicBass(uint16_t, float)	40	static
SigmaDSP.cpp:249:6:void SigmaDSP::hardClip(uint16_t, float, float)	24	static
SigmaDSP.cpp:263:6:void SigmaDSP::softClip(uint16_t, float)	48	static
SigmaDSP.cpp:279:6:void SigmaDSP::dcSource(uint16_t, float)	24	static
SigmaDSP.cpp:293:6:void SigmaDSP::sineSource(uint16_t, float)	56	static
SigmaDSP.cpp:300:6:void SigmaDSP::sineSource(uint16_t, int32_t)	48	static
SigmaDSP.cpp:316:6:void SigmaDSP::squareSource(uint16_t, float)	24	static
SigmaDSP.cpp:317:6:void SigmaDSP::squareSource(uint16_t, int32_t)	24	static
SigmaDSP.cpp:328:6:void SigmaDSP::sawtoothSource(uint16_t, float)	40	static
SigmaDSP.cpp:335:6:void SigmaDSP::sawtoothSource(uint16_t, int32_t)	32	static
SigmaDSP.cpp:352:6:void SigmaDSP::triangleSource(uint16_t, float)	88	static
SigmaDSP.cpp:359:6:void SigmaDSP::triangleSource(uint16_t, int32_t)	80	static
SigmaDSP.cpp:389:6:void SigmaDSP::audioDelay(uint16_t, float)	40	static
SigmaDSP.cpp:407:6:void SigmaDSP::EQfirstOrder(uint16_t, firstOrderEQ_t&)	72	static
cmath:350:5:constexpr typename __gnu_cxx::__enable_if<std::__is_integer<_Tp>::__value, double>::__type std::log(_Tp) [with _Tp = int]	24	static
cmath:475:5:constexpr typename __gnu_cxx::__enable_if<std::__is_integer<_Tp>::__value, double>::__type std::sqrt(_Tp) [with _Tp = int]	24	static
SigmaDSP.cpp:467:6:void SigmaDSP::EQsecondOrder(uint16_t, secondOrderEQ_t&)	128	static
cmath:415:5:constexpr typename __gnu_cxx::__promote_2<_Tp, _Up>::__type std::pow(_Tp, _Up) [with _Tp = int; _Up = double]	32	static
SigmaDSP.cpp:645:6:void SigmaDSP::toneControl(uint16_t, toneCtrl_t&)	160	static
SigmaDSP.cpp:720:6:void SigmaDSP::stateVariable(uint16_t, float, float)	32	static
SigmaDSP.cpp:737:6:void SigmaDSP::compressorRMS(uint16_t, compressor_t&)	488	static
SigmaDSP.cpp:821:6:void SigmaDSP::compressorPeak(uint16_t, compressor_t&)	472	static
SigmaDSP.cpp:893:6:void SigmaDSP::muteADC(bool)	24	static
SigmaDSP.cpp:918:6:void SigmaDSP::muteDAC(bool)	24	static
SigmaDSP.cpp:945:6:void SigmaDSP::safeload_writeRegister(uint16_t, uint8_t*, bool)	32	static
SigmaDSP.cpp:974:6:void SigmaDSP::safeload_writeRegister(uint16_t, int32_t, bool)	32	static
SigmaDSP.cpp:981:6:void SigmaDSP::safeload_writeRegister(uint16_t, float, bool)	32	static
SigmaDSP.cpp:991:6:void SigmaDSP::safeload_writeRegister(uint16_t, int, bool)	24	static
SigmaDSP.cpp:993:6:void SigmaDSP::safeload_writeRegister(uint16_t, uint32_t, bool)	24	static
SigmaDSP.cpp:994:6:void SigmaDSP::safeload_writeRegister(uint16_t, uint16_t, bool)	24	static
SigmaDSP.cpp:995:6:void SigmaDSP::safeload_writeRegister(uint16_t, uint8_t, bool)	16	static
SigmaDSP.cpp:996:6:void SigmaDSP::safeload_writeRegister(uint16_t, double, bool)	24	static
SigmaDSP.cpp:1008:6:void SigmaDSP::writeRegister(uint16_t, uint8_t, const uint8_t*)	56	dynamic
SigmaDSP.cpp:1072:6:void SigmaDSP::writeRegisterBlock(uint16_t, uint16_t, const uint8_t*, uint8_t)	48	dynamic
SigmaDSP.cpp:1124:9:int32_t SigmaDSP::readBack(uint16_t, uint16_t, uint8_t)	64	dynamic
SigmaDSP.cpp:1188:10:uint32_t SigmaDSP::readRegister(dspRegister, uint8_t)	56	dynamic
SigmaDSP.cpp:1236:6:void SigmaDSP::floatToFixed(float, uint8_t*)	32	static
SigmaDSP.cpp:1262:6:void SigmaDSP::intToFixed(int32_t, uint8_t*)	24	static
SigmaDSP.cpp:1284:9:int32_t SigmaDSP::floatToInt(float)	16	static
SigmaDSP.cpp:1305:6:void SigmaDSP::linspace(float, float, float, float*)	40	static
SigmaDSP.h:146:10:) [with Address = short unsigned int; Data1 = unsigned char; DataN = {}]	24	static
SigmaDSP.h:146:10:) [with Address = short unsigned int; Data1 = float; DataN = {long int}]	24	static
SigmaDSP.h:146:10:) [with Address = short unsigned int; Data1 = float; DataN = {}]	24	static
SigmaDSP.h:146:10:) [with Address = short unsigned int; Data1 = float; DataN = {float}]	24	static
SigmaDSP.h:146:10:) [with Address = short unsigned int; Data1 = float; DataN = {float, float, float}]	32	static
SigmaDSP.h:146:10:) [with Address = short unsigned int; Data1 = int; DataN = {float, int}]	24	static
SigmaDSP.h:146:10:) [with Address = short unsigned int; Data1 = int; DataN = {long int, int}]	24	static
SigmaDSP.h:146:10:) [with Address = short unsigned int; Data1 = float; DataN = {int}]	24	static
SigmaDSP.h:146:10:) [with Address = short unsigned int; Data1 = long int; DataN = {int}]	24	static
SigmaDSP.h:146:10:) [with Address = short unsigned int; Data1 = int; DataN = {int, int, int, int, float, int}]	40	static
SigmaDSP.h:146:10:) [with Address = short unsigned int; Data1 = int; DataN = {int, int, int, int, long int, int}]	40	static
SigmaDSP.h:146:10:) [with Address = short unsigned int; Data1 = long int; DataN = {}]	24	static
cmath:415:5:constexpr typename __gnu_cxx::__promote_2<_Tp, _Up>::__type std::pow(_Tp, _Up) [with _Tp = double; _Up = float]	32	static
SigmaDSP.h:146:10:) [with Address = short unsigned int; Data1 = float; DataN = {float, float}]	24	static
SigmaDSP.h:146:10:) [with Address = short unsigned int; Data1 = float; DataN = {float, float, float, float}]	32	static
SigmaDSP.h:183:10:void SigmaDSP::safeload_write_wrapper(const Data1&) [with Data1 = unsigned char]	16	static
SigmaDSP.h:175:10:) [with Data1 = float; DataN = {long int}]	24	static
SigmaDSP.h:183:10:void SigmaDSP::safeload_write_wrapper(const Data1&) [with Data1 = float]	16	static
SigmaDSP.h:175:10:) [with Data1 = float; DataN = {float}]	24	static
SigmaDSP.h:175:10:) [with Data1 = float; DataN = {float, float, float}]	24	static
SigmaDSP.h:175:10:) [with Data1 = int; DataN = {float, int}]	24	static
SigmaDSP.h:175:10:) [with Data1 = int; DataN = {long int, int}]	24	static
SigmaDSP.h:175:10:) [with Data1 = float; DataN = {int}]	24	static
SigmaDSP.h:175:10:) [with Data1 = long int; DataN = {int}]	24	static
SigmaDSP.h:175:10:) [with Data1 = int; DataN = {int, int, int, int, float, int}]	40	static
SigmaDSP.h:175:10:) [with Data1 = int; DataN = {int, int, int, int, long int, int}]	40	static
SigmaDSP.h:183:10:void SigmaDSP::safeload_write_wrapper(const Data1&) [with Data1 = long int]	16	static
SigmaDSP.h:175:10:) [with Data1 = float; DataN = {float, float}]	24	static
SigmaDSP.h:175:10:) [with Data1 = float; DataN = {float, float, float, float}]	32	static
SigmaDSP.h:183:10:void SigmaDSP::safeload_write_wrapper(const Data1&) [with Data1 = int]	16	static
SigmaDSP.h:175:10:) [with Data1 = int; DataN = {int, int, int, float, int}]	32	static
SigmaDSP.h:175:10:) [with Data1 = int; DataN = {int, int, int, long int, int}]	32	static
SigmaDSP.h:175:10:) [with Data1 = int; DataN = {int, int, float, int}]	32	static
SigmaDSP.h:175:10:) [with Data1 = int; DataN = {int, int, long int, int}]	32	static
SigmaDSP.h:175:10:) [with Data1 = int; DataN = {int, float, int}]	24	static
SigmaDSP.h:175:10:) [with Data1 = int; DataN = {int, long int, int}]	24	static
