ExtDeviceCommandReciver.cpp:5:1:ExtDeviceCommandReciver::ExtDeviceCommandReciver(GPIO_TypeDef*, uint16_t, GPIO_TypeDef*, uint16_t, TIM_HandleTypeDef*, UART_HandleTypeDef*, void (*)(), void (*)(), void (*)(), void (*)())	8	static
ExtDeviceCommandReciver.cpp:34:6:void ExtDeviceCommandReciver::convertToHex(uint64_t, char*)	0	static
ExtDeviceCommandReciver.cpp:177:6:void ExtDeviceCommandReciver::resetPlayingFlag()	0	static
ExtDeviceCommandReciver.cpp:181:6:bool ExtDeviceCommandReciver::isPlaying()	0	static
ExtDeviceCommandReciver.cpp:324:6:void ExtDeviceCommandReciver::startTimer()	0	static
ExtDeviceCommandReciver.cpp:328:10:uint16_t ExtDeviceCommandReciver::getMicros()	0	static
ExtDeviceCommandReciver.cpp:332:6:void ExtDeviceCommandReciver::resetMicros()	0	static
ExtDeviceCommandReciver.cpp:39:10:uint32_t ExtDeviceCommandReciver::readCommand(uint32_t)	24	static
ExtDeviceCommandReciver.cpp:30:10:uint32_t ExtDeviceCommandReciver::readCommand()	0	static
ExtDeviceCommandReciver.cpp:337:6:void ExtDeviceCommandReciver::delayMicros(uint16_t)	0	static
ExtDeviceCommandReciver.cpp:62:6:void ExtDeviceCommandReciver::writeZero()	8	static
ExtDeviceCommandReciver.cpp:70:6:void ExtDeviceCommandReciver::writeOne()	8	static
ExtDeviceCommandReciver.cpp:94:6:void ExtDeviceCommandReciver::writeHexBitWise(uint8_t)	24	static
ExtDeviceCommandReciver.cpp:78:6:void ExtDeviceCommandReciver::writeCommand(char*, int)	24	static
ExtDeviceCommandReciver.cpp:164:6:void ExtDeviceCommandReciver::sendTime(uint8_t, uint8_t)	16	static
ExtDeviceCommandReciver.cpp:185:6:void ExtDeviceCommandReciver::pong()	0	static
ExtDeviceCommandReciver.cpp:189:6:void ExtDeviceCommandReciver::wakeUp()	8	static
ExtDeviceCommandReciver.cpp:197:6:void ExtDeviceCommandReciver::play()	8	static
ExtDeviceCommandReciver.cpp:206:6:void ExtDeviceCommandReciver::stop()	8	static
ExtDeviceCommandReciver.cpp:214:6:void ExtDeviceCommandReciver::updateTrack(char*)	24	static
ExtDeviceCommandReciver.cpp:106:10:uint32_t ExtDeviceCommandReciver::commandProcessing()	48	static
