Android.cpp:4:1:Android::Android(UART_HandleTypeDef*, UART_HandleTypeDef*)	0	static
Android.cpp:32:6:bool Android::isConnected()	0	static
Android.cpp:36:6:void Android::resetState()	0	static
Android.cpp:40:6:void Android::processComand(char*)	8	static
Android.cpp:60:6:void Android::ping()	16	static
Android.cpp:65:6:bool Android::tryPong()	0	static
Android.cpp:73:6:void Android::play()	16	static
Android.cpp:8:6:void Android::connect()	8	static
Android.cpp:80:6:void Android::stop()	16	static
Android.cpp:87:6:void Android::next()	16	static
Android.cpp:93:6:void Android::prev()	16	static
Android.cpp:99:6:void Android::shutdown()	16	static
