..\Core\Src\Android.cpp:4:1:Android::Android(UART_HandleTypeDef*, UART_HandleTypeDef*)	0	static
..\Core\Src\Android.cpp:32:6:bool Android::isConnected()	0	static
..\Core\Src\Android.cpp:36:6:void Android::resetState()	0	static
..\Core\Src\Android.cpp:40:6:void Android::processComand(char*)	16	static
..\Core\Src\Android.cpp:64:6:void Android::ping()	0	static
..\Core\Src\Android.cpp:71:6:bool Android::tryPong()	0	static
..\Core\Src\Android.cpp:79:6:void Android::play()	16	static
..\Core\Src\Android.cpp:8:6:void Android::connect()	8	static
..\Core\Src\Android.cpp:88:6:void Android::stop()	16	static
..\Core\Src\Android.cpp:97:6:void Android::next()	16	static
..\Core\Src\Android.cpp:105:6:void Android::prev()	16	static
..\Core\Src\Android.cpp:113:6:void Android::shutdown()	16	static
