..\Core\Src\main.cpp:617:6:void addToBuffer(char*)	0	static
..\Core\Src\main.cpp:827:6:void waitOff()	8	static
..\Core\Src\main.cpp:810:6:void accOn()	8	static
..\Core\Src\main.cpp:838:6:void playTrack()	0	static
..\Core\Src\main.cpp:817:6:void accOff()	8	static
..\Core\Src\main.cpp:854:6:void nextTrack()	0	static
..\Core\Src\main.cpp:861:6:void prevTrack()	0	static
..\Core\Src\main.cpp:835:6:void off()	0	static
..\Core\Src\main.cpp:846:6:void stopTrack()	0	static
../Core/Inc/RingBuffer.h:18:14:static void RingBuffer::clearArray(char*, int)	0	static
..\Core\Src\main.cpp:238:6:void SystemClock_Config()	72	static
..\Core\Src\main.cpp:549:6:void HAL_I2C_ListenCpltCallback(I2C_HandleTypeDef*)	0	static
..\Core\Src\main.cpp:553:6:void HAL_I2C_ErrorCallback(I2C_HandleTypeDef*)	0	static
..\Core\Src\main.cpp:557:6:void HAL_I2C_AddrCallback(I2C_HandleTypeDef*, uint8_t, uint16_t)	0	static
..\Core\Src\main.cpp:572:6:void setupReadFlagGPIO(bool)	0	static
..\Core\Src\main.cpp:621:6:void processI2C()	24	static
..\Core\Src\main.cpp:666:6:void processUART()	16	static
..\Core\Src\main.cpp:697:6:void checkConnection()	8	static
..\Core\Src\main.cpp:712:6:void clearPendingInterrupt()	0	static
..\Core\Src\main.cpp:719:6:void dataRequestInterrupt()	8	static
..\Core\Src\main.cpp:724:6:void mBusRequestInterrupt()	8	static
..\Core\Src\main.cpp:730:6:void timeProcessing()	16	static
..\Core\Src\main.cpp:741:6:void volumeProcessing()	56	static
..\Core\Src\main.cpp:780:6:void amplifierProcessing()	8	static
..\Core\Src\main.cpp:798:6:void monitorProcessing()	8	static
..\Core\Src\main.cpp:868:6:void uartRequestInterrupt()	0	static
..\Core\Src\main.cpp:872:6:void resetAdauCmd()	8	static
..\Core\Src\main.cpp:576:6:void executeInputCmd()	16	static,ignoring_inline_asm
..\Core\Src\main.cpp:879:6:void cmdInfoToBuffer()	32	static
..\Core\Src\main.cpp:926:6:void muteRadioFunc(bool)	16	static
..\Core\Src\main.cpp:940:6:void muteAndroidFunc(bool)	16	static
..\Core\Src\main.cpp:891:6:void muteProcessing()	8	static
..\Core\Src\main.cpp:148:5:int main()	56	static
..\Core\Src\main.cpp:960:6:void Error_Handler()	0	static
..\Core\Src\main.cpp:965:1:cpp)	56	static
