main.cpp:598:6:void off()	0	static
main.cpp:581:6:void accOn()	8	static
main.cpp:588:6:void accOff()	8	static
main.cpp:606:6:void stopTrack()	0	static
main.cpp:594:6:void waitOff()	0	static
main.cpp:602:6:void playTrack()	0	static
main.cpp:610:6:void nextTrack()	0	static
main.cpp:614:6:void prevTrack()	0	static
main.cpp:175:6:void SystemClock_Config()	72	static
main.cpp:500:6:void clearPendingInterrupt()	0	static
main.cpp:507:6:void dataRequestInterrupt()	8	static
main.cpp:513:6:void mBusRequestInterrupt()	8	static
main.cpp:520:6:void timeProcessing()	16	static
main.cpp:531:6:void volumeProcessing()	16	static
main.cpp:557:6:void amplifierProcessing()	8	static
main.cpp:569:6:void monitorProcessing()	8	static
main.cpp:618:6:void clearTmp()	0	static
main.cpp:107:5:int main()	56	static
main.cpp:630:6:void Error_Handler()	0	static
main.cpp:636:1:cpp)	56	static
