..\Core\Inc\MAZDA_CAR_RADIO_DSP_COMMAND_RECIVER\LevelMapping.h:40:5:int getCorrectedLevel(int)	24	static
..\Core\Inc\MAZDA_CAR_RADIO_DSP_COMMAND_RECIVER\DspCommandReciver.cpp:52:6:bool DspCommandReciver::readPackage(int)	16	static
..\Core\Inc\MAZDA_CAR_RADIO_DSP_COMMAND_RECIVER\DspCommandReciver.cpp:176:6:bool DspCommandReciver::tranferDataFromBuffer(int8_t*, bool)	16	static
..\Core\Inc\MAZDA_CAR_RADIO_DSP_COMMAND_RECIVER\DspCommandReciver.cpp:249:6:void DspCommandReciver::clearData(char*)	0	static
..\Core\Inc\MAZDA_CAR_RADIO_DSP_COMMAND_RECIVER\DspCommandReciver.cpp:255:6:void DspCommandReciver::clearData(int8_t*)	0	static
..\Core\Inc\MAZDA_CAR_RADIO_DSP_COMMAND_RECIVER\DspCommandReciver.cpp:4:1:DspCommandReciver::DspCommandReciver(GPIO_TypeDef*, uint16_t, GPIO_TypeDef*, uint16_t, UART_HandleTypeDef*, void (*)(char*))	24	static
..\Core\Inc\MAZDA_CAR_RADIO_DSP_COMMAND_RECIVER\DspCommandReciver.cpp:379:8:int8_t DspCommandReciver::checkElement(int8_t*, int8_t*, int8_t, int8_t)	8	static
..\Core\Inc\MAZDA_CAR_RADIO_DSP_COMMAND_RECIVER\DspCommandReciver.cpp:262:8:int8_t DspCommandReciver::getLevel(uint8_t, uint8_t)	40	static
..\Core\Inc\MAZDA_CAR_RADIO_DSP_COMMAND_RECIVER\DspCommandReciver.cpp:127:6:void DspCommandReciver::printMsgFunc()	264	static
..\Core\Inc\MAZDA_CAR_RADIO_DSP_COMMAND_RECIVER\DspCommandReciver.cpp:147:6:void DspCommandReciver::typeDetectAndSave()	16	static
..\Core\Inc\MAZDA_CAR_RADIO_DSP_COMMAND_RECIVER\DspCommandReciver.cpp:27:6:void DspCommandReciver::readDataOld()	8	static
..\Core\Inc\MAZDA_CAR_RADIO_DSP_COMMAND_RECIVER\DspCommandReciver.cpp:108:6:void DspCommandReciver::readPackage()	8	static
..\Core\Inc\MAZDA_CAR_RADIO_DSP_COMMAND_RECIVER\DspCommandReciver.cpp:190:6:void DspCommandReciver::printToSerial(UART_HandleTypeDef*)	72	static
..\Core\Inc\MAZDA_CAR_RADIO_DSP_COMMAND_RECIVER\DspCommandReciver.cpp:365:8:int8_t DspCommandReciver::getAbsoluteLevel(uint8_t)	24	static
..\Core\Inc\MAZDA_CAR_RADIO_DSP_COMMAND_RECIVER\DspCommandReciver.cpp:399:6:bool DspCommandReciver::isChanged()	0	static
..\Core\Inc\MAZDA_CAR_RADIO_DSP_COMMAND_RECIVER\DspCommandReciver.cpp:408:6:void DspCommandReciver::resetChangedFlag()	0	static
..\Core\Inc\MAZDA_CAR_RADIO_DSP_COMMAND_RECIVER\DspCommandReciver.cpp:412:6:void DspCommandReciver::setChangedFlag()	0	static
