ExtDeviceCommandReciver.h:74:13:int ExtDeviceCommandReciver::toInt(char)	16	static
ExtDeviceCommandReciver.h:78:23:unsigned char ExtDeviceCommandReciver::toHex(char)	16	static
ExtDeviceCommandReciver.cpp:5:1:ExtDeviceCommandReciver::ExtDeviceCommandReciver(GPIO_TypeDef*, uint16_t, GPIO_TypeDef*, uint16_t, TIM_HandleTypeDef*, UART_HandleTypeDef*, void (*)(), void (*)(), void (*)(), void (*)())	24	static
ExtDeviceCommandReciver.cpp:30:10:uint32_t ExtDeviceCommandReciver::readCommand()	16	static
ExtDeviceCommandReciver.cpp:34:6:void ExtDeviceCommandReciver::convertToHex(uint64_t, char*)	24	static
ExtDeviceCommandReciver.cpp:39:10:uint32_t ExtDeviceCommandReciver::readCommand(uint32_t)	24	static
ExtDeviceCommandReciver.cpp:62:6:void ExtDeviceCommandReciver::writeZero()	16	static
ExtDeviceCommandReciver.cpp:70:6:void ExtDeviceCommandReciver::writeOne()	16	static
ExtDeviceCommandReciver.cpp:78:6:void ExtDeviceCommandReciver::writeCommand(char*, int)	40	static
ExtDeviceCommandReciver.cpp:94:6:void ExtDeviceCommandReciver::writeHexBitWise(uint8_t)	24	static
ExtDeviceCommandReciver.cpp:106:10:uint32_t ExtDeviceCommandReciver::commandProcessing()	72	static
ExtDeviceCommandReciver.cpp:164:6:void ExtDeviceCommandReciver::sendTime(uint8_t, uint8_t)	16	static
ExtDeviceCommandReciver.cpp:177:6:void ExtDeviceCommandReciver::resetPlayingFlag()	16	static
ExtDeviceCommandReciver.cpp:181:6:bool ExtDeviceCommandReciver::isPlaying()	16	static
ExtDeviceCommandReciver.cpp:185:6:void ExtDeviceCommandReciver::pong()	16	static
ExtDeviceCommandReciver.cpp:189:6:void ExtDeviceCommandReciver::wakeUp()	16	static
ExtDeviceCommandReciver.cpp:197:6:void ExtDeviceCommandReciver::play()	16	static
ExtDeviceCommandReciver.cpp:205:6:void ExtDeviceCommandReciver::stop()	16	static
ExtDeviceCommandReciver.cpp:212:6:void ExtDeviceCommandReciver::updateTrack(char*)	48	static
ExtDeviceCommandReciver.cpp:268:13:void ExtDeviceCommandReciver::updatePlayFlag(bool)	16	static
ExtDeviceCommandReciver.cpp:282:13:void ExtDeviceCommandReciver::updateTrackTime()	16	static
ExtDeviceCommandReciver.cpp:289:13:void ExtDeviceCommandReciver::updateStop()	16	static
ExtDeviceCommandReciver.cpp:293:13:void ExtDeviceCommandReciver::updateDiskNumber()	16	static
ExtDeviceCommandReciver.cpp:303:13:void ExtDeviceCommandReciver::updateTrackNumber()	16	static
ExtDeviceCommandReciver.cpp:338:6:void ExtDeviceCommandReciver::startTimer()	16	static
ExtDeviceCommandReciver.cpp:342:10:uint16_t ExtDeviceCommandReciver::getMicros()	16	static
ExtDeviceCommandReciver.cpp:346:6:void ExtDeviceCommandReciver::resetMicros()	16	static
ExtDeviceCommandReciver.cpp:351:6:void ExtDeviceCommandReciver::delayMicros(uint16_t)	16	static
