../Drivers/CMSIS/Include/core_cm3.h:1600:22:void __NVIC_ClearPendingIRQ(IRQn_Type)	16	static
../Drivers/CMSIS/Include/core_cm3.h:1762:34:void __NVIC_SystemReset()	4	static,ignoring_inline_asm
../Core/Inc/RingBuffer.h:14:19:static const int RingBuffer::getItemSize()	4	static
../Core/Inc/RingBuffer.h:18:14:static void RingBuffer::clearArray(char*, int)	24	static
../Core/Src/main.cpp:149:5:int main()	8	static
../Core/Src/main.cpp:239:6:void SystemClock_Config()	72	static
../Core/Src/main.cpp:274:13:void MX_NVIC_Init()	8	static
../Core/Src/main.cpp:288:13:void MX_I2C1_Init()	8	static
../Core/Src/main.cpp:320:13:void MX_I2C2_Init()	8	static
../Core/Src/main.cpp:352:13:void MX_TIM1_Init()	32	static
../Core/Src/main.cpp:394:13:void MX_TIM4_Init()	32	static
../Core/Src/main.cpp:435:13:void MX_USART2_UART_Init()	8	static
../Core/Src/main.cpp:466:13:void MX_GPIO_Init()	40	static
../Core/Src/main.cpp:550:6:void HAL_I2C_ListenCpltCallback(I2C_HandleTypeDef*)	16	static
../Core/Src/main.cpp:554:6:void HAL_I2C_ErrorCallback(I2C_HandleTypeDef*)	16	static
../Core/Src/main.cpp:558:6:void HAL_I2C_AddrCallback(I2C_HandleTypeDef*, uint8_t, uint16_t)	16	static
../Core/Src/main.cpp:573:6:void setupReadFlagGPIO(bool)	16	static
../Core/Src/main.cpp:577:6:void executeInputCmd()	16	static
../Core/Src/main.cpp:618:6:void addToBuffer(char*)	16	static
../Core/Src/main.cpp:622:6:void processI2C()	24	static
../Core/Src/main.cpp:667:6:void processUART()	24	static
../Core/Src/main.cpp:697:6:void checkConnection()	4	static
../Core/Src/main.cpp:712:6:void clearPendingInterrupt()	8	static
../Core/Src/main.cpp:719:6:void dataRequestInterrupt()	8	static
../Core/Src/main.cpp:724:6:void mBusRequestInterrupt()	8	static
../Core/Src/main.cpp:730:6:void timeProcessing()	16	static
../Core/Src/main.cpp:741:6:void volumeProcessing()	40	static
../Core/Src/main.cpp:781:6:void amplifierProcessing()	8	static
../Core/Src/main.cpp:795:6:void monitorProcessing()	8	static
../Core/Src/main.cpp:807:6:void accOn()	8	static
../Core/Src/main.cpp:814:6:void accOff()	8	static
../Core/Src/main.cpp:824:6:void waitOff()	8	static
../Core/Src/main.cpp:832:6:void off()	4	static
../Core/Src/main.cpp:835:6:void playTrack()	8	static
../Core/Src/main.cpp:843:6:void stopTrack()	8	static
../Core/Src/main.cpp:851:6:void nextTrack()	8	static
../Core/Src/main.cpp:858:6:void prevTrack()	8	static
../Core/Src/main.cpp:865:6:void uartRequestInterrupt()	8	static
../Core/Src/main.cpp:869:6:void resetAdauCmd()	8	static
../Core/Src/main.cpp:876:6:void cmdInfoToBuffer()	32	static
../Core/Src/main.cpp:889:6:void muteProcessing()	8	static
../Core/Src/main.cpp:924:6:void muteRadioFunc(bool)	16	static
../Core/Src/main.cpp:938:6:void muteAndroidFunc(bool)	16	static
../Core/Src/main.cpp:958:6:void Error_Handler()	4	static
../Core/Src/main.cpp:963:1:void __static_initialization_and_destruction_0(int, int)	48	static
../Core/Src/main.cpp:963:1:cpp)	8	static
