core_cm3.h:1600:22:void __NVIC_ClearPendingIRQ(IRQn_Type)	16	static
core_cm3.h:1762:34:void __NVIC_SystemReset()	4	static,ignoring_inline_asm
main.cpp:122:5:int main()	8	static
main.cpp:203:6:void SystemClock_Config()	72	static
main.cpp:241:13:void MX_NVIC_Init()	8	static
main.cpp:262:13:void MX_I2C2_Init()	8	static
main.cpp:296:13:void MX_TIM1_Init()	32	static
main.cpp:342:13:void MX_TIM4_Init()	32	static
main.cpp:387:13:void MX_USART1_UART_Init()	8	static
main.cpp:420:13:void MX_USART2_UART_Init()	8	static
main.cpp:453:13:void MX_GPIO_Init()	40	static
main.cpp:531:6:void clearPendingInterrupt()	8	static
main.cpp:538:6:void dataRequestInterrupt()	8	static
main.cpp:545:6:void mBusRequestInterrupt()	16	static
main.cpp:553:6:void timeProcessing()	16	static
main.cpp:564:6:void volumeProcessing()	24	static
main.cpp:606:6:void amplifierProcessing()	8	static
main.cpp:620:6:void monitorProcessing()	8	static
main.cpp:632:6:void accOn()	8	static
main.cpp:639:6:void accOff()	8	static
main.cpp:645:6:void waitOff()	8	static
main.cpp:649:6:void off()	4	static
main.cpp:653:6:void playTrack()	8	static
main.cpp:657:6:void stopTrack()	8	static
main.cpp:661:6:void nextTrack()	8	static
main.cpp:665:6:void prevTrack()	8	static
main.cpp:669:6:void clearTmp()	16	static
main.cpp:675:6:void uartRequestInterrupt()	8	static
main.cpp:680:6:void resetAdauCmd()	8	static
main.cpp:687:6:void cmdInfoToSerial()	8	static
main.cpp:700:6:void muteProcessing()	8	static
main.cpp:736:6:void muteRadioFunc(bool)	16	static
main.cpp:748:6:void muteAndroidFunc(bool)	16	static
main.cpp:766:6:void Error_Handler()	4	static
main.cpp:772:1:void __static_initialization_and_destruction_0(int, int)	48	static
main.cpp:772:1:cpp)	8	static
