core_cm3.h:1600:22:void __NVIC_ClearPendingIRQ(IRQn_Type)	16	static
core_cm3.h:1762:34:void __NVIC_SystemReset()	4	static,ignoring_inline_asm
main.cpp:121:5:int main()	8	static
main.cpp:201:6:void SystemClock_Config()	72	static
main.cpp:239:13:void MX_NVIC_Init()	8	static
main.cpp:260:13:void MX_I2C2_Init()	8	static
main.cpp:294:13:void MX_TIM1_Init()	32	static
main.cpp:340:13:void MX_TIM4_Init()	32	static
main.cpp:385:13:void MX_USART1_UART_Init()	8	static
main.cpp:418:13:void MX_USART2_UART_Init()	8	static
main.cpp:451:13:void MX_GPIO_Init()	40	static
main.cpp:529:6:void clearPendingInterrupt()	8	static
main.cpp:536:6:void dataRequestInterrupt()	8	static
main.cpp:543:6:void mBusRequestInterrupt()	16	static
main.cpp:551:6:void timeProcessing()	16	static
main.cpp:562:6:void volumeProcessing()	16	static
main.cpp:593:6:void amplifierProcessing()	8	static
main.cpp:605:6:void monitorProcessing()	8	static
main.cpp:617:6:void accOn()	8	static
main.cpp:624:6:void accOff()	8	static
main.cpp:630:6:void waitOff()	8	static
main.cpp:634:6:void off()	4	static
main.cpp:638:6:void playTrack()	8	static
main.cpp:642:6:void stopTrack()	8	static
main.cpp:646:6:void nextTrack()	8	static
main.cpp:650:6:void prevTrack()	8	static
main.cpp:654:6:void clearTmp()	16	static
main.cpp:660:6:void uartRequestInterrupt()	8	static
main.cpp:665:6:void resetAdauCmd()	8	static
main.cpp:672:6:void cmdInfoToSerial()	8	static
main.cpp:689:6:void Error_Handler()	4	static
main.cpp:695:1:void __static_initialization_and_destruction_0(int, int)	48	static
main.cpp:695:1:cpp)	8	static
