../Core/MAZDA_EXT_CD_CHANGER_EMULATOR/ExtDeviceCommandReciver.cpp:5:1:ExtDeviceCommandReciver::ExtDeviceCommandReciver(GPIO_TypeDef*, uint16_t, GPIO_TypeDef*, uint16_t, TIM_HandleTypeDef*, UART_HandleTypeDef*, void (*)(), void (*)(), void (*)(), void (*)(), void (*)(char*))	12	static
../Core/MAZDA_EXT_CD_CHANGER_EMULATOR/ExtDeviceCommandReciver.cpp:17:6:void ExtDeviceCommandReciver::convertToHex(uint64_t, char*)	0	static
../Core/MAZDA_EXT_CD_CHANGER_EMULATOR/ExtDeviceCommandReciver.cpp:193:6:void ExtDeviceCommandReciver::resetPlayingFlag()	0	static
../Core/MAZDA_EXT_CD_CHANGER_EMULATOR/ExtDeviceCommandReciver.cpp:197:6:bool ExtDeviceCommandReciver::isPlaying()	0	static
../Core/MAZDA_EXT_CD_CHANGER_EMULATOR/ExtDeviceCommandReciver.cpp:329:6:void ExtDeviceCommandReciver::startTimer()	0	static
../Core/MAZDA_EXT_CD_CHANGER_EMULATOR/ExtDeviceCommandReciver.cpp:333:10:uint16_t ExtDeviceCommandReciver::getMicros()	0	static
../Core/MAZDA_EXT_CD_CHANGER_EMULATOR/ExtDeviceCommandReciver.cpp:337:6:void ExtDeviceCommandReciver::resetMicros()	0	static
../Core/MAZDA_EXT_CD_CHANGER_EMULATOR/ExtDeviceCommandReciver.cpp:22:10:uint32_t ExtDeviceCommandReciver::readCommand(uint32_t)	24	static
../Core/MAZDA_EXT_CD_CHANGER_EMULATOR/ExtDeviceCommandReciver.cpp:13:10:uint32_t ExtDeviceCommandReciver::readCommand()	0	static
../Core/MAZDA_EXT_CD_CHANGER_EMULATOR/ExtDeviceCommandReciver.cpp:341:6:void ExtDeviceCommandReciver::delayMicros(uint16_t)	0	static
../Core/MAZDA_EXT_CD_CHANGER_EMULATOR/ExtDeviceCommandReciver.cpp:45:6:void ExtDeviceCommandReciver::writeZero()	8	static
../Core/MAZDA_EXT_CD_CHANGER_EMULATOR/ExtDeviceCommandReciver.cpp:52:6:void ExtDeviceCommandReciver::writeOne()	8	static
../Core/MAZDA_EXT_CD_CHANGER_EMULATOR/ExtDeviceCommandReciver.cpp:86:6:void ExtDeviceCommandReciver::writeHexBitWise(uint8_t)	24	static
../Core/MAZDA_EXT_CD_CHANGER_EMULATOR/ExtDeviceCommandReciver.cpp:59:6:void ExtDeviceCommandReciver::writeCommand(char*, int)	232	static
../Core/MAZDA_EXT_CD_CHANGER_EMULATOR/ExtDeviceCommandReciver.cpp:173:6:void ExtDeviceCommandReciver::sendTime(uint8_t, uint8_t)	16	static
../Core/MAZDA_EXT_CD_CHANGER_EMULATOR/ExtDeviceCommandReciver.cpp:201:6:void ExtDeviceCommandReciver::pong()	0	static
../Core/MAZDA_EXT_CD_CHANGER_EMULATOR/ExtDeviceCommandReciver.cpp:205:6:void ExtDeviceCommandReciver::wakeUp()	8	static
../Core/MAZDA_EXT_CD_CHANGER_EMULATOR/ExtDeviceCommandReciver.cpp:213:6:void ExtDeviceCommandReciver::play()	8	static
../Core/MAZDA_EXT_CD_CHANGER_EMULATOR/ExtDeviceCommandReciver.cpp:221:6:void ExtDeviceCommandReciver::stop()	8	static
../Core/MAZDA_EXT_CD_CHANGER_EMULATOR/ExtDeviceCommandReciver.cpp:228:6:void ExtDeviceCommandReciver::updateTrack(char*)	24	static
../Core/MAZDA_EXT_CD_CHANGER_EMULATOR/ExtDeviceCommandReciver.cpp:98:10:uint32_t ExtDeviceCommandReciver::commandProcessing()	256	static
