Archive member included to satisfy reference by file (symbol)

c:/program files (x86)/stm32cubeide_1.4.0/stm32cubeide/plugins/com.st.stm32cube.ide.mcu.externaltools.gnu-tools-for-stm32.7-2018-q2-update.win32_1.4.0.202007081208/tools/bin/../lib/gcc/arm-none-eabi/7.3.1/../../../../arm-none-eabi/lib/thumb/v7-m\libm.a(lib_a-sf_cos.o)
                              ADAU_1701_LIB_STM32_F4/SigmaDSP.o (cosf)
c:/program files (x86)/stm32cubeide_1.4.0/stm32cubeide/plugins/com.st.stm32cube.ide.mcu.externaltools.gnu-tools-for-stm32.7-2018-q2-update.win32_1.4.0.202007081208/tools/bin/../lib/gcc/arm-none-eabi/7.3.1/../../../../arm-none-eabi/lib/thumb/v7-m\libm.a(lib_a-sf_sin.o)
                              ADAU_1701_LIB_STM32_F4/SigmaDSP.o (sinf)
c:/program files (x86)/stm32cubeide_1.4.0/stm32cubeide/plugins/com.st.stm32cube.ide.mcu.externaltools.gnu-tools-for-stm32.7-2018-q2-update.win32_1.4.0.202007081208/tools/bin/../lib/gcc/arm-none-eabi/7.3.1/../../../../arm-none-eabi/lib/thumb/v7-m\libm.a(lib_a-sf_tan.o)
                              ADAU_1701_LIB_STM32_F4/SigmaDSP.o (tanf)
c:/program files (x86)/stm32cubeide_1.4.0/stm32cubeide/plugins/com.st.stm32cube.ide.mcu.externaltools.gnu-tools-for-stm32.7-2018-q2-update.win32_1.4.0.202007081208/tools/bin/../lib/gcc/arm-none-eabi/7.3.1/../../../../arm-none-eabi/lib/thumb/v7-m\libm.a(lib_a-w_pow.o)
                              ADAU_1701_LIB_STM32_F4/SigmaDSP.o (pow)
c:/program files (x86)/stm32cubeide_1.4.0/stm32cubeide/plugins/com.st.stm32cube.ide.mcu.externaltools.gnu-tools-for-stm32.7-2018-q2-update.win32_1.4.0.202007081208/tools/bin/../lib/gcc/arm-none-eabi/7.3.1/../../../../arm-none-eabi/lib/thumb/v7-m\libm.a(lib_a-w_sinh.o)
                              ADAU_1701_LIB_STM32_F4/SigmaDSP.o (sinh)
c:/program files (x86)/stm32cubeide_1.4.0/stm32cubeide/plugins/com.st.stm32cube.ide.mcu.externaltools.gnu-tools-for-stm32.7-2018-q2-update.win32_1.4.0.202007081208/tools/bin/../lib/gcc/arm-none-eabi/7.3.1/../../../../arm-none-eabi/lib/thumb/v7-m\libm.a(lib_a-wf_pow.o)
                              ADAU_1701_LIB_STM32_F4/SigmaDSP.o (powf)
c:/program files (x86)/stm32cubeide_1.4.0/stm32cubeide/plugins/com.st.stm32cube.ide.mcu.externaltools.gnu-tools-for-stm32.7-2018-q2-update.win32_1.4.0.202007081208/tools/bin/../lib/gcc/arm-none-eabi/7.3.1/../../../../arm-none-eabi/lib/thumb/v7-m\libm.a(lib_a-wf_sqrt.o)
                              ADAU_1701_LIB_STM32_F4/SigmaDSP.o (sqrtf)
c:/program files (x86)/stm32cubeide_1.4.0/stm32cubeide/plugins/com.st.stm32cube.ide.mcu.externaltools.gnu-tools-for-stm32.7-2018-q2-update.win32_1.4.0.202007081208/tools/bin/../lib/gcc/arm-none-eabi/7.3.1/../../../../arm-none-eabi/lib/thumb/v7-m\libm.a(lib_a-e_pow.o)
                              c:/program files (x86)/stm32cubeide_1.4.0/stm32cubeide/plugins/com.st.stm32cube.ide.mcu.externaltools.gnu-tools-for-stm32.7-2018-q2-update.win32_1.4.0.202007081208/tools/bin/../lib/gcc/arm-none-eabi/7.3.1/../../../../arm-none-eabi/lib/thumb/v7-m\libm.a(lib_a-w_pow.o) (__ieee754_pow)
c:/program files (x86)/stm32cubeide_1.4.0/stm32cubeide/plugins/com.st.stm32cube.ide.mcu.externaltools.gnu-tools-for-stm32.7-2018-q2-update.win32_1.4.0.202007081208/tools/bin/../lib/gcc/arm-none-eabi/7.3.1/../../../../arm-none-eabi/lib/thumb/v7-m\libm.a(lib_a-e_sinh.o)
                              c:/program files (x86)/stm32cubeide_1.4.0/stm32cubeide/plugins/com.st.stm32cube.ide.mcu.externaltools.gnu-tools-for-stm32.7-2018-q2-update.win32_1.4.0.202007081208/tools/bin/../lib/gcc/arm-none-eabi/7.3.1/../../../../arm-none-eabi/lib/thumb/v7-m\libm.a(lib_a-w_sinh.o) (__ieee754_sinh)
c:/program files (x86)/stm32cubeide_1.4.0/stm32cubeide/plugins/com.st.stm32cube.ide.mcu.externaltools.gnu-tools-for-stm32.7-2018-q2-update.win32_1.4.0.202007081208/tools/bin/../lib/gcc/arm-none-eabi/7.3.1/../../../../arm-none-eabi/lib/thumb/v7-m\libm.a(lib_a-e_sqrt.o)
                              c:/program files (x86)/stm32cubeide_1.4.0/stm32cubeide/plugins/com.st.stm32cube.ide.mcu.externaltools.gnu-tools-for-stm32.7-2018-q2-update.win32_1.4.0.202007081208/tools/bin/../lib/gcc/arm-none-eabi/7.3.1/../../../../arm-none-eabi/lib/thumb/v7-m\libm.a(lib_a-e_pow.o) (__ieee754_sqrt)
c:/program files (x86)/stm32cubeide_1.4.0/stm32cubeide/plugins/com.st.stm32cube.ide.mcu.externaltools.gnu-tools-for-stm32.7-2018-q2-update.win32_1.4.0.202007081208/tools/bin/../lib/gcc/arm-none-eabi/7.3.1/../../../../arm-none-eabi/lib/thumb/v7-m\libm.a(lib_a-ef_pow.o)
                              c:/program files (x86)/stm32cubeide_1.4.0/stm32cubeide/plugins/com.st.stm32cube.ide.mcu.externaltools.gnu-tools-for-stm32.7-2018-q2-update.win32_1.4.0.202007081208/tools/bin/../lib/gcc/arm-none-eabi/7.3.1/../../../../arm-none-eabi/lib/thumb/v7-m\libm.a(lib_a-wf_pow.o) (__ieee754_powf)
[...]
Memory Configuration

Name             Origin             Length             Attributes
RAM              0x0000000020000000 0x0000000000005000 xrw
FLASH            0x0000000008000000 0x0000000000010000 xr
*default*        0x0000000000000000 0xffffffffffffffff

Linker script and memory map

LOAD c:/program files (x86)/stm32cubeide_1.4.0/stm32cubeide/plugins/com.st.stm32cube.ide.mcu.externaltools.gnu-tools-for-stm32.7-2018-q2-update.win32_1.4.0.202007081208/tools/bin/../lib/gcc/arm-none-eabi/7.3.1/thumb/v7-m/crti.o
LOAD c:/program files (x86)/stm32cubeide_1.4.0/stm32cubeide/plugins/com.st.stm32cube.ide.mcu.externaltools.gnu-tools-for-stm32.7-2018-q2-update.win32_1.4.0.202007081208/tools/bin/../lib/gcc/arm-none-eabi/7.3.1/thumb/v7-m/crtbegin.o
LOAD c:/program files (x86)/stm32cubeide_1.4.0/stm32cubeide/plugins/com.st.stm32cube.ide.mcu.externaltools.gnu-tools-for-stm32.7-2018-q2-update.win32_1.4.0.202007081208/tools/bin/../lib/gcc/arm-none-eabi/7.3.1/../../../../arm-none-eabi/lib/thumb/v7-m/crt0.o
LOAD ADAU_1701_LIB_STM32_F4/DSPEEPROM.o
LOAD ADAU_1701_LIB_STM32_F4/SigmaDSP.o
LOAD Core/Src/Android.o
LOAD Core/Src/PowerManager.o
LOAD Core/Src/SerialReciver.o
LOAD Core/Src/main.o
LOAD Core/Src/stm32f1xx_hal_msp.o
LOAD Core/Src/stm32f1xx_it.o
LOAD Core/Src/syscalls.o
LOAD Core/Src/sysmem.o
LOAD Core/Src/system_stm32f1xx.o
LOAD Core/Startup/startup_stm32f103c8tx.o
LOAD Drivers/STM32F1xx_HAL_Driver/Src/stm32f1xx_hal.o
LOAD Drivers/STM32F1xx_HAL_Driver/Src/stm32f1xx_hal_cortex.o
LOAD Drivers/STM32F1xx_HAL_Driver/Src/stm32f1xx_hal_dma.o
LOAD Drivers/STM32F1xx_HAL_Driver/Src/stm32f1xx_hal_exti.o
LOAD Drivers/STM32F1xx_HAL_Driver/Src/stm32f1xx_hal_flash.o
LOAD Drivers/STM32F1xx_HAL_Driver/Src/stm32f1xx_hal_flash_ex.o
LOAD Drivers/STM32F1xx_HAL_Driver/Src/stm32f1xx_hal_gpio.o
LOAD Drivers/STM32F1xx_HAL_Driver/Src/stm32f1xx_hal_gpio_ex.o
LOAD Drivers/STM32F1xx_HAL_Driver/Src/stm32f1xx_hal_i2c.o
LOAD Drivers/STM32F1xx_HAL_Driver/Src/stm32f1xx_hal_pwr.o
LOAD Drivers/STM32F1xx_HAL_Driver/Src/stm32f1xx_hal_rcc.o
LOAD Drivers/STM32F1xx_HAL_Driver/Src/stm32f1xx_hal_rcc_ex.o
LOAD Drivers/STM32F1xx_HAL_Driver/Src/stm32f1xx_hal_tim.o
LOAD Drivers/STM32F1xx_HAL_Driver/Src/stm32f1xx_hal_tim_ex.o
LOAD Drivers/STM32F1xx_HAL_Driver/Src/stm32f1xx_hal_uart.o
LOAD MAZDA_CAR_RADIO_DSP_COMMAND_RECIVER/DspCommandReciver.o
LOAD MAZDA_EXT_CD_CHANGER_EMULATOR/ExtDeviceCommandReciver.o
LOAD SERIAL_LIB_STM32_F4/Serial.o
START GROUP
LOAD c:/program files (x86)/stm32cubeide_1.4.0/stm32cubeide/plugins/com.st.stm32cube.ide.mcu.externaltools.gnu-tools-for-stm32.7-2018-q2-update.win32_1.4.0.202007081208/tools/bin/../lib/gcc/arm-none-eabi/7.3.1/../../../../arm-none-eabi/lib/thumb/v7-m\libstdc++_nano.a
LOAD c:/program files (x86)/stm32cubeide_1.4.0/stm32cubeide/plugins/com.st.stm32cube.ide.mcu.externaltools.gnu-tools-for-stm32.7-2018-q2-update.win32_1.4.0.202007081208/tools/bin/../lib/gcc/arm-none-eabi/7.3.1/../../../../arm-none-eabi/lib/thumb/v7-m\libsupc++_nano.a
END GROUP
LOAD c:/program files (x86)/stm32cubeide_1.4.0/stm32cubeide/plugins/com.st.stm32cube.ide.mcu.externaltools.gnu-tools-for-stm32.7-2018-q2-update.win32_1.4.0.202007081208/tools/bin/../lib/gcc/arm-none-eabi/7.3.1/../../../../arm-none-eabi/lib/thumb/v7-m\libstdc++_nano.a
LOAD c:/program files (x86)/stm32cubeide_1.4.0/stm32cubeide/plugins/com.st.stm32cube.ide.mcu.externaltools.gnu-tools-for-stm32.7-2018-q2-update.win32_1.4.0.202007081208/tools/bin/../lib/gcc/arm-none-eabi/7.3.1/../../../../arm-none-eabi/lib/thumb/v7-m\libm.a
LOAD c:/program files (x86)/stm32cubeide_1.4.0/stm32cubeide/plugins/com.st.stm32cube.ide.mcu.externaltools.gnu-tools-for-stm32.7-2018-q2-update.win32_1.4.0.202007081208/tools/bin/../lib/gcc/arm-none-eabi/7.3.1/../../../../arm-none-eabi/lib/thumb/v7-m\libc_nano.a
START GROUP
LOAD c:/program files (x86)/stm32cubeide_1.4.0/stm32cubeide/plugins/com.st.stm32cube.ide.mcu.externaltools.gnu-tools-for-stm32.7-2018-q2-update.win32_1.4.0.202007081208/tools/bin/../lib/gcc/arm-none-eabi/7.3.1/thumb/v7-m\libgcc.a
LOAD c:/program files (x86)/stm32cubeide_1.4.0/stm32cubeide/plugins/com.st.stm32cube.ide.mcu.externaltools.gnu-tools-for-stm32.7-2018-q2-update.win32_1.4.0.202007081208/tools/bin/../lib/gcc/arm-none-eabi/7.3.1/../../../../arm-none-eabi/lib/thumb/v7-m\libc_nano.a
END GROUP
START GROUP
LOAD c:/program files (x86)/stm32cubeide_1.4.0/stm32cubeide/plugins/com.st.stm32cube.ide.mcu.externaltools.gnu-tools-for-stm32.7-2018-q2-update.win32_1.4.0.202007081208/tools/bin/../lib/gcc/arm-none-eabi/7.3.1/thumb/v7-m\libgcc.a
LOAD c:/program files (x86)/stm32cubeide_1.4.0/stm32cubeide/plugins/com.st.stm32cube.ide.mcu.externaltools.gnu-tools-for-stm32.7-2018-q2-update.win32_1.4.0.202007081208/tools/bin/../lib/gcc/arm-none-eabi/7.3.1/../../../../arm-none-eabi/lib/thumb/v7-m\libc_nano.a
LOAD c:/program files (x86)/stm32cubeide_1.4.0/stm32cubeide/plugins/com.st.stm32cube.ide.mcu.externaltools.gnu-tools-for-stm32.7-2018-q2-update.win32_1.4.0.202007081208/tools/bin/../lib/gcc/arm-none-eabi/7.3.1/../../../../arm-none-eabi/lib/thumb/v7-m\libnosys.a
END GROUP
START GROUP
LOAD c:/program files (x86)/stm32cubeide_1.4.0/stm32cubeide/plugins/com.st.stm32cube.ide.mcu.externaltools.gnu-tools-for-stm32.7-2018-q2-update.win32_1.4.0.202007081208/tools/bin/../lib/gcc/arm-none-eabi/7.3.1/thumb/v7-m\libgcc.a
LOAD c:/program files (x86)/stm32cubeide_1.4.0/stm32cubeide/plugins/com.st.stm32cube.ide.mcu.externaltools.gnu-tools-for-stm32.7-2018-q2-update.win32_1.4.0.202007081208/tools/bin/../lib/gcc/arm-none-eabi/7.3.1/../../../../arm-none-eabi/lib/thumb/v7-m\libc_nano.a
LOAD c:/program files (x86)/stm32cubeide_1.4.0/stm32cubeide/plugins/com.st.stm32cube.ide.mcu.externaltools.gnu-tools-for-stm32.7-2018-q2-update.win32_1.4.0.202007081208/tools/bin/../lib/gcc/arm-none-eabi/7.3.1/../../../../arm-none-eabi/lib/thumb/v7-m\libnosys.a
END GROUP
LOAD c:/program files (x86)/stm32cubeide_1.4.0/stm32cubeide/plugins/com.st.stm32cube.ide.mcu.externaltools.gnu-tools-for-stm32.7-2018-q2-update.win32_1.4.0.202007081208/tools/bin/../lib/gcc/arm-none-eabi/7.3.1/thumb/v7-m/crtend.o
LOAD c:/program files (x86)/stm32cubeide_1.4.0/stm32cubeide/plugins/com.st.stm32cube.ide.mcu.externaltools.gnu-tools-for-stm32.7-2018-q2-update.win32_1.4.0.202007081208/tools/bin/../lib/gcc/arm-none-eabi/7.3.1/thumb/v7-m/crtn.o
                0x0000000020005000                _estack = (ORIGIN (RAM) + LENGTH (RAM))
                0x0000000000000200                _Min_Heap_Size = 0x200
                0x0000000000000400                _Min_Stack_Size = 0x400

.isr_vector     0x0000000008000000      0x10c
                0x0000000008000000                . = ALIGN (0x4)
 *(.isr_vector)
 .isr_vector    0x0000000008000000      0x10c Core/Startup/startup_stm32f103c8tx.o
                0x0000000008000000                g_pfnVectors
                0x000000000800010c                . = ALIGN (0x4)

.text           0x000000000800010c     0x4bd0
                0x000000000800010c                . = ALIGN (0x4)
 *(.text)
 .text          0x000000000800010c       0x40 c:/program files (x86)/stm32cubeide_1.4.0/stm32cubeide/plugins/com.st.stm32cube.ide.mcu.externaltools.gnu-tools-for-stm32.7-2018-q2-update.win32_1.4.0.202007081208/tools/bin/../lib/gcc/arm-none-eabi/7.3.1/thumb/v7-m/crtbegin.o
 .text          0x000000000800014c       0x10 c:/program files (x86)/stm32cubeide_1.4.0/stm32cubeide/plugins/com.st.stm32cube.ide.mcu.externaltools.gnu-tools-for-stm32.7-2018-q2-update.win32_1.4.0.202007081208/tools/bin/../lib/gcc/arm-none-eabi/7.3.1/../../../../arm-none-eabi/lib/thumb/v7-m\libc_nano.a(lib_a-strlen.o)
                0x000000000800014c                strlen
 .text          0x000000000800015c      0x378 c:/program files (x86)/stm32cubeide_1.4.0/stm32cubeide/plugins/com.st.stm32cube.ide.mcu.externaltools.gnu-tools-for-stm32.7-2018-q2-update.win32_1.4.0.202007081208/tools/bin/../lib/gcc/arm-none-eabi/7.3.1/thumb/v7-m\libgcc.a(_arm_addsubdf3.o)
                0x000000000800015c                __aeabi_drsub
                0x0000000008000164                __aeabi_dsub
                0x0000000008000164                __subdf3
                0x0000000008000168                __aeabi_dadd
                0x0000000008000168                __adddf3
                0x00000000080003e0                __floatunsidf
                0x00000000080003e0                __aeabi_ui2d
                0x0000000008000400                __floatsidf
                0x0000000008000400                __aeabi_i2d
                0x0000000008000424                __aeabi_f2d
                0x0000000008000424                __extendsfdf2
                0x0000000008000468                __floatundidf
                0x0000000008000468                __aeabi_ul2d
                0x0000000008000478                __floatdidf
                0x0000000008000478                __aeabi_l2d
 .text          0x00000000080004d4       0xa0 c:/program files (x86)/stm32cubeide_1.4.0/stm32cubeide/plugins/com.st.stm32cube.ide.mcu.externaltools.gnu-tools-for-stm32.7-2018-q2-update.win32_1.4.0.202007081208/tools/bin/../lib/gcc/arm-none-eabi/7.3.1/thumb/v7-m\libgcc.a(_arm_truncdfsf2.o)
                0x00000000080004d4                __truncdfsf2
                0x00000000080004d4                __aeabi_d2f
 .text          0x0000000008000574      0x21c c:/program files (x86)/stm32cubeide_1.4.0/stm32cubeide/plugins/com.st.stm32cube.ide.mcu.externaltools.gnu-tools-for-stm32.7-2018-q2-update.win32_1.4.0.202007081208/tools/bin/../lib/gcc/arm-none-eabi/7.3.1/thumb/v7-m\libgcc.a(_arm_addsubsf3.o)
                0x0000000008000574                __aeabi_frsub
                0x000000000800057c                __subsf3
                0x000000000800057c                __aeabi_fsub
                0x0000000008000580                __aeabi_fadd
                0x0000000008000580                __addsf3
                0x00000000080006e0                __aeabi_ui2f
                0x00000000080006e0                __floatunsisf
                0x00000000080006e8                __aeabi_i2f
                0x00000000080006e8                __floatsisf
                0x0000000008000704                __aeabi_ul2f
                0x0000000008000704                __floatundisf
                0x0000000008000714                __aeabi_l2f
                0x0000000008000714                __floatdisf
 .text          0x0000000008000790      0x2a0 c:/program files (x86)/stm32cubeide_1.4.0/stm32cubeide/plugins/com.st.stm32cube.ide.mcu.externaltools.gnu-tools-for-stm32.7-2018-q2-update.win32_1.4.0.202007081208/tools/bin/../lib/gcc/arm-none-eabi/7.3.1/thumb/v7-m\libgcc.a(_arm_muldivsf3.o)
                0x0000000008000790                __mulsf3
                0x0000000008000790                __aeabi_fmul
                0x00000000080008f8                __aeabi_fdiv
                0x00000000080008f8                __divsf3
 .text          0x0000000008000a30       0xec c:/program files (x86)/stm32cubeide_1.4.0/stm32cubeide/plugins/com.st.stm32cube.ide.mcu.externaltools.gnu-tools-for-stm32.7-2018-q2-update.win32_1.4.0.202007081208/tools/bin/../lib/gcc/arm-none-eabi/7.3.1/thumb/v7-m\libgcc.a(_arm_cmpsf2.o)
                0x0000000008000a30                __gesf2
                0x0000000008000a30                __gtsf2
                0x0000000008000a38                __lesf2
                0x0000000008000a38                __ltsf2
                0x0000000008000a40                __nesf2
                0x0000000008000a40                __eqsf2
                0x0000000008000a40                __cmpsf2
                0x0000000008000aa0                __aeabi_cfrcmple
                0x0000000008000aa8                __aeabi_cfcmpeq
                0x0000000008000aa8                __aeabi_cfcmple
                0x0000000008000ab8                __aeabi_fcmpeq
                0x0000000008000acc                __aeabi_fcmplt
                0x0000000008000ae0                __aeabi_fcmple
                0x0000000008000af4                __aeabi_fcmpge
                0x0000000008000b08                __aeabi_fcmpgt
 .text          0x0000000008000b1c       0x2c c:/program files (x86)/stm32cubeide_1.4.0/stm32cubeide/plugins/com.st.stm32cube.ide.mcu.externaltools.gnu-tools-for-stm32.7-2018-q2-update.win32_1.4.0.202007081208/tools/bin/../lib/gcc/arm-none-eabi/7.3.1/thumb/v7-m\libgcc.a(_arm_unordsf2.o)
                0x0000000008000b1c                __unordsf2
                0x0000000008000b1c                __aeabi_fcmpun
 .text          0x0000000008000b48       0x4c c:/program files (x86)/stm32cubeide_1.4.0/stm32cubeide/plugins/com.st.stm32cube.ide.mcu.externaltools.gnu-tools-for-stm32.7-2018-q2-update.win32_1.4.0.202007081208/tools/bin/../lib/gcc/arm-none-eabi/7.3.1/thumb/v7-m\libgcc.a(_arm_fixsfsi.o)
                0x0000000008000b48                __aeabi_f2iz
                0x0000000008000b48                __fixsfsi
 *(.text*)
 .text._ZN8SigmaDSPC2EP17I2C_HandleTypeDefhhP12GPIO_TypeDeftP20__UART_HandleTypeDef
                0x0000000008000b94       0x18 ADAU_1701_LIB_STM32_F4/SigmaDSP.o
                0x0000000008000b94                SigmaDSP::SigmaDSP(I2C_HandleTypeDef*, unsigned char, unsigned char, GPIO_TypeDef*, unsigned short, __UART_HandleTypeDef*)
                0x0000000008000b94                SigmaDSP::SigmaDSP(I2C_HandleTypeDef*, unsigned char, unsigned char, GPIO_TypeDef*, unsigned short, __UART_HandleTypeDef*)
 .text._ZN8SigmaDSP5resetEv
                0x0000000008000bac       0x34 ADAU_1701_LIB_STM32_F4/SigmaDSP.o
                0x0000000008000bac                SigmaDSP::reset()
 .text._ZN8SigmaDSP4pingEv
                0x0000000008000be0       0x84 ADAU_1701_LIB_STM32_F4/SigmaDSP.o
                0x0000000008000be0                SigmaDSP::ping()
 .text._ZN8SigmaDSP13writeRegisterEthPKh
                0x0000000008000c64       0x46 ADAU_1701_LIB_STM32_F4/SigmaDSP.o
                0x0000000008000c64                SigmaDSP::writeRegister(unsigned short, unsigned char, unsigned char const*)
 *fill*         0x0000000008000caa        0x2 
 .text._ZN8SigmaDSP22safeload_writeRegisterEtPhb
                0x0000000008000cac       0x64 ADAU_1701_LIB_STM32_F4/SigmaDSP.o
                0x0000000008000cac                SigmaDSP::safeload_writeRegister(unsigned short, unsigned char*, bool)
 .text._ZN8SigmaDSP12floatToFixedEfPh
                0x0000000008000d10       0x26 ADAU_1701_LIB_STM32_F4/SigmaDSP.o
                0x0000000008000d10                SigmaDSP::floatToFixed(float, unsigned char*)
 .text._ZN8SigmaDSP22safeload_writeRegisterEtfb
                0x0000000008000d36       0x20 ADAU_1701_LIB_STM32_F4/SigmaDSP.o
                0x0000000008000d36                SigmaDSP::safeload_writeRegister(unsigned short, float, bool)
 *fill*         0x0000000008000d56        0x2 
 .text._ZN8SigmaDSP14twoChannelGainEtii
                0x0000000008000d58       0x60 ADAU_1701_LIB_STM32_F4/SigmaDSP.o
                0x0000000008000d58                SigmaDSP::twoChannelGain(unsigned short, int, int)
 .text._ZN7AndroidC2EP20__UART_HandleTypeDefS1_
                0x0000000008000db8       0x14 Core/Src/Android.o
                0x0000000008000db8                Android::Android(__UART_HandleTypeDef*, __UART_HandleTypeDef*)
                0x0000000008000db8                Android::Android(__UART_HandleTypeDef*, __UART_HandleTypeDef*)
 .text._ZN7Android11isConnectedEv
                0x0000000008000dcc        0xa Core/Src/Android.o
                0x0000000008000dcc                Android::isConnected()
 *fill*         0x0000000008000dd6        0x2 
 .text._ZN7Android13processComandEPc
                0x0000000008000dd8       0x2c Core/Src/Android.o
                0x0000000008000dd8                Android::processComand(char*)
 .text._ZN7Android4pingEv
                0x0000000008000e04       0x28 Core/Src/Android.o
                0x0000000008000e04                Android::ping()
 .text._ZN7Android4playEv
                0x0000000008000e2c       0x30 Core/Src/Android.o
                0x0000000008000e2c                Android::play()
 .text._ZN7Android7connectEv
                0x0000000008000e5c       0x4e Core/Src/Android.o
                0x0000000008000e5c                Android::connect()
 *fill*         0x0000000008000eaa        0x2 
 .text._ZN7Android4stopEv
                0x0000000008000eac       0x30 Core/Src/Android.o
                0x0000000008000eac                Android::stop()
 .text._ZN7Android4nextEv
                0x0000000008000edc       0x2c Core/Src/Android.o
                0x0000000008000edc                Android::next()
 .text._ZN7Android4prevEv
                0x0000000008000f08       0x2c Core/Src/Android.o
                0x0000000008000f08                Android::prev()
 .text._ZN7Android8shutdownEv
                0x0000000008000f34       0x2c Core/Src/Android.o
                0x0000000008000f34                Android::shutdown()
 .text._ZN12PowerManagerC2EP12GPIO_TypeDeftS1_tP20__UART_HandleTypeDefPFvvES5_S5_S5_
                0x0000000008000f60       0x3c Core/Src/PowerManager.o
                0x0000000008000f60                PowerManager::PowerManager(GPIO_TypeDef*, unsigned short, GPIO_TypeDef*, unsigned short, __UART_HandleTypeDef*, void (*)(), void (*)(), void (*)(), void (*)())
                0x0000000008000f60                PowerManager::PowerManager(GPIO_TypeDef*, unsigned short, GPIO_TypeDef*, unsigned short, __UART_HandleTypeDef*, void (*)(), void (*)(), void (*)(), void (*)())
 .text._ZN12PowerManager8checkAccEv
                0x0000000008000f9c        0x8 Core/Src/PowerManager.o
                0x0000000008000f9c                PowerManager::checkAcc()
 .text._ZN12PowerManager7uartLogEPc
                0x0000000008000fa4       0x3c Core/Src/PowerManager.o
                0x0000000008000fa4                PowerManager::uartLog(char*)
 .text._ZN12PowerManager11changeStateENS_10PowerStateE
                0x0000000008000fe0       0x74 Core/Src/PowerManager.o
                0x0000000008000fe0                PowerManager::changeState(PowerManager::PowerState)
 .text._ZN12PowerManager15powerProcessingEv
                0x0000000008001054       0x78 Core/Src/PowerManager.o
                0x0000000008001054                PowerManager::powerProcessing()
 .text._ZN13SerialReciverC2EP20__UART_HandleTypeDef
                0x00000000080010cc        0xc Core/Src/SerialReciver.o
                0x00000000080010cc                SerialReciver::SerialReciver(__UART_HandleTypeDef*)
                0x00000000080010cc                SerialReciver::SerialReciver(__UART_HandleTypeDef*)
 .text._ZN13SerialReciver7getDataEPc
                0x00000000080010d8       0x48 Core/Src/SerialReciver.o
                0x00000000080010d8                SerialReciver::getData(char*)
 .text.off      0x0000000008001120        0xc Core/Src/main.o
                0x0000000008001120                off
 .text.accOn    0x000000000800112c       0x24 Core/Src/main.o
                0x000000000800112c                accOn
 .text.accOff   0x0000000008001150       0x24 Core/Src/main.o
                0x0000000008001150                accOff
 .text.stopTrack
                0x0000000008001174        0xc Core/Src/main.o
                0x0000000008001174                stopTrack
 .text.waitOff  0x0000000008001180        0xc Core/Src/main.o
                0x0000000008001180                waitOff
 .text.playTrack
                0x000000000800118c        0xc Core/Src/main.o
                0x000000000800118c                playTrack
 .text.nextTrack
                0x0000000008001198        0xc Core/Src/main.o
                0x0000000008001198                nextTrack
 .text.prevTrack
                0x00000000080011a4        0xc Core/Src/main.o
                0x00000000080011a4                prevTrack
 .text._Z18SystemClock_Configv
                0x00000000080011b0       0x56 Core/Src/main.o
                0x00000000080011b0                SystemClock_Config()
 *fill*         0x0000000008001206        0x2 
 .text.clearPendingInterrupt
                0x0000000008001208       0x28 Core/Src/main.o
                0x0000000008001208                clearPendingInterrupt
 .text.dataRequestInterrupt
                0x0000000008001230       0x24 Core/Src/main.o
                0x0000000008001230                dataRequestInterrupt
 .text.mBusRequestInterrupt
                0x0000000008001254       0x30 Core/Src/main.o
                0x0000000008001254                mBusRequestInterrupt
 .text.timeProcessing
                0x0000000008001284       0x64 Core/Src/main.o
                0x0000000008001284                timeProcessing
 .text.volumeProcessing
                0x00000000080012e8       0xa4 Core/Src/main.o
                0x00000000080012e8                volumeProcessing
 .text.amplifierProcessing
                0x000000000800138c       0x78 Core/Src/main.o
                0x000000000800138c                amplifierProcessing
 .text.monitorProcessing
                0x0000000008001404       0x60 Core/Src/main.o
                0x0000000008001404                monitorProcessing
 .text.clearTmp
                0x0000000008001464       0x14 Core/Src/main.o
                0x0000000008001464                clearTmp
 .text.startup.main
                0x0000000008001478      0x2f8 Core/Src/main.o
                0x0000000008001478                main
 .text.startup._GLOBAL__sub_I_hi2c2
                0x0000000008001770       0xec Core/Src/main.o
 .text.HAL_MspInit
                0x000000000800185c       0x44 Core/Src/stm32f1xx_hal_msp.o
                0x000000000800185c                HAL_MspInit
 .text.HAL_I2C_MspInit
                0x00000000080018a0       0x64 Core/Src/stm32f1xx_hal_msp.o
                0x00000000080018a0                HAL_I2C_MspInit
 .text.HAL_TIM_Base_MspInit
                0x0000000008001904       0x4c Core/Src/stm32f1xx_hal_msp.o
                0x0000000008001904                HAL_TIM_Base_MspInit
 .text.HAL_UART_MspInit
                0x0000000008001950       0xc4 Core/Src/stm32f1xx_hal_msp.o
                0x0000000008001950                HAL_UART_MspInit
 .text.NMI_Handler
                0x0000000008001a14        0x2 Core/Src/stm32f1xx_it.o
                0x0000000008001a14                NMI_Handler
 .text.HardFault_Handler
                0x0000000008001a16        0x2 Core/Src/stm32f1xx_it.o
                0x0000000008001a16                HardFault_Handler
 .text.MemManage_Handler
                0x0000000008001a18        0x2 Core/Src/stm32f1xx_it.o
                0x0000000008001a18                MemManage_Handler
 .text.BusFault_Handler
                0x0000000008001a1a        0x2 Core/Src/stm32f1xx_it.o
                0x0000000008001a1a                BusFault_Handler
 .text.UsageFault_Handler
                0x0000000008001a1c        0x2 Core/Src/stm32f1xx_it.o
                0x0000000008001a1c                UsageFault_Handler
 .text.SVC_Handler
                0x0000000008001a1e        0x2 Core/Src/stm32f1xx_it.o
                0x0000000008001a1e                SVC_Handler
 .text.DebugMon_Handler
                0x0000000008001a20        0x2 Core/Src/stm32f1xx_it.o
                0x0000000008001a20                DebugMon_Handler
 .text.PendSV_Handler
                0x0000000008001a22        0x2 Core/Src/stm32f1xx_it.o
                0x0000000008001a22                PendSV_Handler
 .text.SysTick_Handler
                0x0000000008001a24        0x4 Core/Src/stm32f1xx_it.o
                0x0000000008001a24                SysTick_Handler
 .text.EXTI0_IRQHandler
                0x0000000008001a28       0x10 Core/Src/stm32f1xx_it.o
                0x0000000008001a28                EXTI0_IRQHandler
 .text.EXTI9_5_IRQHandler
                0x0000000008001a38       0x10 Core/Src/stm32f1xx_it.o
                0x0000000008001a38                EXTI9_5_IRQHandler
 .text.USART2_IRQHandler
                0x0000000008001a48        0xc Core/Src/stm32f1xx_it.o
                0x0000000008001a48                USART2_IRQHandler
 .text._sbrk    0x0000000008001a54       0x40 Core/Src/sysmem.o
                0x0000000008001a54                _sbrk
 .text.SystemInit
                0x0000000008001a94        0x2 Core/Src/system_stm32f1xx.o
                0x0000000008001a94                SystemInit
 *fill*         0x0000000008001a96        0x2 
 .text.Reset_Handler
                0x0000000008001a98       0x48 Core/Startup/startup_stm32f103c8tx.o
                0x0000000008001a98                Reset_Handler
 .text.Default_Handler
                0x0000000008001ae0        0x2 Core/Startup/startup_stm32f103c8tx.o
                0x0000000008001ae0                RTC_Alarm_IRQHandler
                0x0000000008001ae0                EXTI2_IRQHandler
                0x0000000008001ae0                TIM1_CC_IRQHandler
                0x0000000008001ae0                PVD_IRQHandler
                0x0000000008001ae0                EXTI3_IRQHandler
                0x0000000008001ae0                I2C2_EV_IRQHandler
                0x0000000008001ae0                ADC1_2_IRQHandler
                0x0000000008001ae0                SPI1_IRQHandler
                0x0000000008001ae0                TAMPER_IRQHandler
                0x0000000008001ae0                DMA1_Channel4_IRQHandler
                0x0000000008001ae0                USART3_IRQHandler
                0x0000000008001ae0                RTC_IRQHandler
                0x0000000008001ae0                DMA1_Channel7_IRQHandler
                0x0000000008001ae0                CAN1_RX1_IRQHandler
                0x0000000008001ae0                TIM4_IRQHandler
                0x0000000008001ae0                I2C1_EV_IRQHandler
                0x0000000008001ae0                DMA1_Channel6_IRQHandler
                0x0000000008001ae0                TIM3_IRQHandler
                0x0000000008001ae0                RCC_IRQHandler
                0x0000000008001ae0                TIM1_TRG_COM_IRQHandler
                0x0000000008001ae0                DMA1_Channel1_IRQHandler
                0x0000000008001ae0                Default_Handler
                0x0000000008001ae0                EXTI15_10_IRQHandler
                0x0000000008001ae0                SPI2_IRQHandler
                0x0000000008001ae0                DMA1_Channel5_IRQHandler
                0x0000000008001ae0                EXTI4_IRQHandler
                0x0000000008001ae0                USB_LP_CAN1_RX0_IRQHandler
                0x0000000008001ae0                USB_HP_CAN1_TX_IRQHandler
                0x0000000008001ae0                DMA1_Channel3_IRQHandler
                0x0000000008001ae0                TIM1_UP_IRQHandler
                0x0000000008001ae0                WWDG_IRQHandler
                0x0000000008001ae0                TIM2_IRQHandler
                0x0000000008001ae0                TIM1_BRK_IRQHandler
                0x0000000008001ae0                EXTI1_IRQHandler
                0x0000000008001ae0                I2C2_ER_IRQHandler
                0x0000000008001ae0                DMA1_Channel2_IRQHandler
                0x0000000008001ae0                CAN1_SCE_IRQHandler
                0x0000000008001ae0                FLASH_IRQHandler
                0x0000000008001ae0                USART1_IRQHandler
                0x0000000008001ae0                I2C1_ER_IRQHandler
                0x0000000008001ae0                USBWakeUp_IRQHandler
 *fill*         0x0000000008001ae2        0x2 
 .text.HAL_InitTick
                0x0000000008001ae4       0x48 Drivers/STM32F1xx_HAL_Driver/Src/stm32f1xx_hal.o
                0x0000000008001ae4                HAL_InitTick
 .text.HAL_Init
                0x0000000008001b2c       0x24 Drivers/STM32F1xx_HAL_Driver/Src/stm32f1xx_hal.o
                0x0000000008001b2c                HAL_Init
 .text.HAL_IncTick
                0x0000000008001b50       0x18 Drivers/STM32F1xx_HAL_Driver/Src/stm32f1xx_hal.o
                0x0000000008001b50                HAL_IncTick
 .text.HAL_GetTick
                0x0000000008001b68        0xc Drivers/STM32F1xx_HAL_Driver/Src/stm32f1xx_hal.o
                0x0000000008001b68                HAL_GetTick
 .text.HAL_Delay
                0x0000000008001b74       0x24 Drivers/STM32F1xx_HAL_Driver/Src/stm32f1xx_hal.o
                0x0000000008001b74                HAL_Delay
 .text.HAL_NVIC_SetPriorityGrouping
                0x0000000008001b98       0x24 Drivers/STM32F1xx_HAL_Driver/Src/stm32f1xx_hal_cortex.o
                0x0000000008001b98                HAL_NVIC_SetPriorityGrouping
 .text.HAL_NVIC_SetPriority
                0x0000000008001bbc       0x68 Drivers/STM32F1xx_HAL_Driver/Src/stm32f1xx_hal_cortex.o
                0x0000000008001bbc                HAL_NVIC_SetPriority
 .text.HAL_NVIC_EnableIRQ
                0x0000000008001c24       0x1c Drivers/STM32F1xx_HAL_Driver/Src/stm32f1xx_hal_cortex.o
                0x0000000008001c24                HAL_NVIC_EnableIRQ
 .text.HAL_NVIC_DisableIRQ
                0x0000000008001c40       0x28 Drivers/STM32F1xx_HAL_Driver/Src/stm32f1xx_hal_cortex.o
                0x0000000008001c40                HAL_NVIC_DisableIRQ
 .text.HAL_SYSTICK_Config
                0x0000000008001c68       0x2c Drivers/STM32F1xx_HAL_Driver/Src/stm32f1xx_hal_cortex.o
                0x0000000008001c68                HAL_SYSTICK_Config
 .text.HAL_DMA_Abort_IT
                0x0000000008001c94       0x90 Drivers/STM32F1xx_HAL_Driver/Src/stm32f1xx_hal_dma.o
                0x0000000008001c94                HAL_DMA_Abort_IT
 .text.HAL_GPIO_Init
                0x0000000008001d24      0x1c0 Drivers/STM32F1xx_HAL_Driver/Src/stm32f1xx_hal_gpio.o
                0x0000000008001d24                HAL_GPIO_Init
 .text.HAL_GPIO_ReadPin
                0x0000000008001ee4        0xc Drivers/STM32F1xx_HAL_Driver/Src/stm32f1xx_hal_gpio.o
                0x0000000008001ee4                HAL_GPIO_ReadPin
 .text.HAL_GPIO_WritePin
                0x0000000008001ef0        0xa Drivers/STM32F1xx_HAL_Driver/Src/stm32f1xx_hal_gpio.o
                0x0000000008001ef0                HAL_GPIO_WritePin
 .text.HAL_GPIO_TogglePin
                0x0000000008001efa       0x12 Drivers/STM32F1xx_HAL_Driver/Src/stm32f1xx_hal_gpio.o
                0x0000000008001efa                HAL_GPIO_TogglePin
 .text.HAL_GPIO_EXTI_Callback
                0x0000000008001f0c        0x2 Drivers/STM32F1xx_HAL_Driver/Src/stm32f1xx_hal_gpio.o
                0x0000000008001f0c                HAL_GPIO_EXTI_Callback
 *fill*         0x0000000008001f0e        0x2 
 .text.HAL_GPIO_EXTI_IRQHandler
                0x0000000008001f10       0x18 Drivers/STM32F1xx_HAL_Driver/Src/stm32f1xx_hal_gpio.o
                0x0000000008001f10                HAL_GPIO_EXTI_IRQHandler
 .text.I2C_IsAcknowledgeFailed
                0x0000000008001f28       0x32 Drivers/STM32F1xx_HAL_Driver/Src/stm32f1xx_hal_i2c.o
 .text.I2C_WaitOnMasterAddressFlagUntilTimeout
                0x0000000008001f5a       0x74 Drivers/STM32F1xx_HAL_Driver/Src/stm32f1xx_hal_i2c.o
 .text.I2C_WaitOnBTFFlagUntilTimeout
                0x0000000008001fce       0x4c Drivers/STM32F1xx_HAL_Driver/Src/stm32f1xx_hal_i2c.o
 .text.I2C_WaitOnFlagUntilTimeout
                0x000000000800201a       0x62 Drivers/STM32F1xx_HAL_Driver/Src/stm32f1xx_hal_i2c.o
 .text.I2C_WaitOnTXEFlagUntilTimeout
                0x000000000800207c       0x4c Drivers/STM32F1xx_HAL_Driver/Src/stm32f1xx_hal_i2c.o
 .text.HAL_I2C_Init
                0x00000000080020c8      0x158 Drivers/STM32F1xx_HAL_Driver/Src/stm32f1xx_hal_i2c.o
                0x00000000080020c8                HAL_I2C_Init
 .text.HAL_I2C_Master_Transmit
                0x0000000008002220      0x1a8 Drivers/STM32F1xx_HAL_Driver/Src/stm32f1xx_hal_i2c.o
                0x0000000008002220                HAL_I2C_Master_Transmit
 .text.HAL_RCC_OscConfig
                0x00000000080023c8      0x33c Drivers/STM32F1xx_HAL_Driver/Src/stm32f1xx_hal_rcc.o
                0x00000000080023c8                HAL_RCC_OscConfig
 .text.HAL_RCC_GetSysClockFreq
                0x0000000008002704       0x74 Drivers/STM32F1xx_HAL_Driver/Src/stm32f1xx_hal_rcc.o
                0x0000000008002704                HAL_RCC_GetSysClockFreq
 .text.HAL_RCC_ClockConfig
                0x0000000008002778      0x138 Drivers/STM32F1xx_HAL_Driver/Src/stm32f1xx_hal_rcc.o
                0x0000000008002778                HAL_RCC_ClockConfig
 .text.HAL_RCC_GetPCLK1Freq
                0x00000000080028b0       0x20 Drivers/STM32F1xx_HAL_Driver/Src/stm32f1xx_hal_rcc.o
                0x00000000080028b0                HAL_RCC_GetPCLK1Freq
 .text.HAL_RCC_GetPCLK2Freq
                0x00000000080028d0       0x20 Drivers/STM32F1xx_HAL_Driver/Src/stm32f1xx_hal_rcc.o
                0x00000000080028d0                HAL_RCC_GetPCLK2Freq
 .text.HAL_TIM_Base_Start_IT
                0x00000000080028f0       0x54 Drivers/STM32F1xx_HAL_Driver/Src/stm32f1xx_hal_tim.o
                0x00000000080028f0                HAL_TIM_Base_Start_IT
 .text.TIM_Base_SetConfig
                0x0000000008002944       0x70 Drivers/STM32F1xx_HAL_Driver/Src/stm32f1xx_hal_tim.o
                0x0000000008002944                TIM_Base_SetConfig
 .text.HAL_TIM_Base_Init
                0x00000000080029b4       0x58 Drivers/STM32F1xx_HAL_Driver/Src/stm32f1xx_hal_tim.o
                0x00000000080029b4                HAL_TIM_Base_Init
 .text.TIM_ETR_SetConfig
                0x0000000008002a0c       0x14 Drivers/STM32F1xx_HAL_Driver/Src/stm32f1xx_hal_tim.o
                0x0000000008002a0c                TIM_ETR_SetConfig
 .text.HAL_TIM_ConfigClockSource
                0x0000000008002a20      0x128 Drivers/STM32F1xx_HAL_Driver/Src/stm32f1xx_hal_tim.o
                0x0000000008002a20                HAL_TIM_ConfigClockSource
 .text.HAL_TIMEx_MasterConfigSynchronization
                0x0000000008002b48       0x64 Drivers/STM32F1xx_HAL_Driver/Src/stm32f1xx_hal_tim_ex.o
                0x0000000008002b48                HAL_TIMEx_MasterConfigSynchronization
 .text.UART_EndRxTransfer
                0x0000000008002bac       0x1a Drivers/STM32F1xx_HAL_Driver/Src/stm32f1xx_hal_uart.o
 *fill*         0x0000000008002bc6        0x2 
 .text.UART_SetConfig
                0x0000000008002bc8       0x74 Drivers/STM32F1xx_HAL_Driver/Src/stm32f1xx_hal_uart.o
 .text.UART_WaitOnFlagUntilTimeout.constprop.3
                0x0000000008002c3c       0x50 Drivers/STM32F1xx_HAL_Driver/Src/stm32f1xx_hal_uart.o
 .text.HAL_UART_Init
                0x0000000008002c8c       0x5c Drivers/STM32F1xx_HAL_Driver/Src/stm32f1xx_hal_uart.o
                0x0000000008002c8c                HAL_UART_Init
 .text.HAL_UART_Transmit
                0x0000000008002ce8       0xae Drivers/STM32F1xx_HAL_Driver/Src/stm32f1xx_hal_uart.o
                0x0000000008002ce8                HAL_UART_Transmit
 .text.HAL_UART_TxCpltCallback
                0x0000000008002d96        0x2 Drivers/STM32F1xx_HAL_Driver/Src/stm32f1xx_hal_uart.o
                0x0000000008002d96                HAL_UART_TxCpltCallback
 .text.HAL_UART_RxCpltCallback
                0x0000000008002d98        0x2 Drivers/STM32F1xx_HAL_Driver/Src/stm32f1xx_hal_uart.o
                0x0000000008002d98                HAL_UART_RxCpltCallback
 .text.UART_Receive_IT
                0x0000000008002d9a       0x74 Drivers/STM32F1xx_HAL_Driver/Src/stm32f1xx_hal_uart.o
 .text.HAL_UART_ErrorCallback
                0x0000000008002e0e        0x2 Drivers/STM32F1xx_HAL_Driver/Src/stm32f1xx_hal_uart.o
                0x0000000008002e0e                HAL_UART_ErrorCallback
 .text.HAL_UART_IRQHandler
                0x0000000008002e10      0x140 Drivers/STM32F1xx_HAL_Driver/Src/stm32f1xx_hal_uart.o
                0x0000000008002e10                HAL_UART_IRQHandler
 .text.UART_DMAAbortOnError
                0x0000000008002f50       0x10 Drivers/STM32F1xx_HAL_Driver/Src/stm32f1xx_hal_uart.o
 .text._ZN17DspCommandReciver11readPackageEi
                0x0000000008002f60       0x4c MAZDA_CAR_RADIO_DSP_COMMAND_RECIVER/DspCommandReciver.o
                0x0000000008002f60                DspCommandReciver::readPackage(int)
 .text._ZN17DspCommandReciver21tranferDataFromBufferEPab
                0x0000000008002fac       0x34 MAZDA_CAR_RADIO_DSP_COMMAND_RECIVER/DspCommandReciver.o
                0x0000000008002fac                DspCommandReciver::tranferDataFromBuffer(signed char*, bool)
 .text._ZN17DspCommandReciver17typeDetectAndSaveEv
                0x0000000008002fe0       0xe2 MAZDA_CAR_RADIO_DSP_COMMAND_RECIVER/DspCommandReciver.o
                0x0000000008002fe0                DspCommandReciver::typeDetectAndSave()
 .text._ZN17DspCommandReciver9clearDataEPa
                0x00000000080030c2       0x10 MAZDA_CAR_RADIO_DSP_COMMAND_RECIVER/DspCommandReciver.o
                0x00000000080030c2                DspCommandReciver::clearData(signed char*)
 *fill*         0x00000000080030d2        0x2 
 .text._ZN17DspCommandReciverC2EP12GPIO_TypeDeftS1_tP20__UART_HandleTypeDef
                0x00000000080030d4       0xa8 MAZDA_CAR_RADIO_DSP_COMMAND_RECIVER/DspCommandReciver.o
                0x00000000080030d4                DspCommandReciver::DspCommandReciver(GPIO_TypeDef*, unsigned short, GPIO_TypeDef*, unsigned short, __UART_HandleTypeDef*)
                0x00000000080030d4                DspCommandReciver::DspCommandReciver(GPIO_TypeDef*, unsigned short, GPIO_TypeDef*, unsigned short, __UART_HandleTypeDef*)
 .text._ZN17DspCommandReciver11readPackageEv
                0x000000000800317c       0x40 MAZDA_CAR_RADIO_DSP_COMMAND_RECIVER/DspCommandReciver.o
                0x000000000800317c                DspCommandReciver::readPackage()
 .text._ZN17DspCommandReciver12checkElementEPaS0_aa
                0x00000000080031bc       0x28 MAZDA_CAR_RADIO_DSP_COMMAND_RECIVER/DspCommandReciver.o
                0x00000000080031bc                DspCommandReciver::checkElement(signed char*, signed char*, signed char, signed char)
 .text._ZN17DspCommandReciver8getLevelEhh
                0x00000000080031e4      0x118 MAZDA_CAR_RADIO_DSP_COMMAND_RECIVER/DspCommandReciver.o
                0x00000000080031e4                DspCommandReciver::getLevel(unsigned char, unsigned char)
 .text._ZN17DspCommandReciver16getAbsoluteLevelEh
                0x00000000080032fc       0x40 MAZDA_CAR_RADIO_DSP_COMMAND_RECIVER/DspCommandReciver.o
                0x00000000080032fc                DspCommandReciver::getAbsoluteLevel(unsigned char)
 .text._ZN17DspCommandReciver9isChangedEv
                0x000000000800333c        0x6 MAZDA_CAR_RADIO_DSP_COMMAND_RECIVER/DspCommandReciver.o
                0x000000000800333c                DspCommandReciver::isChanged()
 .text._ZN17DspCommandReciver16resetChangedFlagEv
                0x0000000008003342        0x8 MAZDA_CAR_RADIO_DSP_COMMAND_RECIVER/DspCommandReciver.o
                0x0000000008003342                DspCommandReciver::resetChangedFlag()
 .text._ZN23ExtDeviceCommandReciverC2EP12GPIO_TypeDeftS1_tP17TIM_HandleTypeDefP20__UART_HandleTypeDefPFvvES7_S7_S7_
                0x000000000800334a       0x32 MAZDA_EXT_CD_CHANGER_EMULATOR/ExtDeviceCommandReciver.o
                0x000000000800334a                ExtDeviceCommandReciver::ExtDeviceCommandReciver(GPIO_TypeDef*, unsigned short, GPIO_TypeDef*, unsigned short, TIM_HandleTypeDef*, __UART_HandleTypeDef*, void (*)(), void (*)(), void (*)(), void (*)())
                0x000000000800334a                ExtDeviceCommandReciver::ExtDeviceCommandReciver(GPIO_TypeDef*, unsigned short, GPIO_TypeDef*, unsigned short, TIM_HandleTypeDef*, __UART_HandleTypeDef*, void (*)(), void (*)(), void (*)(), void (*)())
 .text._ZN23ExtDeviceCommandReciver16resetPlayingFlagEv
                0x000000000800337c        0x6 MAZDA_EXT_CD_CHANGER_EMULATOR/ExtDeviceCommandReciver.o
                0x000000000800337c                ExtDeviceCommandReciver::resetPlayingFlag()
 .text._ZN23ExtDeviceCommandReciver9isPlayingEv
                0x0000000008003382        0x4 MAZDA_EXT_CD_CHANGER_EMULATOR/ExtDeviceCommandReciver.o
                0x0000000008003382                ExtDeviceCommandReciver::isPlaying()
 .text._ZN23ExtDeviceCommandReciver10startTimerEv
                0x0000000008003386        0x6 MAZDA_EXT_CD_CHANGER_EMULATOR/ExtDeviceCommandReciver.o
                0x0000000008003386                ExtDeviceCommandReciver::startTimer()
 .text._ZN23ExtDeviceCommandReciver11resetMicrosEv
                0x000000000800338c        0xa MAZDA_EXT_CD_CHANGER_EMULATOR/ExtDeviceCommandReciver.o
                0x000000000800338c                ExtDeviceCommandReciver::resetMicros()
 .text._ZN23ExtDeviceCommandReciver11readCommandEm
                0x0000000008003396       0x66 MAZDA_EXT_CD_CHANGER_EMULATOR/ExtDeviceCommandReciver.o
                0x0000000008003396                ExtDeviceCommandReciver::readCommand(unsigned long)
 .text._ZN23ExtDeviceCommandReciver11readCommandEv
                0x00000000080033fc        0x6 MAZDA_EXT_CD_CHANGER_EMULATOR/ExtDeviceCommandReciver.o
                0x00000000080033fc                ExtDeviceCommandReciver::readCommand()
 .text._ZN23ExtDeviceCommandReciver11delayMicrosEt
                0x0000000008003402       0x10 MAZDA_EXT_CD_CHANGER_EMULATOR/ExtDeviceCommandReciver.o
                0x0000000008003402                ExtDeviceCommandReciver::delayMicros(unsigned short)
 .text._ZN23ExtDeviceCommandReciver9writeZeroEv
                0x0000000008003412       0x30 MAZDA_EXT_CD_CHANGER_EMULATOR/ExtDeviceCommandReciver.o
                0x0000000008003412                ExtDeviceCommandReciver::writeZero()
 .text._ZN23ExtDeviceCommandReciver8writeOneEv
                0x0000000008003442       0x30 MAZDA_EXT_CD_CHANGER_EMULATOR/ExtDeviceCommandReciver.o
                0x0000000008003442                ExtDeviceCommandReciver::writeOne()
 .text._ZN23ExtDeviceCommandReciver15writeHexBitWiseEh
                0x0000000008003472       0x2a MAZDA_EXT_CD_CHANGER_EMULATOR/ExtDeviceCommandReciver.o
                0x0000000008003472                ExtDeviceCommandReciver::writeHexBitWise(unsigned char)
 .text._ZN23ExtDeviceCommandReciver12writeCommandEPci
                0x000000000800349c       0x74 MAZDA_EXT_CD_CHANGER_EMULATOR/ExtDeviceCommandReciver.o
                0x000000000800349c                ExtDeviceCommandReciver::writeCommand(char*, int)
 .text._ZN23ExtDeviceCommandReciver8sendTimeEhh
                0x0000000008003510       0x58 MAZDA_EXT_CD_CHANGER_EMULATOR/ExtDeviceCommandReciver.o
                0x0000000008003510                ExtDeviceCommandReciver::sendTime(unsigned char, unsigned char)
 .text._ZN23ExtDeviceCommandReciver4pongEv
                0x0000000008003568        0xc MAZDA_EXT_CD_CHANGER_EMULATOR/ExtDeviceCommandReciver.o
                0x0000000008003568                ExtDeviceCommandReciver::pong()
 .text._ZN23ExtDeviceCommandReciver6wakeUpEv
                0x0000000008003574       0x40 MAZDA_EXT_CD_CHANGER_EMULATOR/ExtDeviceCommandReciver.o
                0x0000000008003574                ExtDeviceCommandReciver::wakeUp()
 .text._ZN23ExtDeviceCommandReciver4playEv
                0x00000000080035b4       0x38 MAZDA_EXT_CD_CHANGER_EMULATOR/ExtDeviceCommandReciver.o
                0x00000000080035b4                ExtDeviceCommandReciver::play()
 .text._ZN23ExtDeviceCommandReciver4stopEv
                0x00000000080035ec       0x24 MAZDA_EXT_CD_CHANGER_EMULATOR/ExtDeviceCommandReciver.o
                0x00000000080035ec                ExtDeviceCommandReciver::stop()
 .text._ZN23ExtDeviceCommandReciver11updateTrackEPc
                0x0000000008003610      0x124 MAZDA_EXT_CD_CHANGER_EMULATOR/ExtDeviceCommandReciver.o
                0x0000000008003610                ExtDeviceCommandReciver::updateTrack(char*)
 .text._ZN23ExtDeviceCommandReciver17commandProcessingEv
                0x0000000008003734       0xec MAZDA_EXT_CD_CHANGER_EMULATOR/ExtDeviceCommandReciver.o
                0x0000000008003734                ExtDeviceCommandReciver::commandProcessing()
 .text._ZN6SerialC2EP20__UART_HandleTypeDef
                0x0000000008003820        0x4 SERIAL_LIB_STM32_F4/Serial.o
                0x0000000008003820                Serial::Serial(__UART_HandleTypeDef*)
                0x0000000008003820                Serial::Serial(__UART_HandleTypeDef*)
 .text._ZN6Serial5printEPc
                0x0000000008003824       0x1c SERIAL_LIB_STM32_F4/Serial.o
                0x0000000008003824                Serial::print(char*)
 .text._ZN6Serial7printlnEPc
                0x0000000008003840       0x3e SERIAL_LIB_STM32_F4/Serial.o
                0x0000000008003840                Serial::println(char*)
 *fill*         0x000000000800387e        0x2 
 .text._ZN6Serial5printEi
                0x0000000008003880       0x20 SERIAL_LIB_STM32_F4/Serial.o
                0x0000000008003880                Serial::print(int)
 .text.powf     0x00000000080038a0      0x2c0 c:/program files (x86)/stm32cubeide_1.4.0/stm32cubeide/plugins/com.st.stm32cube.ide.mcu.externaltools.gnu-tools-for-stm32.7-2018-q2-update.win32_1.4.0.202007081208/tools/bin/../lib/gcc/arm-none-eabi/7.3.1/../../../../arm-none-eabi/lib/thumb/v7-m\libm.a(lib_a-wf_pow.o)
                0x00000000080038a0                powf
 .text.__ieee754_powf
                0x0000000008003b60      0x698 c:/program files (x86)/stm32cubeide_1.4.0/stm32cubeide/plugins/com.st.stm32cube.ide.mcu.externaltools.gnu-tools-for-stm32.7-2018-q2-update.win32_1.4.0.202007081208/tools/bin/../lib/gcc/arm-none-eabi/7.3.1/../../../../arm-none-eabi/lib/thumb/v7-m\libm.a(lib_a-ef_pow.o)
                0x0000000008003b60                __ieee754_powf
 .text.__ieee754_sqrtf
                0x00000000080041f8       0xa6 c:/program files (x86)/stm32cubeide_1.4.0/stm32cubeide/plugins/com.st.stm32cube.ide.mcu.externaltools.gnu-tools-for-stm32.7-2018-q2-update.win32_1.4.0.202007081208/tools/bin/../lib/gcc/arm-none-eabi/7.3.1/../../../../arm-none-eabi/lib/thumb/v7-m\libm.a(lib_a-ef_sqrt.o)
                0x00000000080041f8                __ieee754_sqrtf
 .text.matherr  0x000000000800429e        0x4 c:/program files (x86)/stm32cubeide_1.4.0/stm32cubeide/plugins/com.st.stm32cube.ide.mcu.externaltools.gnu-tools-for-stm32.7-2018-q2-update.win32_1.4.0.202007081208/tools/bin/../lib/gcc/arm-none-eabi/7.3.1/../../../../arm-none-eabi/lib/thumb/v7-m\libm.a(lib_a-s_matherr.o)
                0x000000000800429e                matherr
 .text.fabsf    0x00000000080042a2        0x6 c:/program files (x86)/stm32cubeide_1.4.0/stm32cubeide/plugins/com.st.stm32cube.ide.mcu.externaltools.gnu-tools-for-stm32.7-2018-q2-update.win32_1.4.0.202007081208/tools/bin/../lib/gcc/arm-none-eabi/7.3.1/../../../../arm-none-eabi/lib/thumb/v7-m\libm.a(lib_a-sf_fabs.o)
                0x00000000080042a2                fabsf
 .text.finitef  0x00000000080042a8       0x10 c:/program files (x86)/stm32cubeide_1.4.0/stm32cubeide/plugins/com.st.stm32cube.ide.mcu.externaltools.gnu-tools-for-stm32.7-2018-q2-update.win32_1.4.0.202007081208/tools/bin/../lib/gcc/arm-none-eabi/7.3.1/../../../../arm-none-eabi/lib/thumb/v7-m\libm.a(lib_a-sf_finite.o)
                0x00000000080042a8                finitef
 .text.nanf     0x00000000080042b8        0x8 c:/program files (x86)/stm32cubeide_1.4.0/stm32cubeide/plugins/com.st.stm32cube.ide.mcu.externaltools.gnu-tools-for-stm32.7-2018-q2-update.win32_1.4.0.202007081208/tools/bin/../lib/gcc/arm-none-eabi/7.3.1/../../../../arm-none-eabi/lib/thumb/v7-m\libm.a(lib_a-sf_nan.o)
                0x00000000080042b8                nanf
 .text.rintf    0x00000000080042c0       0xa0 c:/program files (x86)/stm32cubeide_1.4.0/stm32cubeide/plugins/com.st.stm32cube.ide.mcu.externaltools.gnu-tools-for-stm32.7-2018-q2-update.win32_1.4.0.202007081208/tools/bin/../lib/gcc/arm-none-eabi/7.3.1/../../../../arm-none-eabi/lib/thumb/v7-m\libm.a(lib_a-sf_rint.o)
                0x00000000080042c0                rintf
 .text.scalbnf  0x0000000008004360       0x98 c:/program files (x86)/stm32cubeide_1.4.0/stm32cubeide/plugins/com.st.stm32cube.ide.mcu.externaltools.gnu-tools-for-stm32.7-2018-q2-update.win32_1.4.0.202007081208/tools/bin/../lib/gcc/arm-none-eabi/7.3.1/../../../../arm-none-eabi/lib/thumb/v7-m\libm.a(lib_a-sf_scalbn.o)
                0x0000000008004360                scalbnf
 .text.copysignf
                0x00000000080043f8        0xc c:/program files (x86)/stm32cubeide_1.4.0/stm32cubeide/plugins/com.st.stm32cube.ide.mcu.externaltools.gnu-tools-for-stm32.7-2018-q2-update.win32_1.4.0.202007081208/tools/bin/../lib/gcc/arm-none-eabi/7.3.1/../../../../arm-none-eabi/lib/thumb/v7-m\libm.a(lib_a-sf_copysign.o)
                0x00000000080043f8                copysignf
 .text.__errno  0x0000000008004404        0xc c:/program files (x86)/stm32cubeide_1.4.0/stm32cubeide/plugins/com.st.stm32cube.ide.mcu.externaltools.gnu-tools-for-stm32.7-2018-q2-update.win32_1.4.0.202007081208/tools/bin/../lib/gcc/arm-none-eabi/7.3.1/../../../../arm-none-eabi/lib/thumb/v7-m\libc_nano.a(lib_a-errno.o)
                0x0000000008004404                __errno
 .text.__libc_init_array
                0x0000000008004410       0x48 c:/program files (x86)/stm32cubeide_1.4.0/stm32cubeide/plugins/com.st.stm32cube.ide.mcu.externaltools.gnu-tools-for-stm32.7-2018-q2-update.win32_1.4.0.202007081208/tools/bin/../lib/gcc/arm-none-eabi/7.3.1/../../../../arm-none-eabi/lib/thumb/v7-m\libc_nano.a(lib_a-init.o)
                0x0000000008004410                __libc_init_array
 .text.memcpy   0x0000000008004458       0x16 c:/program files (x86)/stm32cubeide_1.4.0/stm32cubeide/plugins/com.st.stm32cube.ide.mcu.externaltools.gnu-tools-for-stm32.7-2018-q2-update.win32_1.4.0.202007081208/tools/bin/../lib/gcc/arm-none-eabi/7.3.1/../../../../arm-none-eabi/lib/thumb/v7-m\libc_nano.a(lib_a-memcpy-stub.o)
                0x0000000008004458                memcpy
 .text.memset   0x000000000800446e       0x10 c:/program files (x86)/stm32cubeide_1.4.0/stm32cubeide/plugins/com.st.stm32cube.ide.mcu.externaltools.gnu-tools-for-stm32.7-2018-q2-update.win32_1.4.0.202007081208/tools/bin/../lib/gcc/arm-none-eabi/7.3.1/../../../../arm-none-eabi/lib/thumb/v7-m\libc_nano.a(lib_a-memset.o)
                0x000000000800446e                memset
 *fill*         0x000000000800447e        0x2 
 .text.sprintf  0x0000000008004480       0x40 c:/program files (x86)/stm32cubeide_1.4.0/stm32cubeide/plugins/com.st.stm32cube.ide.mcu.externaltools.gnu-tools-for-stm32.7-2018-q2-update.win32_1.4.0.202007081208/tools/bin/../lib/gcc/arm-none-eabi/7.3.1/../../../../arm-none-eabi/lib/thumb/v7-m\libc_nano.a(lib_a-sprintf.o)
                0x0000000008004480                siprintf
                0x0000000008004480                sprintf
 .text.strstr   0x00000000080044c0       0x34 c:/program files (x86)/stm32cubeide_1.4.0/stm32cubeide/plugins/com.st.stm32cube.ide.mcu.externaltools.gnu-tools-for-stm32.7-2018-q2-update.win32_1.4.0.202007081208/tools/bin/../lib/gcc/arm-none-eabi/7.3.1/../../../../arm-none-eabi/lib/thumb/v7-m\libc_nano.a(lib_a-strstr.o)
                0x00000000080044c0                strstr
 .text.__ssputs_r
                0x00000000080044f4       0xb4 c:/program files (x86)/stm32cubeide_1.4.0/stm32cubeide/plugins/com.st.stm32cube.ide.mcu.externaltools.gnu-tools-for-stm32.7-2018-q2-update.win32_1.4.0.202007081208/tools/bin/../lib/gcc/arm-none-eabi/7.3.1/../../../../arm-none-eabi/lib/thumb/v7-m\libc_nano.a(lib_a-nano-svfprintf.o)
                0x00000000080044f4                __ssputs_r
 .text._svfprintf_r
                0x00000000080045a8      0x1f0 c:/program files (x86)/stm32cubeide_1.4.0/stm32cubeide/plugins/com.st.stm32cube.ide.mcu.externaltools.gnu-tools-for-stm32.7-2018-q2-update.win32_1.4.0.202007081208/tools/bin/../lib/gcc/arm-none-eabi/7.3.1/../../../../arm-none-eabi/lib/thumb/v7-m\libc_nano.a(lib_a-nano-svfprintf.o)
                0x00000000080045a8                _svfiprintf_r
                0x00000000080045a8                _svfprintf_r
 .text._printf_common
                0x0000000008004798       0xec c:/program files (x86)/stm32cubeide_1.4.0/stm32cubeide/plugins/com.st.stm32cube.ide.mcu.externaltools.gnu-tools-for-stm32.7-2018-q2-update.win32_1.4.0.202007081208/tools/bin/../lib/gcc/arm-none-eabi/7.3.1/../../../../arm-none-eabi/lib/thumb/v7-m\libc_nano.a(lib_a-nano-vfprintf_i.o)
                0x0000000008004798                _printf_common
 .text._printf_i
                0x0000000008004884      0x224 c:/program files (x86)/stm32cubeide_1.4.0/stm32cubeide/plugins/com.st.stm32cube.ide.mcu.externaltools.gnu-tools-for-stm32.7-2018-q2-update.win32_1.4.0.202007081208/tools/bin/../lib/gcc/arm-none-eabi/7.3.1/../../../../arm-none-eabi/lib/thumb/v7-m\libc_nano.a(lib_a-nano-vfprintf_i.o)
                0x0000000008004884                _printf_i
 .text.memchr   0x0000000008004aa8       0x1c c:/program files (x86)/stm32cubeide_1.4.0/stm32cubeide/plugins/com.st.stm32cube.ide.mcu.externaltools.gnu-tools-for-stm32.7-2018-q2-update.win32_1.4.0.202007081208/tools/bin/../lib/gcc/arm-none-eabi/7.3.1/../../../../arm-none-eabi/lib/thumb/v7-m\libc_nano.a(lib_a-memchr-stub.o)
                0x0000000008004aa8                memchr
 .text.memmove  0x0000000008004ac4       0x32 c:/program files (x86)/stm32cubeide_1.4.0/stm32cubeide/plugins/com.st.stm32cube.ide.mcu.externaltools.gnu-tools-for-stm32.7-2018-q2-update.win32_1.4.0.202007081208/tools/bin/../lib/gcc/arm-none-eabi/7.3.1/../../../../arm-none-eabi/lib/thumb/v7-m\libc_nano.a(lib_a-memmove.o)
                0x0000000008004ac4                memmove
 *fill*         0x0000000008004af6        0x2 
 .text._free_r  0x0000000008004af8       0x98 c:/program files (x86)/stm32cubeide_1.4.0/stm32cubeide/plugins/com.st.stm32cube.ide.mcu.externaltools.gnu-tools-for-stm32.7-2018-q2-update.win32_1.4.0.202007081208/tools/bin/../lib/gcc/arm-none-eabi/7.3.1/../../../../arm-none-eabi/lib/thumb/v7-m\libc_nano.a(lib_a-nano-freer.o)
                0x0000000008004af8                _free_r
 .text._malloc_r
                0x0000000008004b90       0xb4 c:/program files (x86)/stm32cubeide_1.4.0/stm32cubeide/plugins/com.st.stm32cube.ide.mcu.externaltools.gnu-tools-for-stm32.7-2018-q2-update.win32_1.4.0.202007081208/tools/bin/../lib/gcc/arm-none-eabi/7.3.1/../../../../arm-none-eabi/lib/thumb/v7-m\libc_nano.a(lib_a-nano-mallocr.o)
                0x0000000008004b90                _malloc_r
 .text._realloc_r
                0x0000000008004c44       0x4c c:/program files (x86)/stm32cubeide_1.4.0/stm32cubeide/plugins/com.st.stm32cube.ide.mcu.externaltools.gnu-tools-for-stm32.7-2018-q2-update.win32_1.4.0.202007081208/tools/bin/../lib/gcc/arm-none-eabi/7.3.1/../../../../arm-none-eabi/lib/thumb/v7-m\libc_nano.a(lib_a-nano-reallocr.o)
                0x0000000008004c44                _realloc_r
 .text._sbrk_r  0x0000000008004c90       0x20 c:/program files (x86)/stm32cubeide_1.4.0/stm32cubeide/plugins/com.st.stm32cube.ide.mcu.externaltools.gnu-tools-for-stm32.7-2018-q2-update.win32_1.4.0.202007081208/tools/bin/../lib/gcc/arm-none-eabi/7.3.1/../../../../arm-none-eabi/lib/thumb/v7-m\libc_nano.a(lib_a-sbrkr.o)
                0x0000000008004c90                _sbrk_r
 .text.__malloc_lock
                0x0000000008004cb0        0x2 c:/program files (x86)/stm32cubeide_1.4.0/stm32cubeide/plugins/com.st.stm32cube.ide.mcu.externaltools.gnu-tools-for-stm32.7-2018-q2-update.win32_1.4.0.202007081208/tools/bin/../lib/gcc/arm-none-eabi/7.3.1/../../../../arm-none-eabi/lib/thumb/v7-m\libc_nano.a(lib_a-mlock.o)
                0x0000000008004cb0                __malloc_lock
 .text.__malloc_unlock
                0x0000000008004cb2        0x2 c:/program files (x86)/stm32cubeide_1.4.0/stm32cubeide/plugins/com.st.stm32cube.ide.mcu.externaltools.gnu-tools-for-stm32.7-2018-q2-update.win32_1.4.0.202007081208/tools/bin/../lib/gcc/arm-none-eabi/7.3.1/../../../../arm-none-eabi/lib/thumb/v7-m\libc_nano.a(lib_a-mlock.o)
                0x0000000008004cb2                __malloc_unlock
 .text._malloc_usable_size_r
                0x0000000008004cb4       0x10 c:/program files (x86)/stm32cubeide_1.4.0/stm32cubeide/plugins/com.st.stm32cube.ide.mcu.externaltools.gnu-tools-for-stm32.7-2018-q2-update.win32_1.4.0.202007081208/tools/bin/../lib/gcc/arm-none-eabi/7.3.1/../../../../arm-none-eabi/lib/thumb/v7-m\libc_nano.a(lib_a-nano-msizer.o)
                0x0000000008004cb4                _malloc_usable_size_r
 *(.glue_7)
 .glue_7        0x0000000008004cc4        0x0 linker stubs
 *(.glue_7t)
 .glue_7t       0x0000000008004cc4        0x0 linker stubs
 *(.eh_frame)
 .eh_frame      0x0000000008004cc4        0x0 c:/program files (x86)/stm32cubeide_1.4.0/stm32cubeide/plugins/com.st.stm32cube.ide.mcu.externaltools.gnu-tools-for-stm32.7-2018-q2-update.win32_1.4.0.202007081208/tools/bin/../lib/gcc/arm-none-eabi/7.3.1/thumb/v7-m/crtbegin.o
 *(.init)
 .init          0x0000000008004cc4        0x4 c:/program files (x86)/stm32cubeide_1.4.0/stm32cubeide/plugins/com.st.stm32cube.ide.mcu.externaltools.gnu-tools-for-stm32.7-2018-q2-update.win32_1.4.0.202007081208/tools/bin/../lib/gcc/arm-none-eabi/7.3.1/thumb/v7-m/crti.o
                0x0000000008004cc4                _init
 .init          0x0000000008004cc8        0x8 c:/program files (x86)/stm32cubeide_1.4.0/stm32cubeide/plugins/com.st.stm32cube.ide.mcu.externaltools.gnu-tools-for-stm32.7-2018-q2-update.win32_1.4.0.202007081208/tools/bin/../lib/gcc/arm-none-eabi/7.3.1/thumb/v7-m/crtn.o
 *(.fini)
 .fini          0x0000000008004cd0        0x4 c:/program files (x86)/stm32cubeide_1.4.0/stm32cubeide/plugins/com.st.stm32cube.ide.mcu.externaltools.gnu-tools-for-stm32.7-2018-q2-update.win32_1.4.0.202007081208/tools/bin/../lib/gcc/arm-none-eabi/7.3.1/thumb/v7-m/crti.o
                0x0000000008004cd0                _fini
 .fini          0x0000000008004cd4        0x8 c:/program files (x86)/stm32cubeide_1.4.0/stm32cubeide/plugins/com.st.stm32cube.ide.mcu.externaltools.gnu-tools-for-stm32.7-2018-q2-update.win32_1.4.0.202007081208/tools/bin/../lib/gcc/arm-none-eabi/7.3.1/thumb/v7-m/crtn.o
                0x0000000008004cdc                . = ALIGN (0x4)
                0x0000000008004cdc                _etext = .

.vfp11_veneer   0x0000000008004cdc        0x0
 .vfp11_veneer  0x0000000008004cdc        0x0 linker stubs

.v4_bx          0x0000000008004cdc        0x0
 .v4_bx         0x0000000008004cdc        0x0 linker stubs

.iplt           0x0000000008004cdc        0x0
 .iplt          0x0000000008004cdc        0x0 c:/program files (x86)/stm32cubeide_1.4.0/stm32cubeide/plugins/com.st.stm32cube.ide.mcu.externaltools.gnu-tools-for-stm32.7-2018-q2-update.win32_1.4.0.202007081208/tools/bin/../lib/gcc/arm-none-eabi/7.3.1/thumb/v7-m/crtbegin.o

.rodata         0x0000000008004cdc      0x2c0
                0x0000000008004cdc                . = ALIGN (0x4)
 *(.rodata)
 .rodata        0x0000000008004cdc       0x10 Drivers/STM32F1xx_HAL_Driver/Src/stm32f1xx_hal_rcc.o
 .rodata        0x0000000008004cec       0x87 MAZDA_CAR_RADIO_DSP_COMMAND_RECIVER/DspCommandReciver.o
 *(.rodata*)
 .rodata._ZN8SigmaDSP4pingEv.str1.1
                0x0000000008004d73       0x24 ADAU_1701_LIB_STM32_F4/SigmaDSP.o
                                         0x26 (size before relaxing)
 .rodata._ZN8SigmaDSP5resetEv.str1.1
                0x0000000008004d97        0xe ADAU_1701_LIB_STM32_F4/SigmaDSP.o
 .rodata._ZN7Android13processComandEPc.str1.1
                0x0000000008004da5       0x1e Core/Src/Android.o
 .rodata._ZN7Android4nextEv.str1.1
                0x0000000008004dc3       0x10 Core/Src/Android.o
 .rodata._ZN7Android4pingEv.str1.1
                0x0000000008004dd3       0x10 Core/Src/Android.o
 .rodata._ZN7Android4playEv.str1.1
                0x0000000008004de3       0x10 Core/Src/Android.o
 .rodata._ZN7Android4prevEv.str1.1
                0x0000000008004df3       0x10 Core/Src/Android.o
 .rodata._ZN7Android4stopEv.str1.1
                0x0000000008004e03       0x10 Core/Src/Android.o
 .rodata._ZN7Android8shutdownEv.str1.1
                0x0000000008004e13       0x14 Core/Src/Android.o
 .rodata._ZN12PowerManager11changeStateENS_10PowerStateE.str1.1
                0x0000000008004e27       0x21 Core/Src/PowerManager.o
                                         0x25 (size before relaxing)
 .rodata._ZN12PowerManager7uartLogEPc.str1.1
                0x0000000008004e48        0x9 Core/Src/PowerManager.o
                                          0xb (size before relaxing)
 .rodata.amplifierProcessing.str1.1
                0x0000000008004e51       0x2b Core/Src/main.o
 .rodata.monitorProcessing.str1.1
                0x0000000008004e7c       0x1f Core/Src/main.o
 .rodata.volumeProcessing.str1.1
                0x0000000008004e9b       0x22 Core/Src/main.o
                                         0x24 (size before relaxing)
 .rodata.AHBPrescTable
                0x0000000008004ebd       0x10 Core/Src/system_stm32f1xx.o
                0x0000000008004ebd                AHBPrescTable
 .rodata.APBPrescTable
                0x0000000008004ecd        0x8 Core/Src/system_stm32f1xx.o
                0x0000000008004ecd                APBPrescTable
 .rodata._ZN17DspCommandReciver11readPackageEv.str1.1
                0x0000000008004ed5       0x1f MAZDA_CAR_RADIO_DSP_COMMAND_RECIVER/DspCommandReciver.o
 .rodata._ZN23ExtDeviceCommandReciver12convertToHexEyPc.str1.1
                0x0000000008004ef4        0x3 MAZDA_EXT_CD_CHANGER_EMULATOR/ExtDeviceCommandReciver.o
 .rodata._ZN23ExtDeviceCommandReciver12writeCommandEPci.str1.1
                0x0000000008004ef7        0xb MAZDA_EXT_CD_CHANGER_EMULATOR/ExtDeviceCommandReciver.o
                                          0xd (size before relaxing)
 .rodata._ZN23ExtDeviceCommandReciver17commandProcessingEv.str1.1
                0x0000000008004f02       0x2a MAZDA_EXT_CD_CHANGER_EMULATOR/ExtDeviceCommandReciver.o
 .rodata._ZN23ExtDeviceCommandReciver8sendTimeEhh.str1.1
                0x0000000008004f2c       0x13 MAZDA_EXT_CD_CHANGER_EMULATOR/ExtDeviceCommandReciver.o
 .rodata._ZN6Serial5printEm.str1.1
                0x0000000008004f3f        0x3 SERIAL_LIB_STM32_F4/Serial.o
 .rodata.powf.str1.1
                0x0000000008004f42        0x5 c:/program files (x86)/stm32cubeide_1.4.0/stm32cubeide/plugins/com.st.stm32cube.ide.mcu.externaltools.gnu-tools-for-stm32.7-2018-q2-update.win32_1.4.0.202007081208/tools/bin/../lib/gcc/arm-none-eabi/7.3.1/../../../../arm-none-eabi/lib/thumb/v7-m\libm.a(lib_a-wf_pow.o)
 .rodata.__ieee754_powf.str1.1
                0x0000000008004f47        0x5 c:/program files (x86)/stm32cubeide_1.4.0/stm32cubeide/plugins/com.st.stm32cube.ide.mcu.externaltools.gnu-tools-for-stm32.7-2018-q2-update.win32_1.4.0.202007081208/tools/bin/../lib/gcc/arm-none-eabi/7.3.1/../../../../arm-none-eabi/lib/thumb/v7-m\libm.a(lib_a-ef_pow.o)
                                          0x1 (size before relaxing)
 *fill*         0x0000000008004f47        0x1 
 .rodata.bp     0x0000000008004f48        0x8 c:/program files (x86)/stm32cubeide_1.4.0/stm32cubeide/plugins/com.st.stm32cube.ide.mcu.externaltools.gnu-tools-for-stm32.7-2018-q2-update.win32_1.4.0.202007081208/tools/bin/../lib/gcc/arm-none-eabi/7.3.1/../../../../arm-none-eabi/lib/thumb/v7-m\libm.a(lib_a-ef_pow.o)
 .rodata.dp_h   0x0000000008004f50        0x8 c:/program files (x86)/stm32cubeide_1.4.0/stm32cubeide/plugins/com.st.stm32cube.ide.mcu.externaltools.gnu-tools-for-stm32.7-2018-q2-update.win32_1.4.0.202007081208/tools/bin/../lib/gcc/arm-none-eabi/7.3.1/../../../../arm-none-eabi/lib/thumb/v7-m\libm.a(lib_a-ef_pow.o)
 .rodata.dp_l   0x0000000008004f58        0x8 c:/program files (x86)/stm32cubeide_1.4.0/stm32cubeide/plugins/com.st.stm32cube.ide.mcu.externaltools.gnu-tools-for-stm32.7-2018-q2-update.win32_1.4.0.202007081208/tools/bin/../lib/gcc/arm-none-eabi/7.3.1/../../../../arm-none-eabi/lib/thumb/v7-m\libm.a(lib_a-ef_pow.o)
 .rodata.TWO23  0x0000000008004f60        0x8 c:/program files (x86)/stm32cubeide_1.4.0/stm32cubeide/plugins/com.st.stm32cube.ide.mcu.externaltools.gnu-tools-for-stm32.7-2018-q2-update.win32_1.4.0.202007081208/tools/bin/../lib/gcc/arm-none-eabi/7.3.1/../../../../arm-none-eabi/lib/thumb/v7-m\libm.a(lib_a-sf_rint.o)
 .rodata._svfprintf_r.str1.1
                0x0000000008004f68       0x11 c:/program files (x86)/stm32cubeide_1.4.0/stm32cubeide/plugins/com.st.stm32cube.ide.mcu.externaltools.gnu-tools-for-stm32.7-2018-q2-update.win32_1.4.0.202007081208/tools/bin/../lib/gcc/arm-none-eabi/7.3.1/../../../../arm-none-eabi/lib/thumb/v7-m\libc_nano.a(lib_a-nano-svfprintf.o)
 .rodata._printf_i.str1.1
                0x0000000008004f79       0x22 c:/program files (x86)/stm32cubeide_1.4.0/stm32cubeide/plugins/com.st.stm32cube.ide.mcu.externaltools.gnu-tools-for-stm32.7-2018-q2-update.win32_1.4.0.202007081208/tools/bin/../lib/gcc/arm-none-eabi/7.3.1/../../../../arm-none-eabi/lib/thumb/v7-m\libc_nano.a(lib_a-nano-vfprintf_i.o)
                0x0000000008004f9c                . = ALIGN (0x4)
 *fill*         0x0000000008004f9b        0x1 

.rel.dyn        0x0000000008004f9c        0x0
 .rel.iplt      0x0000000008004f9c        0x0 c:/program files (x86)/stm32cubeide_1.4.0/stm32cubeide/plugins/com.st.stm32cube.ide.mcu.externaltools.gnu-tools-for-stm32.7-2018-q2-update.win32_1.4.0.202007081208/tools/bin/../lib/gcc/arm-none-eabi/7.3.1/thumb/v7-m/crtbegin.o

.ARM.extab      0x0000000008004f9c        0x0
                0x0000000008004f9c                . = ALIGN (0x4)
 *(.ARM.extab* .gnu.linkonce.armextab.*)
                0x0000000008004f9c                . = ALIGN (0x4)

.ARM            0x0000000008004f9c        0x0
                0x0000000008004f9c                . = ALIGN (0x4)
                0x0000000008004f9c                __exidx_start = .
 *(.ARM.exidx*)
                0x0000000008004f9c                __exidx_end = .
                0x0000000008004f9c                . = ALIGN (0x4)

.preinit_array  0x0000000008004f9c        0x0
                0x0000000008004f9c                . = ALIGN (0x4)
                0x0000000008004f9c                PROVIDE (__preinit_array_start = .)
 *(.preinit_array*)
                0x0000000008004f9c                PROVIDE (__preinit_array_end = .)
                0x0000000008004f9c                . = ALIGN (0x4)

.init_array     0x0000000008004f9c        0x8
                0x0000000008004f9c                . = ALIGN (0x4)
                0x0000000008004f9c                PROVIDE (__init_array_start = .)
 *(SORT_BY_NAME(.init_array.*))
 *(.init_array*)
 .init_array    0x0000000008004f9c        0x4 c:/program files (x86)/stm32cubeide_1.4.0/stm32cubeide/plugins/com.st.stm32cube.ide.mcu.externaltools.gnu-tools-for-stm32.7-2018-q2-update.win32_1.4.0.202007081208/tools/bin/../lib/gcc/arm-none-eabi/7.3.1/thumb/v7-m/crtbegin.o
 .init_array    0x0000000008004fa0        0x4 Core/Src/main.o
                0x0000000008004fa4                PROVIDE (__init_array_end = .)
                0x0000000008004fa4                . = ALIGN (0x4)

.fini_array     0x0000000008004fa4        0x4
                0x0000000008004fa4                . = ALIGN (0x4)
                [!provide]                        PROVIDE (__fini_array_start = .)
 *(SORT_BY_NAME(.fini_array.*))
 *(.fini_array*)
 .fini_array    0x0000000008004fa4        0x4 c:/program files (x86)/stm32cubeide_1.4.0/stm32cubeide/plugins/com.st.stm32cube.ide.mcu.externaltools.gnu-tools-for-stm32.7-2018-q2-update.win32_1.4.0.202007081208/tools/bin/../lib/gcc/arm-none-eabi/7.3.1/thumb/v7-m/crtbegin.o
                [!provide]                        PROVIDE (__fini_array_end = .)
                0x0000000008004fa8                . = ALIGN (0x4)
                0x0000000008004fa8                _sidata = LOADADDR (.data)

.data           0x0000000020000000       0xec load address 0x0000000008004fa8
                0x0000000020000000                . = ALIGN (0x4)
                0x0000000020000000                _sdata = .
 *(.data)
 *(.data*)
 .data.amplifierStartTimePeriod
                0x0000000020000000        0x4 Core/Src/main.o
                0x0000000020000000                amplifierStartTimePeriod
 .data.SystemCoreClock
                0x0000000020000004        0x4 Core/Src/system_stm32f1xx.o
                0x0000000020000004                SystemCoreClock
 .data.uwTickFreq
                0x0000000020000008        0x1 Drivers/STM32F1xx_HAL_Driver/Src/stm32f1xx_hal.o
                0x0000000020000008                uwTickFreq
 *fill*         0x0000000020000009        0x3 
 .data.uwTickPrio
                0x000000002000000c        0x4 Drivers/STM32F1xx_HAL_Driver/Src/stm32f1xx_hal.o
                0x000000002000000c                uwTickPrio
 .data.CHANGE_DISK1
                0x0000000020000010        0xc MAZDA_EXT_CD_CHANGER_EMULATOR/ExtDeviceCommandReciver.o
                0x0000000020000010                CHANGE_DISK1
 .data.CHANGE_DISK2
                0x000000002000001c        0xc MAZDA_EXT_CD_CHANGER_EMULATOR/ExtDeviceCommandReciver.o
                0x000000002000001c                CHANGE_DISK2
 .data.DISC_COUNT
                0x0000000020000028       0x12 MAZDA_EXT_CD_CHANGER_EMULATOR/ExtDeviceCommandReciver.o
                0x0000000020000028                DISC_COUNT
 .data.DISC_INFO_WITH_TRACK
                0x000000002000003a        0xd MAZDA_EXT_CD_CHANGER_EMULATOR/ExtDeviceCommandReciver.o
                0x000000002000003a                DISC_INFO_WITH_TRACK
 .data.HARDWARE_STATUS
                0x0000000020000047        0xc MAZDA_EXT_CD_CHANGER_EMULATOR/ExtDeviceCommandReciver.o
                0x0000000020000047                HARDWARE_STATUS
 .data.PONG     0x0000000020000053        0x3 MAZDA_EXT_CD_CHANGER_EMULATOR/ExtDeviceCommandReciver.o
                0x0000000020000053                PONG
 .data.STATUS_PLAY
                0x0000000020000056       0x10 MAZDA_EXT_CD_CHANGER_EMULATOR/ExtDeviceCommandReciver.o
                0x0000000020000056                STATUS_PLAY
 .data.STATUS_SEEKING
                0x0000000020000066       0x10 MAZDA_EXT_CD_CHANGER_EMULATOR/ExtDeviceCommandReciver.o
                0x0000000020000066                STATUS_SEEKING
 .data.STATUS_STOP
                0x0000000020000076       0x10 MAZDA_EXT_CD_CHANGER_EMULATOR/ExtDeviceCommandReciver.o
                0x0000000020000076                STATUS_STOP
 .data.__fdlib_version
                0x0000000020000086        0x1 c:/program files (x86)/stm32cubeide_1.4.0/stm32cubeide/plugins/com.st.stm32cube.ide.mcu.externaltools.gnu-tools-for-stm32.7-2018-q2-update.win32_1.4.0.202007081208/tools/bin/../lib/gcc/arm-none-eabi/7.3.1/../../../../arm-none-eabi/lib/thumb/v7-m\libm.a(lib_a-s_lib_ver.o)
                0x0000000020000086                __fdlib_version
 *fill*         0x0000000020000087        0x1 
 .data._impure_ptr
                0x0000000020000088        0x4 c:/program files (x86)/stm32cubeide_1.4.0/stm32cubeide/plugins/com.st.stm32cube.ide.mcu.externaltools.gnu-tools-for-stm32.7-2018-q2-update.win32_1.4.0.202007081208/tools/bin/../lib/gcc/arm-none-eabi/7.3.1/../../../../arm-none-eabi/lib/thumb/v7-m\libc_nano.a(lib_a-impure.o)
                0x0000000020000088                _impure_ptr
 .data.impure_data
                0x000000002000008c       0x60 c:/program files (x86)/stm32cubeide_1.4.0/stm32cubeide/plugins/com.st.stm32cube.ide.mcu.externaltools.gnu-tools-for-stm32.7-2018-q2-update.win32_1.4.0.202007081208/tools/bin/../lib/gcc/arm-none-eabi/7.3.1/../../../../arm-none-eabi/lib/thumb/v7-m\libc_nano.a(lib_a-impure.o)
                0x00000000200000ec                . = ALIGN (0x4)
                0x00000000200000ec                _edata = .

.igot.plt       0x00000000200000ec        0x0 load address 0x0000000008005094
 .igot.plt      0x00000000200000ec        0x0 c:/program files (x86)/stm32cubeide_1.4.0/stm32cubeide/plugins/com.st.stm32cube.ide.mcu.externaltools.gnu-tools-for-stm32.7-2018-q2-update.win32_1.4.0.202007081208/tools/bin/../lib/gcc/arm-none-eabi/7.3.1/thumb/v7-m/crtbegin.o
                0x00000000200000ec                . = ALIGN (0x4)

.bss            0x00000000200000ec      0x4e4 load address 0x0000000008005094
                0x00000000200000ec                _sbss = .
                0x00000000200000ec                __bss_start__ = _sbss
 *(.bss)
 .bss           0x00000000200000ec       0x1c c:/program files (x86)/stm32cubeide_1.4.0/stm32cubeide/plugins/com.st.stm32cube.ide.mcu.externaltools.gnu-tools-for-stm32.7-2018-q2-update.win32_1.4.0.202007081208/tools/bin/../lib/gcc/arm-none-eabi/7.3.1/thumb/v7-m/crtbegin.o
 *(.bss*)
 .bss._ZZN8SigmaDSP22safeload_writeRegisterEtPhbE15_safeload_count
                0x0000000020000108        0x1 ADAU_1701_LIB_STM32_F4/SigmaDSP.o
 .bss.amplifierStart
                0x0000000020000109        0x1 Core/Src/main.o
                0x0000000020000109                amplifierStart
 *fill*         0x000000002000010a        0x2 
 .bss.amplifierStartTime
                0x000000002000010c        0x4 Core/Src/main.o
                0x000000002000010c                amplifierStartTime
 .bss.android   0x0000000020000110       0x14 Core/Src/main.o
                0x0000000020000110                android
 .bss.dsp       0x0000000020000124       0x18 Core/Src/main.o
                0x0000000020000124                dsp
 .bss.dspCommandReciver
                0x000000002000013c       0xfc Core/Src/main.o
                0x000000002000013c                dspCommandReciver
 .bss.extDeviceCommandReciver
                0x0000000020000238       0x30 Core/Src/main.o
                0x0000000020000238                extDeviceCommandReciver
 .bss.hi2c2     0x0000000020000268       0x54 Core/Src/main.o
                0x0000000020000268                hi2c2
 .bss.htim1     0x00000000200002bc       0x48 Core/Src/main.o
                0x00000000200002bc                htim1
 .bss.htim4     0x0000000020000304       0x48 Core/Src/main.o
                0x0000000020000304                htim4
 .bss.huart1    0x000000002000034c       0x40 Core/Src/main.o
                0x000000002000034c                huart1
 .bss.huart2    0x000000002000038c       0x40 Core/Src/main.o
                0x000000002000038c                huart2
 .bss.monitorOpen
                0x00000000200003cc        0x1 Core/Src/main.o
                0x00000000200003cc                monitorOpen
 *fill*         0x00000000200003cd        0x3 
 .bss.powerManager
                0x00000000200003d0       0x3c Core/Src/main.o
                0x00000000200003d0                powerManager
 .bss.sendVolumeLastStatus
                0x000000002000040c        0x1 Core/Src/main.o
                0x000000002000040c                sendVolumeLastStatus
 *fill*         0x000000002000040d        0x3 
 .bss.serial    0x0000000020000410        0x4 Core/Src/main.o
                0x0000000020000410                serial
 .bss.serialReciver
                0x0000000020000414       0xd8 Core/Src/main.o
                0x0000000020000414                serialReciver
 .bss.sysTime   0x00000000200004ec        0x4 Core/Src/main.o
                0x00000000200004ec                sysTime
 .bss.tmp       0x00000000200004f0       0xc8 Core/Src/main.o
                0x00000000200004f0                tmp
 .bss.volumeLastValue
                0x00000000200005b8        0x4 Core/Src/main.o
                0x00000000200005b8                volumeLastValue
 .bss.__sbrk_heap_end
                0x00000000200005bc        0x4 Core/Src/sysmem.o
 .bss.__malloc_free_list
                0x00000000200005c0        0x4 c:/program files (x86)/stm32cubeide_1.4.0/stm32cubeide/plugins/com.st.stm32cube.ide.mcu.externaltools.gnu-tools-for-stm32.7-2018-q2-update.win32_1.4.0.202007081208/tools/bin/../lib/gcc/arm-none-eabi/7.3.1/../../../../arm-none-eabi/lib/thumb/v7-m\libc_nano.a(lib_a-nano-mallocr.o)
                0x00000000200005c0                __malloc_free_list
 .bss.__malloc_sbrk_start
                0x00000000200005c4        0x4 c:/program files (x86)/stm32cubeide_1.4.0/stm32cubeide/plugins/com.st.stm32cube.ide.mcu.externaltools.gnu-tools-for-stm32.7-2018-q2-update.win32_1.4.0.202007081208/tools/bin/../lib/gcc/arm-none-eabi/7.3.1/../../../../arm-none-eabi/lib/thumb/v7-m\libc_nano.a(lib_a-nano-mallocr.o)
                0x00000000200005c4                __malloc_sbrk_start
 *(COMMON)
 COMMON         0x00000000200005c8        0x4 Drivers/STM32F1xx_HAL_Driver/Src/stm32f1xx_hal.o
                0x00000000200005c8                uwTick
 COMMON         0x00000000200005cc        0x4 c:/program files (x86)/stm32cubeide_1.4.0/stm32cubeide/plugins/com.st.stm32cube.ide.mcu.externaltools.gnu-tools-for-stm32.7-2018-q2-update.win32_1.4.0.202007081208/tools/bin/../lib/gcc/arm-none-eabi/7.3.1/../../../../arm-none-eabi/lib/thumb/v7-m\libc_nano.a(lib_a-reent.o)
                0x00000000200005cc                errno
                0x00000000200005d0                . = ALIGN (0x4)
                0x00000000200005d0                _ebss = .
                0x00000000200005d0                __bss_end__ = _ebss

._user_heap_stack
                0x00000000200005d0      0x600 load address 0x0000000008005094
                0x00000000200005d0                . = ALIGN (0x8)
                [!provide]                        PROVIDE (end = .)
                0x00000000200005d0                PROVIDE (_end = .)
                0x00000000200007d0                . = (. + _Min_Heap_Size)
 *fill*         0x00000000200005d0      0x200 
                0x0000000020000bd0                . = (. + _Min_Stack_Size)
 *fill*         0x00000000200007d0      0x400 
                0x0000000020000bd0                . = ALIGN (0x8)

/DISCARD/
 libc.a(*)
 libm.a(*)
 libgcc.a(*)

.ARM.attributes
                0x0000000000000000       0x29
 *(.ARM.attributes)
 .ARM.attributes
                0x0000000000000000       0x1d c:/program files (x86)/stm32cubeide_1.4.0/stm32cubeide/plugins/com.st.stm32cube.ide.mcu.externaltools.gnu-tools-for-stm32.7-2018-q2-update.win32_1.4.0.202007081208/tools/bin/../lib/gcc/arm-none-eabi/7.3.1/thumb/v7-m/crti.o
 .ARM.attributes
                0x000000000000001d       0x2d c:/program files (x86)/stm32cubeide_1.4.0/stm32cubeide/plugins/com.st.stm32cube.ide.mcu.externaltools.gnu-tools-for-stm32.7-2018-q2-update.win32_1.4.0.202007081208/tools/bin/../lib/gcc/arm-none-eabi/7.3.1/thumb/v7-m/crtbegin.o
 .ARM.attributes
                0x000000000000004a       0x33 ADAU_1701_LIB_STM32_F4/SigmaDSP.o
 .ARM.attributes
                0x000000000000007d       0x33 Core/Src/Android.o
 .ARM.attributes
                0x00000000000000b0       0x33 Core/Src/PowerManager.o
 .ARM.attributes
                0x00000000000000e3       0x33 Core/Src/SerialReciver.o
 .ARM.attributes
                0x0000000000000116       0x33 Core/Src/main.o
 .ARM.attributes
                0x0000000000000149       0x33 Core/Src/stm32f1xx_hal_msp.o
 .ARM.attributes
                0x000000000000017c       0x33 Core/Src/stm32f1xx_it.o
 .ARM.attributes
                0x00000000000001af       0x33 Core/Src/sysmem.o
 .ARM.attributes
                0x00000000000001e2       0x33 Core/Src/system_stm32f1xx.o
 .ARM.attributes
                0x0000000000000215       0x21 Core/Startup/startup_stm32f103c8tx.o
 .ARM.attributes
                0x0000000000000236       0x33 Drivers/STM32F1xx_HAL_Driver/Src/stm32f1xx_hal.o
 .ARM.attributes
                0x0000000000000269       0x33 Drivers/STM32F1xx_HAL_Driver/Src/stm32f1xx_hal_cortex.o
 .ARM.attributes
                0x000000000000029c       0x33 Drivers/STM32F1xx_HAL_Driver/Src/stm32f1xx_hal_dma.o
 .ARM.attributes
                0x00000000000002cf       0x33 Drivers/STM32F1xx_HAL_Driver/Src/stm32f1xx_hal_gpio.o
 .ARM.attributes
                0x0000000000000302       0x33 Drivers/STM32F1xx_HAL_Driver/Src/stm32f1xx_hal_i2c.o
 .ARM.attributes
                0x0000000000000335       0x33 Drivers/STM32F1xx_HAL_Driver/Src/stm32f1xx_hal_rcc.o
 .ARM.attributes
                0x0000000000000368       0x33 Drivers/STM32F1xx_HAL_Driver/Src/stm32f1xx_hal_tim.o
 .ARM.attributes
                0x000000000000039b       0x33 Drivers/STM32F1xx_HAL_Driver/Src/stm32f1xx_hal_tim_ex.o
 .ARM.attributes
                0x00000000000003ce       0x33 Drivers/STM32F1xx_HAL_Driver/Src/stm32f1xx_hal_uart.o
 .ARM.attributes
                0x0000000000000401       0x33 MAZDA_CAR_RADIO_DSP_COMMAND_RECIVER/DspCommandReciver.o
 .ARM.attributes
                0x0000000000000434       0x33 MAZDA_EXT_CD_CHANGER_EMULATOR/ExtDeviceCommandReciver.o
 .ARM.attributes
                0x0000000000000467       0x33 SERIAL_LIB_STM32_F4/Serial.o
 .ARM.attributes
                0x000000000000049a       0x2d c:/program files (x86)/stm32cubeide_1.4.0/stm32cubeide/plugins/com.st.stm32cube.ide.mcu.externaltools.gnu-tools-for-stm32.7-2018-q2-update.win32_1.4.0.202007081208/tools/bin/../lib/gcc/arm-none-eabi/7.3.1/../../../../arm-none-eabi/lib/thumb/v7-m\libm.a(lib_a-wf_pow.o)
 .ARM.attributes
                0x00000000000004c7       0x2d c:/program files (x86)/stm32cubeide_1.4.0/stm32cubeide/plugins/com.st.stm32cube.ide.mcu.externaltools.gnu-tools-for-stm32.7-2018-q2-update.win32_1.4.0.202007081208/tools/bin/../lib/gcc/arm-none-eabi/7.3.1/../../../../arm-none-eabi/lib/thumb/v7-m\libm.a(lib_a-ef_pow.o)
 .ARM.attributes
                0x00000000000004f4       0x2d c:/program files (x86)/stm32cubeide_1.4.0/stm32cubeide/plugins/com.st.stm32cube.ide.mcu.externaltools.gnu-tools-for-stm32.7-2018-q2-update.win32_1.4.0.202007081208/tools/bin/../lib/gcc/arm-none-eabi/7.3.1/../../../../arm-none-eabi/lib/thumb/v7-m\libm.a(lib_a-ef_sqrt.o)
 .ARM.attributes
                0x0000000000000521       0x2d c:/program files (x86)/stm32cubeide_1.4.0/stm32cubeide/plugins/com.st.stm32cube.ide.mcu.externaltools.gnu-tools-for-stm32.7-2018-q2-update.win32_1.4.0.202007081208/tools/bin/../lib/gcc/arm-none-eabi/7.3.1/../../../../arm-none-eabi/lib/thumb/v7-m\libm.a(lib_a-s_lib_ver.o)
 .ARM.attributes
                0x000000000000054e       0x2d c:/program files (x86)/stm32cubeide_1.4.0/stm32cubeide/plugins/com.st.stm32cube.ide.mcu.externaltools.gnu-tools-for-stm32.7-2018-q2-update.win32_1.4.0.202007081208/tools/bin/../lib/gcc/arm-none-eabi/7.3.1/../../../../arm-none-eabi/lib/thumb/v7-m\libm.a(lib_a-s_matherr.o)
 .ARM.attributes
                0x000000000000057b       0x2d c:/program files (x86)/stm32cubeide_1.4.0/stm32cubeide/plugins/com.st.stm32cube.ide.mcu.externaltools.gnu-tools-for-stm32.7-2018-q2-update.win32_1.4.0.202007081208/tools/bin/../lib/gcc/arm-none-eabi/7.3.1/../../../../arm-none-eabi/lib/thumb/v7-m\libm.a(lib_a-sf_fabs.o)
 .ARM.attributes
                0x00000000000005a8       0x2d c:/program files (x86)/stm32cubeide_1.4.0/stm32cubeide/plugins/com.st.stm32cube.ide.mcu.externaltools.gnu-tools-for-stm32.7-2018-q2-update.win32_1.4.0.202007081208/tools/bin/../lib/gcc/arm-none-eabi/7.3.1/../../../../arm-none-eabi/lib/thumb/v7-m\libm.a(lib_a-sf_finite.o)
 .ARM.attributes
                0x00000000000005d5       0x2d c:/program files (x86)/stm32cubeide_1.4.0/stm32cubeide/plugins/com.st.stm32cube.ide.mcu.externaltools.gnu-tools-for-stm32.7-2018-q2-update.win32_1.4.0.202007081208/tools/bin/../lib/gcc/arm-none-eabi/7.3.1/../../../../arm-none-eabi/lib/thumb/v7-m\libm.a(lib_a-sf_nan.o)
 .ARM.attributes
                0x0000000000000602       0x2d c:/program files (x86)/stm32cubeide_1.4.0/stm32cubeide/plugins/com.st.stm32cube.ide.mcu.externaltools.gnu-tools-for-stm32.7-2018-q2-update.win32_1.4.0.202007081208/tools/bin/../lib/gcc/arm-none-eabi/7.3.1/../../../../arm-none-eabi/lib/thumb/v7-m\libm.a(lib_a-sf_rint.o)
 .ARM.attributes
                0x000000000000062f       0x2d c:/program files (x86)/stm32cubeide_1.4.0/stm32cubeide/plugins/com.st.stm32cube.ide.mcu.externaltools.gnu-tools-for-stm32.7-2018-q2-update.win32_1.4.0.202007081208/tools/bin/../lib/gcc/arm-none-eabi/7.3.1/../../../../arm-none-eabi/lib/thumb/v7-m\libm.a(lib_a-sf_scalbn.o)
 .ARM.attributes
                0x000000000000065c       0x2d c:/program files (x86)/stm32cubeide_1.4.0/stm32cubeide/plugins/com.st.stm32cube.ide.mcu.externaltools.gnu-tools-for-stm32.7-2018-q2-update.win32_1.4.0.202007081208/tools/bin/../lib/gcc/arm-none-eabi/7.3.1/../../../../arm-none-eabi/lib/thumb/v7-m\libm.a(lib_a-sf_copysign.o)
 .ARM.attributes
                0x0000000000000689       0x2d c:/program files (x86)/stm32cubeide_1.4.0/stm32cubeide/plugins/com.st.stm32cube.ide.mcu.externaltools.gnu-tools-for-stm32.7-2018-q2-update.win32_1.4.0.202007081208/tools/bin/../lib/gcc/arm-none-eabi/7.3.1/../../../../arm-none-eabi/lib/thumb/v7-m\libc_nano.a(lib_a-errno.o)
 .ARM.attributes
                0x00000000000006b6       0x2d c:/program files (x86)/stm32cubeide_1.4.0/stm32cubeide/plugins/com.st.stm32cube.ide.mcu.externaltools.gnu-tools-for-stm32.7-2018-q2-update.win32_1.4.0.202007081208/tools/bin/../lib/gcc/arm-none-eabi/7.3.1/../../../../arm-none-eabi/lib/thumb/v7-m\libc_nano.a(lib_a-impure.o)
 .ARM.attributes
                0x00000000000006e3       0x2d c:/program files (x86)/stm32cubeide_1.4.0/stm32cubeide/plugins/com.st.stm32cube.ide.mcu.externaltools.gnu-tools-for-stm32.7-2018-q2-update.win32_1.4.0.202007081208/tools/bin/../lib/gcc/arm-none-eabi/7.3.1/../../../../arm-none-eabi/lib/thumb/v7-m\libc_nano.a(lib_a-init.o)
 .ARM.attributes
                0x0000000000000710       0x2d c:/program files (x86)/stm32cubeide_1.4.0/stm32cubeide/plugins/com.st.stm32cube.ide.mcu.externaltools.gnu-tools-for-stm32.7-2018-q2-update.win32_1.4.0.202007081208/tools/bin/../lib/gcc/arm-none-eabi/7.3.1/../../../../arm-none-eabi/lib/thumb/v7-m\libc_nano.a(lib_a-memcpy-stub.o)
 .ARM.attributes
                0x000000000000073d       0x2d c:/program files (x86)/stm32cubeide_1.4.0/stm32cubeide/plugins/com.st.stm32cube.ide.mcu.externaltools.gnu-tools-for-stm32.7-2018-q2-update.win32_1.4.0.202007081208/tools/bin/../lib/gcc/arm-none-eabi/7.3.1/../../../../arm-none-eabi/lib/thumb/v7-m\libc_nano.a(lib_a-memset.o)
 .ARM.attributes
                0x000000000000076a       0x2d c:/program files (x86)/stm32cubeide_1.4.0/stm32cubeide/plugins/com.st.stm32cube.ide.mcu.externaltools.gnu-tools-for-stm32.7-2018-q2-update.win32_1.4.0.202007081208/tools/bin/../lib/gcc/arm-none-eabi/7.3.1/../../../../arm-none-eabi/lib/thumb/v7-m\libc_nano.a(lib_a-sprintf.o)
 .ARM.attributes
                0x0000000000000797       0x17 c:/program files (x86)/stm32cubeide_1.4.0/stm32cubeide/plugins/com.st.stm32cube.ide.mcu.externaltools.gnu-tools-for-stm32.7-2018-q2-update.win32_1.4.0.202007081208/tools/bin/../lib/gcc/arm-none-eabi/7.3.1/../../../../arm-none-eabi/lib/thumb/v7-m\libc_nano.a(lib_a-strlen.o)
 .ARM.attributes
                0x00000000000007ae       0x2d c:/program files (x86)/stm32cubeide_1.4.0/stm32cubeide/plugins/com.st.stm32cube.ide.mcu.externaltools.gnu-tools-for-stm32.7-2018-q2-update.win32_1.4.0.202007081208/tools/bin/../lib/gcc/arm-none-eabi/7.3.1/../../../../arm-none-eabi/lib/thumb/v7-m\libc_nano.a(lib_a-strstr.o)
 .ARM.attributes
                0x00000000000007db       0x2d c:/program files (x86)/stm32cubeide_1.4.0/stm32cubeide/plugins/com.st.stm32cube.ide.mcu.externaltools.gnu-tools-for-stm32.7-2018-q2-update.win32_1.4.0.202007081208/tools/bin/../lib/gcc/arm-none-eabi/7.3.1/../../../../arm-none-eabi/lib/thumb/v7-m\libc_nano.a(lib_a-nano-svfprintf.o)
 .ARM.attributes
                0x0000000000000808       0x2d c:/program files (x86)/stm32cubeide_1.4.0/stm32cubeide/plugins/com.st.stm32cube.ide.mcu.externaltools.gnu-tools-for-stm32.7-2018-q2-update.win32_1.4.0.202007081208/tools/bin/../lib/gcc/arm-none-eabi/7.3.1/../../../../arm-none-eabi/lib/thumb/v7-m\libc_nano.a(lib_a-nano-vfprintf_i.o)
 .ARM.attributes
                0x0000000000000835       0x2d c:/program files (x86)/stm32cubeide_1.4.0/stm32cubeide/plugins/com.st.stm32cube.ide.mcu.externaltools.gnu-tools-for-stm32.7-2018-q2-update.win32_1.4.0.202007081208/tools/bin/../lib/gcc/arm-none-eabi/7.3.1/../../../../arm-none-eabi/lib/thumb/v7-m\libc_nano.a(lib_a-memchr-stub.o)
 .ARM.attributes
                0x0000000000000862       0x2d c:/program files (x86)/stm32cubeide_1.4.0/stm32cubeide/plugins/com.st.stm32cube.ide.mcu.externaltools.gnu-tools-for-stm32.7-2018-q2-update.win32_1.4.0.202007081208/tools/bin/../lib/gcc/arm-none-eabi/7.3.1/../../../../arm-none-eabi/lib/thumb/v7-m\libc_nano.a(lib_a-memmove.o)
 .ARM.attributes
                0x000000000000088f       0x2d c:/program files (x86)/stm32cubeide_1.4.0/stm32cubeide/plugins/com.st.stm32cube.ide.mcu.externaltools.gnu-tools-for-stm32.7-2018-q2-update.win32_1.4.0.202007081208/tools/bin/../lib/gcc/arm-none-eabi/7.3.1/../../../../arm-none-eabi/lib/thumb/v7-m\libc_nano.a(lib_a-nano-freer.o)
 .ARM.attributes
                0x00000000000008bc       0x2d c:/program files (x86)/stm32cubeide_1.4.0/stm32cubeide/plugins/com.st.stm32cube.ide.mcu.externaltools.gnu-tools-for-stm32.7-2018-q2-update.win32_1.4.0.202007081208/tools/bin/../lib/gcc/arm-none-eabi/7.3.1/../../../../arm-none-eabi/lib/thumb/v7-m\libc_nano.a(lib_a-nano-mallocr.o)
 .ARM.attributes
                0x00000000000008e9       0x2d c:/program files (x86)/stm32cubeide_1.4.0/stm32cubeide/plugins/com.st.stm32cube.ide.mcu.externaltools.gnu-tools-for-stm32.7-2018-q2-update.win32_1.4.0.202007081208/tools/bin/../lib/gcc/arm-none-eabi/7.3.1/../../../../arm-none-eabi/lib/thumb/v7-m\libc_nano.a(lib_a-nano-reallocr.o)
 .ARM.attributes
                0x0000000000000916       0x2d c:/program files (x86)/stm32cubeide_1.4.0/stm32cubeide/plugins/com.st.stm32cube.ide.mcu.externaltools.gnu-tools-for-stm32.7-2018-q2-update.win32_1.4.0.202007081208/tools/bin/../lib/gcc/arm-none-eabi/7.3.1/../../../../arm-none-eabi/lib/thumb/v7-m\libc_nano.a(lib_a-sbrkr.o)
 .ARM.attributes
                0x0000000000000943       0x2d c:/program files (x86)/stm32cubeide_1.4.0/stm32cubeide/plugins/com.st.stm32cube.ide.mcu.externaltools.gnu-tools-for-stm32.7-2018-q2-update.win32_1.4.0.202007081208/tools/bin/../lib/gcc/arm-none-eabi/7.3.1/../../../../arm-none-eabi/lib/thumb/v7-m\libc_nano.a(lib_a-mlock.o)
 .ARM.attributes
                0x0000000000000970       0x2d c:/program files (x86)/stm32cubeide_1.4.0/stm32cubeide/plugins/com.st.stm32cube.ide.mcu.externaltools.gnu-tools-for-stm32.7-2018-q2-update.win32_1.4.0.202007081208/tools/bin/../lib/gcc/arm-none-eabi/7.3.1/../../../../arm-none-eabi/lib/thumb/v7-m\libc_nano.a(lib_a-nano-msizer.o)
 .ARM.attributes
                0x000000000000099d       0x2d c:/program files (x86)/stm32cubeide_1.4.0/stm32cubeide/plugins/com.st.stm32cube.ide.mcu.externaltools.gnu-tools-for-stm32.7-2018-q2-update.win32_1.4.0.202007081208/tools/bin/../lib/gcc/arm-none-eabi/7.3.1/../../../../arm-none-eabi/lib/thumb/v7-m\libc_nano.a(lib_a-reent.o)
 .ARM.attributes
                0x00000000000009ca       0x1d c:/program files (x86)/stm32cubeide_1.4.0/stm32cubeide/plugins/com.st.stm32cube.ide.mcu.externaltools.gnu-tools-for-stm32.7-2018-q2-update.win32_1.4.0.202007081208/tools/bin/../lib/gcc/arm-none-eabi/7.3.1/thumb/v7-m\libgcc.a(_arm_addsubdf3.o)
 .ARM.attributes
                0x00000000000009e7       0x1d c:/program files (x86)/stm32cubeide_1.4.0/stm32cubeide/plugins/com.st.stm32cube.ide.mcu.externaltools.gnu-tools-for-stm32.7-2018-q2-update.win32_1.4.0.202007081208/tools/bin/../lib/gcc/arm-none-eabi/7.3.1/thumb/v7-m\libgcc.a(_arm_truncdfsf2.o)
 .ARM.attributes
                0x0000000000000a04       0x1d c:/program files (x86)/stm32cubeide_1.4.0/stm32cubeide/plugins/com.st.stm32cube.ide.mcu.externaltools.gnu-tools-for-stm32.7-2018-q2-update.win32_1.4.0.202007081208/tools/bin/../lib/gcc/arm-none-eabi/7.3.1/thumb/v7-m\libgcc.a(_arm_addsubsf3.o)
 .ARM.attributes
                0x0000000000000a21       0x1d c:/program files (x86)/stm32cubeide_1.4.0/stm32cubeide/plugins/com.st.stm32cube.ide.mcu.externaltools.gnu-tools-for-stm32.7-2018-q2-update.win32_1.4.0.202007081208/tools/bin/../lib/gcc/arm-none-eabi/7.3.1/thumb/v7-m\libgcc.a(_arm_muldivsf3.o)
 .ARM.attributes
                0x0000000000000a3e       0x1d c:/program files (x86)/stm32cubeide_1.4.0/stm32cubeide/plugins/com.st.stm32cube.ide.mcu.externaltools.gnu-tools-for-stm32.7-2018-q2-update.win32_1.4.0.202007081208/tools/bin/../lib/gcc/arm-none-eabi/7.3.1/thumb/v7-m\libgcc.a(_arm_cmpsf2.o)
 .ARM.attributes
                0x0000000000000a5b       0x1d c:/program files (x86)/stm32cubeide_1.4.0/stm32cubeide/plugins/com.st.stm32cube.ide.mcu.externaltools.gnu-tools-for-stm32.7-2018-q2-update.win32_1.4.0.202007081208/tools/bin/../lib/gcc/arm-none-eabi/7.3.1/thumb/v7-m\libgcc.a(_arm_unordsf2.o)
 .ARM.attributes
                0x0000000000000a78       0x1d c:/program files (x86)/stm32cubeide_1.4.0/stm32cubeide/plugins/com.st.stm32cube.ide.mcu.externaltools.gnu-tools-for-stm32.7-2018-q2-update.win32_1.4.0.202007081208/tools/bin/../lib/gcc/arm-none-eabi/7.3.1/thumb/v7-m\libgcc.a(_arm_fixsfsi.o)
 .ARM.attributes
                0x0000000000000a95       0x1d c:/program files (x86)/stm32cubeide_1.4.0/stm32cubeide/plugins/com.st.stm32cube.ide.mcu.externaltools.gnu-tools-for-stm32.7-2018-q2-update.win32_1.4.0.202007081208/tools/bin/../lib/gcc/arm-none-eabi/7.3.1/thumb/v7-m/crtn.o
OUTPUT(CarRadioToAdauBrigeF103.elf elf32-littlearm)

.comment        0x0000000000000000       0x7b
 .comment       0x0000000000000000       0x7b ADAU_1701_LIB_STM32_F4/SigmaDSP.o
                                         0x7c (size before relaxing)
 .comment       0x000000000000007b       0x7c Core/Src/Android.o
 .comment       0x000000000000007b       0x7c Core/Src/PowerManager.o
 .comment       0x000000000000007b       0x7c Core/Src/SerialReciver.o
 .comment       0x000000000000007b       0x7c Core/Src/main.o
 .comment       0x000000000000007b       0x7c Core/Src/stm32f1xx_hal_msp.o
 .comment       0x000000000000007b       0x7c Core/Src/stm32f1xx_it.o
 .comment       0x000000000000007b       0x7c Core/Src/sysmem.o
 .comment       0x000000000000007b       0x7c Core/Src/system_stm32f1xx.o
 .comment       0x000000000000007b       0x7c Drivers/STM32F1xx_HAL_Driver/Src/stm32f1xx_hal.o
 .comment       0x000000000000007b       0x7c Drivers/STM32F1xx_HAL_Driver/Src/stm32f1xx_hal_cortex.o
 .comment       0x000000000000007b       0x7c Drivers/STM32F1xx_HAL_Driver/Src/stm32f1xx_hal_dma.o
 .comment       0x000000000000007b       0x7c Drivers/STM32F1xx_HAL_Driver/Src/stm32f1xx_hal_gpio.o
 .comment       0x000000000000007b       0x7c Drivers/STM32F1xx_HAL_Driver/Src/stm32f1xx_hal_i2c.o
 .comment       0x000000000000007b       0x7c Drivers/STM32F1xx_HAL_Driver/Src/stm32f1xx_hal_rcc.o
 .comment       0x000000000000007b       0x7c Drivers/STM32F1xx_HAL_Driver/Src/stm32f1xx_hal_tim.o