Archive member included to satisfy reference by file (symbol)

c:/st/stm32cubeide_1.9.0/stm32cubeide/plugins/com.st.stm32cube.ide.mcu.externaltools.gnu-tools-for-stm32.10.3-2021.10.win32_1.0.0.202111181127/tools/bin/../lib/gcc/arm-none-eabi/10.3.1/../../../../arm-none-eabi/lib/thumb/v7-m/nofp\libm.a(lib_a-sf_cos.o)
                              Core\Inc\ADAU_1701_LIB_STM32\SigmaDSP.o (cosf)
c:/st/stm32cubeide_1.9.0/stm32cubeide/plugins/com.st.stm32cube.ide.mcu.externaltools.gnu-tools-for-stm32.10.3-2021.10.win32_1.0.0.202111181127/tools/bin/../lib/gcc/arm-none-eabi/10.3.1/../../../../arm-none-eabi/lib/thumb/v7-m/nofp\libm.a(lib_a-sf_sin.o)
                              Core\Inc\ADAU_1701_LIB_STM32\SigmaDSP.o (sinf)
c:/st/stm32cubeide_1.9.0/stm32cubeide/plugins/com.st.stm32cube.ide.mcu.externaltools.gnu-tools-for-stm32.10.3-2021.10.win32_1.0.0.202111181127/tools/bin/../lib/gcc/arm-none-eabi/10.3.1/../../../../arm-none-eabi/lib/thumb/v7-m/nofp\libm.a(lib_a-sf_tan.o)
                              Core\Inc\ADAU_1701_LIB_STM32\SigmaDSP.o (tanf)
c:/st/stm32cubeide_1.9.0/stm32cubeide/plugins/com.st.stm32cube.ide.mcu.externaltools.gnu-tools-for-stm32.10.3-2021.10.win32_1.0.0.202111181127/tools/bin/../lib/gcc/arm-none-eabi/10.3.1/../../../../arm-none-eabi/lib/thumb/v7-m/nofp\libm.a(lib_a-w_pow.o)
                              Core\Inc\ADAU_1701_LIB_STM32\SigmaDSP.o (pow)
c:/st/stm32cubeide_1.9.0/stm32cubeide/plugins/com.st.stm32cube.ide.mcu.externaltools.gnu-tools-for-stm32.10.3-2021.10.win32_1.0.0.202111181127/tools/bin/../lib/gcc/arm-none-eabi/10.3.1/../../../../arm-none-eabi/lib/thumb/v7-m/nofp\libm.a(lib_a-w_sinh.o)
                              Core\Inc\ADAU_1701_LIB_STM32\SigmaDSP.o (sinh)
c:/st/stm32cubeide_1.9.0/stm32cubeide/plugins/com.st.stm32cube.ide.mcu.externaltools.gnu-tools-for-stm32.10.3-2021.10.win32_1.0.0.202111181127/tools/bin/../lib/gcc/arm-none-eabi/10.3.1/../../../../arm-none-eabi/lib/thumb/v7-m/nofp\libm.a(lib_a-wf_pow.o)
                              Core\Inc\ADAU_1701_LIB_STM32\SigmaDSP.o (powf)
c:/st/stm32cubeide_1.9.0/stm32cubeide/plugins/com.st.stm32cube.ide.mcu.externaltools.gnu-tools-for-stm32.10.3-2021.10.win32_1.0.0.202111181127/tools/bin/../lib/gcc/arm-none-eabi/10.3.1/../../../../arm-none-eabi/lib/thumb/v7-m/nofp\libm.a(lib_a-wf_sqrt.o)
                              Core\Inc\ADAU_1701_LIB_STM32\SigmaDSP.o (sqrtf)
c:/st/stm32cubeide_1.9.0/stm32cubeide/plugins/com.st.stm32cube.ide.mcu.externaltools.gnu-tools-for-stm32.10.3-2021.10.win32_1.0.0.202111181127/tools/bin/../lib/gcc/arm-none-eabi/10.3.1/../../../../arm-none-eabi/lib/thumb/v7-m/nofp\libm.a(lib_a-e_pow.o)
                              c:/st/stm32cubeide_1.9.0/stm32cubeide/plugins/com.st.stm32cube.ide.mcu.externaltools.gnu-tools-for-stm32.10.3-2021.10.win32_1.0.0.202111181127/tools/bin/../lib/gcc/arm-none-eabi/10.3.1/../../../../arm-none-eabi/lib/thumb/v7-m/nofp\libm.a(lib_a-w_pow.o) (__ieee754_pow)
c:/st/stm32cubeide_1.9.0/stm32cubeide/plugins/com.st.stm32cube.ide.mcu.externaltools.gnu-tools-for-stm32.10.3-2021.10.win32_1.0.0.202111181127/tools/bin/../lib/gcc/arm-none-eabi/10.3.1/../../../../arm-none-eabi/lib/thumb/v7-m/nofp\libm.a(lib_a-e_sinh.o)
                              c:/st/stm32cubeide_1.9.0/stm32cubeide/plugins/com.st.stm32cube.ide.mcu.externaltools.gnu-tools-for-stm32.10.3-2021.10.win32_1.0.0.202111181127/tools/bin/../lib/gcc/arm-none-eabi/10.3.1/../../../../arm-none-eabi/lib/thumb/v7-m/nofp\libm.a(lib_a-w_sinh.o) (__ieee754_sinh)
c:/st/stm32cubeide_1.9.0/stm32cubeide/plugins/com.st.stm32cube.ide.mcu.externaltools.gnu-tools-for-stm32.10.3-2021.10.win32_1.0.0.202111181127/tools/bin/../lib/gcc/arm-none-eabi/10.3.1/../../../../arm-none-eabi/lib/thumb/v7-m/nofp\libm.a(lib_a-e_sqrt.o)
                              c:/st/stm32cubeide_1.9.0/stm32cubeide/plugins/com.st.stm32cube.ide.mcu.externaltools.gnu-tools-for-stm32.10.3-2021.10.win32_1.0.0.202111181127/tools/bin/../lib/gcc/arm-none-eabi/10.3.1/../../../../arm-none-eabi/lib/thumb/v7-m/nofp\libm.a(lib_a-e_pow.o) (__ieee754_sqrt)
c:/st/stm32cubeide_1.9.0/stm32cubeide/plugins/com.st.stm32cube.ide.mcu.externaltools.gnu-tools-for-stm32.10.3-2021.10.win32_1.0.0.202111181127/tools/bin/../lib/gcc/arm-none-eabi/10.3.1/../../../../arm-none-eabi/lib/thumb/v7-m/nofp\libm.a(lib_a-ef_pow.o)
                              c:/st/stm32cubeide_1.9.0/stm32cubeide/plugins/com.st.stm32cube.ide.mcu.externaltools.gnu-tools-for-stm32.10.3-2021.10.win32_1.0.0.202111181127/tools/bin/../lib/gcc/arm-none-eabi/10.3.1/../../../../arm-none-eabi/lib/thumb/v7-m/nofp\libm.a(lib_a-wf_pow.o) (__ieee754_powf)
c:/st/stm32cubeide_1.9.0/stm32cubeide/plugins/com.st.stm32cube.ide.mcu.externaltools.gnu-tools-for-stm32.10.3-2021.10.win32_1.0.0.202111181127/tools/bin/../lib/gcc/arm-none-eabi/10.3.1/../../../../arm-none-eabi/lib/thumb/v7-m/nofp\libm.a(lib_a-ef_rem_pio2.o)
[...]
Memory Configuration

Name             Origin             Length             Attributes
RAM              0x0000000020000000 0x0000000000005000 xrw
FLASH            0x0000000008000000 0x0000000000010000 xr
*default*        0x0000000000000000 0xffffffffffffffff

Linker script and memory map

LOAD c:/st/stm32cubeide_1.9.0/stm32cubeide/plugins/com.st.stm32cube.ide.mcu.externaltools.gnu-tools-for-stm32.10.3-2021.10.win32_1.0.0.202111181127/tools/bin/../lib/gcc/arm-none-eabi/10.3.1/thumb/v7-m/nofp/crti.o
LOAD c:/st/stm32cubeide_1.9.0/stm32cubeide/plugins/com.st.stm32cube.ide.mcu.externaltools.gnu-tools-for-stm32.10.3-2021.10.win32_1.0.0.202111181127/tools/bin/../lib/gcc/arm-none-eabi/10.3.1/thumb/v7-m/nofp/crtbegin.o
LOAD c:/st/stm32cubeide_1.9.0/stm32cubeide/plugins/com.st.stm32cube.ide.mcu.externaltools.gnu-tools-for-stm32.10.3-2021.10.win32_1.0.0.202111181127/tools/bin/../lib/gcc/arm-none-eabi/10.3.1/../../../../arm-none-eabi/lib/thumb/v7-m/nofp/crt0.o
LOAD Core\Inc\ADAU_1701_LIB_STM32\DSPEEPROM.o
LOAD Core\Inc\ADAU_1701_LIB_STM32\SigmaDSP.o
LOAD Core\Inc\MAZDA_CAR_RADIO_DSP_COMMAND_RECIVER\DspCommandReciver.o
LOAD Core\Inc\MAZDA_EXT_CD_CHANGER_EMULATOR\ExtDeviceCommandReciver.o
LOAD Core\Inc\SERIAL_LIB_STM32\Serial.o
LOAD Core\Src\Android.o
LOAD Core\Src\PowerManager.o
LOAD Core\Src\RingBuffer.o
LOAD Core\Src\SerialReciver.o
LOAD Core\Src\main.o
LOAD Core\Src\stm32f1xx_hal_msp.o
LOAD Core\Src\stm32f1xx_it.o
LOAD Core\Src\syscalls.o
LOAD Core\Src\sysmem.o
LOAD Core\Src\system_stm32f1xx.o
LOAD Core\Startup\startup_stm32f103c8tx.o
LOAD Drivers\STM32F1xx_HAL_Driver\Src\stm32f1xx_hal.o
LOAD Drivers\STM32F1xx_HAL_Driver\Src\stm32f1xx_hal_cortex.o
LOAD Drivers\STM32F1xx_HAL_Driver\Src\stm32f1xx_hal_dma.o
LOAD Drivers\STM32F1xx_HAL_Driver\Src\stm32f1xx_hal_exti.o
LOAD Drivers\STM32F1xx_HAL_Driver\Src\stm32f1xx_hal_flash.o
LOAD Drivers\STM32F1xx_HAL_Driver\Src\stm32f1xx_hal_flash_ex.o
LOAD Drivers\STM32F1xx_HAL_Driver\Src\stm32f1xx_hal_gpio.o
LOAD Drivers\STM32F1xx_HAL_Driver\Src\stm32f1xx_hal_gpio_ex.o
LOAD Drivers\STM32F1xx_HAL_Driver\Src\stm32f1xx_hal_i2c.o
LOAD Drivers\STM32F1xx_HAL_Driver\Src\stm32f1xx_hal_pwr.o
LOAD Drivers\STM32F1xx_HAL_Driver\Src\stm32f1xx_hal_rcc.o
LOAD Drivers\STM32F1xx_HAL_Driver\Src\stm32f1xx_hal_rcc_ex.o
LOAD Drivers\STM32F1xx_HAL_Driver\Src\stm32f1xx_hal_tim.o
LOAD Drivers\STM32F1xx_HAL_Driver\Src\stm32f1xx_hal_tim_ex.o
LOAD Drivers\STM32F1xx_HAL_Driver\Src\stm32f1xx_hal_uart.o
START GROUP
LOAD c:/st/stm32cubeide_1.9.0/stm32cubeide/plugins/com.st.stm32cube.ide.mcu.externaltools.gnu-tools-for-stm32.10.3-2021.10.win32_1.0.0.202111181127/tools/bin/../lib/gcc/arm-none-eabi/10.3.1/../../../../arm-none-eabi/lib/thumb/v7-m/nofp\libstdc++_nano.a
LOAD c:/st/stm32cubeide_1.9.0/stm32cubeide/plugins/com.st.stm32cube.ide.mcu.externaltools.gnu-tools-for-stm32.10.3-2021.10.win32_1.0.0.202111181127/tools/bin/../lib/gcc/arm-none-eabi/10.3.1/../../../../arm-none-eabi/lib/thumb/v7-m/nofp\libsupc++_nano.a
END GROUP
LOAD c:/st/stm32cubeide_1.9.0/stm32cubeide/plugins/com.st.stm32cube.ide.mcu.externaltools.gnu-tools-for-stm32.10.3-2021.10.win32_1.0.0.202111181127/tools/bin/../lib/gcc/arm-none-eabi/10.3.1/../../../../arm-none-eabi/lib/thumb/v7-m/nofp\libstdc++_nano.a
LOAD c:/st/stm32cubeide_1.9.0/stm32cubeide/plugins/com.st.stm32cube.ide.mcu.externaltools.gnu-tools-for-stm32.10.3-2021.10.win32_1.0.0.202111181127/tools/bin/../lib/gcc/arm-none-eabi/10.3.1/../../../../arm-none-eabi/lib/thumb/v7-m/nofp\libm.a
LOAD c:/st/stm32cubeide_1.9.0/stm32cubeide/plugins/com.st.stm32cube.ide.mcu.externaltools.gnu-tools-for-stm32.10.3-2021.10.win32_1.0.0.202111181127/tools/bin/../lib/gcc/arm-none-eabi/10.3.1/../../../../arm-none-eabi/lib/thumb/v7-m/nofp\libc_nano.a
START GROUP
LOAD c:/st/stm32cubeide_1.9.0/stm32cubeide/plugins/com.st.stm32cube.ide.mcu.externaltools.gnu-tools-for-stm32.10.3-2021.10.win32_1.0.0.202111181127/tools/bin/../lib/gcc/arm-none-eabi/10.3.1/thumb/v7-m/nofp\libgcc.a
LOAD c:/st/stm32cubeide_1.9.0/stm32cubeide/plugins/com.st.stm32cube.ide.mcu.externaltools.gnu-tools-for-stm32.10.3-2021.10.win32_1.0.0.202111181127/tools/bin/../lib/gcc/arm-none-eabi/10.3.1/../../../../arm-none-eabi/lib/thumb/v7-m/nofp\libc_nano.a
END GROUP
START GROUP
LOAD c:/st/stm32cubeide_1.9.0/stm32cubeide/plugins/com.st.stm32cube.ide.mcu.externaltools.gnu-tools-for-stm32.10.3-2021.10.win32_1.0.0.202111181127/tools/bin/../lib/gcc/arm-none-eabi/10.3.1/thumb/v7-m/nofp\libgcc.a
LOAD c:/st/stm32cubeide_1.9.0/stm32cubeide/plugins/com.st.stm32cube.ide.mcu.externaltools.gnu-tools-for-stm32.10.3-2021.10.win32_1.0.0.202111181127/tools/bin/../lib/gcc/arm-none-eabi/10.3.1/../../../../arm-none-eabi/lib/thumb/v7-m/nofp\libc_nano.a
LOAD c:/st/stm32cubeide_1.9.0/stm32cubeide/plugins/com.st.stm32cube.ide.mcu.externaltools.gnu-tools-for-stm32.10.3-2021.10.win32_1.0.0.202111181127/tools/bin/../lib/gcc/arm-none-eabi/10.3.1/../../../../arm-none-eabi/lib/thumb/v7-m/nofp\libnosys.a
END GROUP
START GROUP
LOAD c:/st/stm32cubeide_1.9.0/stm32cubeide/plugins/com.st.stm32cube.ide.mcu.externaltools.gnu-tools-for-stm32.10.3-2021.10.win32_1.0.0.202111181127/tools/bin/../lib/gcc/arm-none-eabi/10.3.1/thumb/v7-m/nofp\libgcc.a
LOAD c:/st/stm32cubeide_1.9.0/stm32cubeide/plugins/com.st.stm32cube.ide.mcu.externaltools.gnu-tools-for-stm32.10.3-2021.10.win32_1.0.0.202111181127/tools/bin/../lib/gcc/arm-none-eabi/10.3.1/../../../../arm-none-eabi/lib/thumb/v7-m/nofp\libc_nano.a
LOAD c:/st/stm32cubeide_1.9.0/stm32cubeide/plugins/com.st.stm32cube.ide.mcu.externaltools.gnu-tools-for-stm32.10.3-2021.10.win32_1.0.0.202111181127/tools/bin/../lib/gcc/arm-none-eabi/10.3.1/../../../../arm-none-eabi/lib/thumb/v7-m/nofp\libnosys.a
END GROUP
LOAD c:/st/stm32cubeide_1.9.0/stm32cubeide/plugins/com.st.stm32cube.ide.mcu.externaltools.gnu-tools-for-stm32.10.3-2021.10.win32_1.0.0.202111181127/tools/bin/../lib/gcc/arm-none-eabi/10.3.1/thumb/v7-m/nofp/crtend.o
LOAD c:/st/stm32cubeide_1.9.0/stm32cubeide/plugins/com.st.stm32cube.ide.mcu.externaltools.gnu-tools-for-stm32.10.3-2021.10.win32_1.0.0.202111181127/tools/bin/../lib/gcc/arm-none-eabi/10.3.1/thumb/v7-m/nofp/crtn.o
                0x0000000020005000                _estack = (ORIGIN (RAM) + LENGTH (RAM))
                0x0000000000000200                _Min_Heap_Size = 0x200
                0x0000000000000400                _Min_Stack_Size = 0x400

.isr_vector     0x0000000008000000      0x10c
                0x0000000008000000                . = ALIGN (0x4)
 *(.isr_vector)
 .isr_vector    0x0000000008000000      0x10c Core\Startup\startup_stm32f103c8tx.o
                0x0000000008000000                g_pfnVectors
                0x000000000800010c                . = ALIGN (0x4)

.text           0x000000000800010c     0x5974
                0x000000000800010c                . = ALIGN (0x4)
 *(.text)
 .text          0x000000000800010c       0x40 c:/st/stm32cubeide_1.9.0/stm32cubeide/plugins/com.st.stm32cube.ide.mcu.externaltools.gnu-tools-for-stm32.10.3-2021.10.win32_1.0.0.202111181127/tools/bin/../lib/gcc/arm-none-eabi/10.3.1/thumb/v7-m/nofp/crtbegin.o
 .text          0x000000000800014c       0x10 c:/st/stm32cubeide_1.9.0/stm32cubeide/plugins/com.st.stm32cube.ide.mcu.externaltools.gnu-tools-for-stm32.10.3-2021.10.win32_1.0.0.202111181127/tools/bin/../lib/gcc/arm-none-eabi/10.3.1/../../../../arm-none-eabi/lib/thumb/v7-m/nofp\libc_nano.a(lib_a-strlen.o)
                0x000000000800014c                strlen
 .text          0x000000000800015c      0x21c c:/st/stm32cubeide_1.9.0/stm32cubeide/plugins/com.st.stm32cube.ide.mcu.externaltools.gnu-tools-for-stm32.10.3-2021.10.win32_1.0.0.202111181127/tools/bin/../lib/gcc/arm-none-eabi/10.3.1/thumb/v7-m/nofp\libgcc.a(_arm_addsubsf3.o)
                0x000000000800015c                __aeabi_frsub
                0x0000000008000164                __subsf3
                0x0000000008000164                __aeabi_fsub
                0x0000000008000168                __aeabi_fadd
                0x0000000008000168                __addsf3
                0x00000000080002c8                __aeabi_ui2f
                0x00000000080002c8                __floatunsisf
                0x00000000080002d0                __aeabi_i2f
                0x00000000080002d0                __floatsisf
                0x00000000080002ec                __aeabi_ul2f
                0x00000000080002ec                __floatundisf
                0x00000000080002fc                __aeabi_l2f
                0x00000000080002fc                __floatdisf
 .text          0x0000000008000378      0x2a0 c:/st/stm32cubeide_1.9.0/stm32cubeide/plugins/com.st.stm32cube.ide.mcu.externaltools.gnu-tools-for-stm32.10.3-2021.10.win32_1.0.0.202111181127/tools/bin/../lib/gcc/arm-none-eabi/10.3.1/thumb/v7-m/nofp\libgcc.a(_arm_muldivsf3.o)
                0x0000000008000378                __mulsf3
                0x0000000008000378                __aeabi_fmul
                0x00000000080004e0                __aeabi_fdiv
                0x00000000080004e0                __divsf3
 .text          0x0000000008000618       0xec c:/st/stm32cubeide_1.9.0/stm32cubeide/plugins/com.st.stm32cube.ide.mcu.externaltools.gnu-tools-for-stm32.10.3-2021.10.win32_1.0.0.202111181127/tools/bin/../lib/gcc/arm-none-eabi/10.3.1/thumb/v7-m/nofp\libgcc.a(_arm_cmpsf2.o)
                0x0000000008000618                __gesf2
                0x0000000008000618                __gtsf2
                0x0000000008000620                __lesf2
                0x0000000008000620                __ltsf2
                0x0000000008000628                __nesf2
                0x0000000008000628                __eqsf2
                0x0000000008000628                __cmpsf2
                0x0000000008000688                __aeabi_cfrcmple
                0x0000000008000690                __aeabi_cfcmpeq
                0x0000000008000690                __aeabi_cfcmple
                0x00000000080006a0                __aeabi_fcmpeq
                0x00000000080006b4                __aeabi_fcmplt
                0x00000000080006c8                __aeabi_fcmple
                0x00000000080006dc                __aeabi_fcmpge
                0x00000000080006f0                __aeabi_fcmpgt
 .text          0x0000000008000704       0x2c c:/st/stm32cubeide_1.9.0/stm32cubeide/plugins/com.st.stm32cube.ide.mcu.externaltools.gnu-tools-for-stm32.10.3-2021.10.win32_1.0.0.202111181127/tools/bin/../lib/gcc/arm-none-eabi/10.3.1/thumb/v7-m/nofp\libgcc.a(_arm_unordsf2.o)
                0x0000000008000704                __unordsf2
                0x0000000008000704                __aeabi_fcmpun
 .text          0x0000000008000730       0x4c c:/st/stm32cubeide_1.9.0/stm32cubeide/plugins/com.st.stm32cube.ide.mcu.externaltools.gnu-tools-for-stm32.10.3-2021.10.win32_1.0.0.202111181127/tools/bin/../lib/gcc/arm-none-eabi/10.3.1/thumb/v7-m/nofp\libgcc.a(_arm_fixsfsi.o)
                0x0000000008000730                __aeabi_f2iz
                0x0000000008000730                __fixsfsi
 *(.text*)
 .text._ZN8SigmaDSPC2EP17I2C_HandleTypeDefhhP12GPIO_TypeDeftP20__UART_HandleTypeDefPFvPcE
                0x000000000800077c       0x1c Core\Inc\ADAU_1701_LIB_STM32\SigmaDSP.o
                0x000000000800077c                SigmaDSP::SigmaDSP(I2C_HandleTypeDef*, unsigned char, unsigned char, GPIO_TypeDef*, unsigned short, __UART_HandleTypeDef*, void (*)(char*))
                0x000000000800077c                SigmaDSP::SigmaDSP(I2C_HandleTypeDef*, unsigned char, unsigned char, GPIO_TypeDef*, unsigned short, __UART_HandleTypeDef*, void (*)(char*))
 .text._ZN8SigmaDSP5resetEv
                0x0000000008000798       0x44 Core\Inc\ADAU_1701_LIB_STM32\SigmaDSP.o
                0x0000000008000798                SigmaDSP::reset()
 .text._ZN8SigmaDSP4pingEv
                0x00000000080007dc       0x9c Core\Inc\ADAU_1701_LIB_STM32\SigmaDSP.o
                0x00000000080007dc                SigmaDSP::ping()
 .text._ZN8SigmaDSP13writeRegisterEthPKh
                0x0000000008000878       0x46 Core\Inc\ADAU_1701_LIB_STM32\SigmaDSP.o
                0x0000000008000878                SigmaDSP::writeRegister(unsigned short, unsigned char, unsigned char const*)
 *fill*         0x00000000080008be        0x2 
 .text._ZN8SigmaDSP22safeload_writeRegisterEtPhb
                0x00000000080008c0       0x64 Core\Inc\ADAU_1701_LIB_STM32\SigmaDSP.o
                0x00000000080008c0                SigmaDSP::safeload_writeRegister(unsigned short, unsigned char*, bool)
 .text._ZN8SigmaDSP12floatToFixedEfPh
                0x0000000008000924       0x26 Core\Inc\ADAU_1701_LIB_STM32\SigmaDSP.o
                0x0000000008000924                SigmaDSP::floatToFixed(float, unsigned char*)
 .text._ZN8SigmaDSP22safeload_writeRegisterEtfb
                0x000000000800094a       0x20 Core\Inc\ADAU_1701_LIB_STM32\SigmaDSP.o
                0x000000000800094a                SigmaDSP::safeload_writeRegister(unsigned short, float, bool)
 *fill*         0x000000000800096a        0x2 
 .text._ZN8SigmaDSP14twoChannelGainEtii
                0x000000000800096c       0x60 Core\Inc\ADAU_1701_LIB_STM32\SigmaDSP.o
                0x000000000800096c                SigmaDSP::twoChannelGain(unsigned short, int, int)
 .text._ZN8SigmaDSP10intToFixedElPh
                0x00000000080009cc       0x14 Core\Inc\ADAU_1701_LIB_STM32\SigmaDSP.o
                0x00000000080009cc                SigmaDSP::intToFixed(long, unsigned char*)
 .text._ZN8SigmaDSP22safeload_writeRegisterEtlb
                0x00000000080009e0       0x1a Core\Inc\ADAU_1701_LIB_STM32\SigmaDSP.o
                0x00000000080009e0                SigmaDSP::safeload_writeRegister(unsigned short, long, bool)
 .text._ZN8SigmaDSP4muteEtbh
                0x00000000080009fa       0x4c Core\Inc\ADAU_1701_LIB_STM32\SigmaDSP.o
                0x00000000080009fa                SigmaDSP::mute(unsigned short, bool, unsigned char)
 .text._ZN17DspCommandReciver11readPackageEi
                0x0000000008000a46       0x4c Core\Inc\MAZDA_CAR_RADIO_DSP_COMMAND_RECIVER\DspCommandReciver.o
                0x0000000008000a46                DspCommandReciver::readPackage(int)
 .text._ZN17DspCommandReciver21tranferDataFromBufferEPab
                0x0000000008000a92       0x32 Core\Inc\MAZDA_CAR_RADIO_DSP_COMMAND_RECIVER\DspCommandReciver.o
                0x0000000008000a92                DspCommandReciver::tranferDataFromBuffer(signed char*, bool)
 .text._ZN17DspCommandReciver9clearDataEPa
                0x0000000008000ac4        0xa Core\Inc\MAZDA_CAR_RADIO_DSP_COMMAND_RECIVER\DspCommandReciver.o
                0x0000000008000ac4                DspCommandReciver::clearData(signed char*)
 *fill*         0x0000000008000ace        0x2 
 .text._ZN17DspCommandReciverC2EP12GPIO_TypeDeftS1_tP20__UART_HandleTypeDefPFvPcE
                0x0000000008000ad0       0x94 Core\Inc\MAZDA_CAR_RADIO_DSP_COMMAND_RECIVER\DspCommandReciver.o
                0x0000000008000ad0                DspCommandReciver::DspCommandReciver(GPIO_TypeDef*, unsigned short, GPIO_TypeDef*, unsigned short, __UART_HandleTypeDef*, void (*)(char*))
                0x0000000008000ad0                DspCommandReciver::DspCommandReciver(GPIO_TypeDef*, unsigned short, GPIO_TypeDef*, unsigned short, __UART_HandleTypeDef*, void (*)(char*))
 .text._ZN17DspCommandReciver12checkElementEPaS0_aa
                0x0000000008000b64       0x28 Core\Inc\MAZDA_CAR_RADIO_DSP_COMMAND_RECIVER\DspCommandReciver.o
                0x0000000008000b64                DspCommandReciver::checkElement(signed char*, signed char*, signed char, signed char)
 .text._ZN17DspCommandReciver8getLevelEhh
                0x0000000008000b8c      0x10c Core\Inc\MAZDA_CAR_RADIO_DSP_COMMAND_RECIVER\DspCommandReciver.o
                0x0000000008000b8c                DspCommandReciver::getLevel(unsigned char, unsigned char)
 .text._ZN17DspCommandReciver12printMsgFuncEv
                0x0000000008000c98       0x9c Core\Inc\MAZDA_CAR_RADIO_DSP_COMMAND_RECIVER\DspCommandReciver.o
                0x0000000008000c98                DspCommandReciver::printMsgFunc()
 .text._ZN17DspCommandReciver17typeDetectAndSaveEv
                0x0000000008000d34       0xca Core\Inc\MAZDA_CAR_RADIO_DSP_COMMAND_RECIVER\DspCommandReciver.o
                0x0000000008000d34                DspCommandReciver::typeDetectAndSave()
 *fill*         0x0000000008000dfe        0x2 
 .text._ZN17DspCommandReciver11readPackageEv
                0x0000000008000e00       0x50 Core\Inc\MAZDA_CAR_RADIO_DSP_COMMAND_RECIVER\DspCommandReciver.o
                0x0000000008000e00                DspCommandReciver::readPackage()
 .text._ZN17DspCommandReciver16getAbsoluteLevelEh
                0x0000000008000e50       0x40 Core\Inc\MAZDA_CAR_RADIO_DSP_COMMAND_RECIVER\DspCommandReciver.o
                0x0000000008000e50                DspCommandReciver::getAbsoluteLevel(unsigned char)
 .text._ZN17DspCommandReciver9isChangedEv
                0x0000000008000e90        0x6 Core\Inc\MAZDA_CAR_RADIO_DSP_COMMAND_RECIVER\DspCommandReciver.o
                0x0000000008000e90                DspCommandReciver::isChanged()
 .text._ZN17DspCommandReciver16resetChangedFlagEv
                0x0000000008000e96        0x8 Core\Inc\MAZDA_CAR_RADIO_DSP_COMMAND_RECIVER\DspCommandReciver.o
                0x0000000008000e96                DspCommandReciver::resetChangedFlag()
 .text._ZN17DspCommandReciver14setChangedFlagEv
                0x0000000008000e9e        0x8 Core\Inc\MAZDA_CAR_RADIO_DSP_COMMAND_RECIVER\DspCommandReciver.o
                0x0000000008000e9e                DspCommandReciver::setChangedFlag()
 .text._ZN23ExtDeviceCommandReciverC2EP12GPIO_TypeDeftS1_tP17TIM_HandleTypeDefP20__UART_HandleTypeDefPFvvES7_S7_S7_PFvPcE
                0x0000000008000ea6       0x38 Core\Inc\MAZDA_EXT_CD_CHANGER_EMULATOR\ExtDeviceCommandReciver.o
                0x0000000008000ea6                ExtDeviceCommandReciver::ExtDeviceCommandReciver(GPIO_TypeDef*, unsigned short, GPIO_TypeDef*, unsigned short, TIM_HandleTypeDef*, __UART_HandleTypeDef*, void (*)(), void (*)(), void (*)(), void (*)(), void (*)(char*))
                0x0000000008000ea6                ExtDeviceCommandReciver::ExtDeviceCommandReciver(GPIO_TypeDef*, unsigned short, GPIO_TypeDef*, unsigned short, TIM_HandleTypeDef*, __UART_HandleTypeDef*, void (*)(), void (*)(), void (*)(), void (*)(), void (*)(char*))
 .text._ZN23ExtDeviceCommandReciver16resetPlayingFlagEv
                0x0000000008000ede        0x8 Core\Inc\MAZDA_EXT_CD_CHANGER_EMULATOR\ExtDeviceCommandReciver.o
                0x0000000008000ede                ExtDeviceCommandReciver::resetPlayingFlag()
 .text._ZN23ExtDeviceCommandReciver9isPlayingEv
                0x0000000008000ee6        0x6 Core\Inc\MAZDA_EXT_CD_CHANGER_EMULATOR\ExtDeviceCommandReciver.o
                0x0000000008000ee6                ExtDeviceCommandReciver::isPlaying()
 .text._ZN23ExtDeviceCommandReciver10startTimerEv
                0x0000000008000eec        0x6 Core\Inc\MAZDA_EXT_CD_CHANGER_EMULATOR\ExtDeviceCommandReciver.o
                0x0000000008000eec                ExtDeviceCommandReciver::startTimer()
 .text._ZN23ExtDeviceCommandReciver11resetMicrosEv
                0x0000000008000ef2        0xa Core\Inc\MAZDA_EXT_CD_CHANGER_EMULATOR\ExtDeviceCommandReciver.o
                0x0000000008000ef2                ExtDeviceCommandReciver::resetMicros()
 .text._ZN23ExtDeviceCommandReciver11readCommandEm
                0x0000000008000efc       0x66 Core\Inc\MAZDA_EXT_CD_CHANGER_EMULATOR\ExtDeviceCommandReciver.o
                0x0000000008000efc                ExtDeviceCommandReciver::readCommand(unsigned long)
 .text._ZN23ExtDeviceCommandReciver11readCommandEv
                0x0000000008000f62        0x6 Core\Inc\MAZDA_EXT_CD_CHANGER_EMULATOR\ExtDeviceCommandReciver.o
                0x0000000008000f62                ExtDeviceCommandReciver::readCommand()
 .text._ZN23ExtDeviceCommandReciver11delayMicrosEt
                0x0000000008000f68       0x10 Core\Inc\MAZDA_EXT_CD_CHANGER_EMULATOR\ExtDeviceCommandReciver.o
                0x0000000008000f68                ExtDeviceCommandReciver::delayMicros(unsigned short)
 .text._ZN23ExtDeviceCommandReciver9writeZeroEv
                0x0000000008000f78       0x30 Core\Inc\MAZDA_EXT_CD_CHANGER_EMULATOR\ExtDeviceCommandReciver.o
                0x0000000008000f78                ExtDeviceCommandReciver::writeZero()
 .text._ZN23ExtDeviceCommandReciver8writeOneEv
                0x0000000008000fa8       0x30 Core\Inc\MAZDA_EXT_CD_CHANGER_EMULATOR\ExtDeviceCommandReciver.o
                0x0000000008000fa8                ExtDeviceCommandReciver::writeOne()
 .text._ZN23ExtDeviceCommandReciver15writeHexBitWiseEh
                0x0000000008000fd8       0x28 Core\Inc\MAZDA_EXT_CD_CHANGER_EMULATOR\ExtDeviceCommandReciver.o
                0x0000000008000fd8                ExtDeviceCommandReciver::writeHexBitWise(unsigned char)
 .text._ZN23ExtDeviceCommandReciver12writeCommandEPci
                0x0000000008001000       0xa4 Core\Inc\MAZDA_EXT_CD_CHANGER_EMULATOR\ExtDeviceCommandReciver.o
                0x0000000008001000                ExtDeviceCommandReciver::writeCommand(char*, int)
 .text._ZN23ExtDeviceCommandReciver8sendTimeEhh
                0x00000000080010a4       0x64 Core\Inc\MAZDA_EXT_CD_CHANGER_EMULATOR\ExtDeviceCommandReciver.o
                0x00000000080010a4                ExtDeviceCommandReciver::sendTime(unsigned char, unsigned char)
 .text._ZN23ExtDeviceCommandReciver4pongEv
                0x0000000008001108        0xc Core\Inc\MAZDA_EXT_CD_CHANGER_EMULATOR\ExtDeviceCommandReciver.o
                0x0000000008001108                ExtDeviceCommandReciver::pong()
 .text._ZN23ExtDeviceCommandReciver6wakeUpEv
                0x0000000008001114       0x40 Core\Inc\MAZDA_EXT_CD_CHANGER_EMULATOR\ExtDeviceCommandReciver.o
                0x0000000008001114                ExtDeviceCommandReciver::wakeUp()
 .text._ZN23ExtDeviceCommandReciver4playEv
                0x0000000008001154       0x44 Core\Inc\MAZDA_EXT_CD_CHANGER_EMULATOR\ExtDeviceCommandReciver.o
                0x0000000008001154                ExtDeviceCommandReciver::play()
 .text._ZN23ExtDeviceCommandReciver4stopEv
                0x0000000008001198       0x2c Core\Inc\MAZDA_EXT_CD_CHANGER_EMULATOR\ExtDeviceCommandReciver.o
                0x0000000008001198                ExtDeviceCommandReciver::stop()
 .text._ZN23ExtDeviceCommandReciver11updateTrackEPc
                0x00000000080011c4      0x130 Core\Inc\MAZDA_EXT_CD_CHANGER_EMULATOR\ExtDeviceCommandReciver.o
                0x00000000080011c4                ExtDeviceCommandReciver::updateTrack(char*)
 .text._ZN23ExtDeviceCommandReciver17commandProcessingEv
                0x00000000080012f4      0x124 Core\Inc\MAZDA_EXT_CD_CHANGER_EMULATOR\ExtDeviceCommandReciver.o
                0x00000000080012f4                ExtDeviceCommandReciver::commandProcessing()
 .text._ZN6SerialC2EP20__UART_HandleTypeDef
                0x0000000008001418        0x4 Core\Inc\SERIAL_LIB_STM32\Serial.o
                0x0000000008001418                Serial::Serial(__UART_HandleTypeDef*)
                0x0000000008001418                Serial::Serial(__UART_HandleTypeDef*)
 .text._ZN12PowerManagerC2EP12GPIO_TypeDeftS1_tP20__UART_HandleTypeDefPFvvES5_S5_S5_PFvPcE
                0x000000000800141c       0x42 Core\Src\PowerManager.o
                0x000000000800141c                PowerManager::PowerManager(GPIO_TypeDef*, unsigned short, GPIO_TypeDef*, unsigned short, __UART_HandleTypeDef*, void (*)(), void (*)(), void (*)(), void (*)(), void (*)(char*))
                0x000000000800141c                PowerManager::PowerManager(GPIO_TypeDef*, unsigned short, GPIO_TypeDef*, unsigned short, __UART_HandleTypeDef*, void (*)(), void (*)(), void (*)(), void (*)(), void (*)(char*))
 .text._ZN12PowerManager8checkAccEv
                0x000000000800145e        0x8 Core\Src\PowerManager.o
                0x000000000800145e                PowerManager::checkAcc()
 *fill*         0x0000000008001466        0x2 
 .text._ZN12PowerManager11changeStateENS_10PowerStateE
                0x0000000008001468       0xcc Core\Src\PowerManager.o
                0x0000000008001468                PowerManager::changeState(PowerManager::PowerState)
 .text._ZN12PowerManager15powerProcessingEv
                0x0000000008001534       0x94 Core\Src\PowerManager.o
                0x0000000008001534                PowerManager::powerProcessing()
 .text._ZN10RingBufferC2Ev
                0x00000000080015c8       0x30 Core\Src\RingBuffer.o
                0x00000000080015c8                RingBuffer::RingBuffer()
                0x00000000080015c8                RingBuffer::RingBuffer()
 .text._ZN10RingBuffer3addEPKc
                0x00000000080015f8       0x72 Core\Src\RingBuffer.o
                0x00000000080015f8                RingBuffer::add(char const*)
 .text._ZN10RingBuffer10getReadIdxEv
                0x000000000800166a       0x2e Core\Src\RingBuffer.o
                0x000000000800166a                RingBuffer::getReadIdx()
 .text._ZN10RingBuffer3getEv
                0x0000000008001698       0x18 Core\Src\RingBuffer.o
                0x0000000008001698                RingBuffer::get()
 .text._ZN10RingBuffer7isEmptyEv
                0x00000000080016b0        0x6 Core\Src\RingBuffer.o
                0x00000000080016b0                RingBuffer::isEmpty()
 .text._ZN10RingBuffer11enableWriteEb
                0x00000000080016b6        0x6 Core\Src\RingBuffer.o
                0x00000000080016b6                RingBuffer::enableWrite(bool)
 .text._ZN10RingBuffer14isWriteEnabledEv
                0x00000000080016bc        0x6 Core\Src\RingBuffer.o
                0x00000000080016bc                RingBuffer::isWriteEnabled()
 .text._ZN13SerialReciverC2EP20__UART_HandleTypeDef
                0x00000000080016c2        0xc Core\Src\SerialReciver.o
                0x00000000080016c2                SerialReciver::SerialReciver(__UART_HandleTypeDef*)
                0x00000000080016c2                SerialReciver::SerialReciver(__UART_HandleTypeDef*)
 .text._ZN13SerialReciver7isEmptyEv
                0x00000000080016ce       0x1e Core\Src\SerialReciver.o
                0x00000000080016ce                SerialReciver::isEmpty()
 .text._ZN13SerialReciver7getDataEPci
                0x00000000080016ec       0x4a Core\Src\SerialReciver.o
                0x00000000080016ec                SerialReciver::getData(char*, int)
 .text._ZN13SerialReciver22reciveInterruptHandlerEv
                0x0000000008001736       0x2c Core\Src\SerialReciver.o
                0x0000000008001736                SerialReciver::reciveInterruptHandler()
 *fill*         0x0000000008001762        0x2 
 .text.addToBuffer
                0x0000000008001764        0xc Core\Src\main.o
                0x0000000008001764                addToBuffer
 .text.waitOff  0x0000000008001770       0x2c Core\Src\main.o
                0x0000000008001770                waitOff
 .text.accOn    0x000000000800179c       0x24 Core\Src\main.o
                0x000000000800179c                accOn
 .text.playTrack
                0x00000000080017c0       0x28 Core\Src\main.o
                0x00000000080017c0                playTrack
 .text.accOff   0x00000000080017e8       0x38 Core\Src\main.o
                0x00000000080017e8                accOff
 .text.nextTrack
                0x0000000008001820       0x20 Core\Src\main.o
                0x0000000008001820                nextTrack
 .text.prevTrack
                0x0000000008001840       0x20 Core\Src\main.o
                0x0000000008001840                prevTrack
 .text.off      0x0000000008001860        0x2 Core\Src\main.o
                0x0000000008001860                off
 *fill*         0x0000000008001862        0x2 
 .text.stopTrack
                0x0000000008001864       0x28 Core\Src\main.o
                0x0000000008001864                stopTrack
 .text._ZN10RingBuffer10clearArrayEPci
                0x000000000800188c        0xa Core\Src\main.o
                0x000000000800188c                RingBuffer::clearArray(char*, int)
 .text._Z18SystemClock_Configv
                0x0000000008001896       0x56 Core\Src\main.o
                0x0000000008001896                SystemClock_Config()
 .text.HAL_I2C_ListenCpltCallback
                0x00000000080018ec        0x4 Core\Src\main.o
                0x00000000080018ec                HAL_I2C_ListenCpltCallback
 .text.HAL_I2C_ErrorCallback
                0x00000000080018f0        0x2 Core\Src\main.o
                0x00000000080018f0                HAL_I2C_ErrorCallback
 *fill*         0x00000000080018f2        0x2 
 .text.HAL_I2C_AddrCallback
                0x00000000080018f4       0x28 Core\Src\main.o
                0x00000000080018f4                HAL_I2C_AddrCallback
 .text.processUART
                0x000000000800191c       0xdc Core\Src\main.o
                0x000000000800191c                processUART
 .text.checkConnection
                0x00000000080019f8       0x70 Core\Src\main.o
                0x00000000080019f8                checkConnection
 .text.clearPendingInterrupt
                0x0000000008001a68       0x28 Core\Src\main.o
                0x0000000008001a68                clearPendingInterrupt
 .text.dataRequestInterrupt
                0x0000000008001a90       0x14 Core\Src\main.o
                0x0000000008001a90                dataRequestInterrupt
 .text.mBusRequestInterrupt
                0x0000000008001aa4       0x20 Core\Src\main.o
                0x0000000008001aa4                mBusRequestInterrupt
 .text.timeProcessing
                0x0000000008001ac4       0x64 Core\Src\main.o
                0x0000000008001ac4                timeProcessing
 .text.volumeProcessing
                0x0000000008001b28      0x10c Core\Src\main.o
                0x0000000008001b28                volumeProcessing
 .text.amplifierProcessing
                0x0000000008001c34       0x84 Core\Src\main.o
                0x0000000008001c34                amplifierProcessing
 .text.monitorProcessing
                0x0000000008001cb8       0x60 Core\Src\main.o
                0x0000000008001cb8                monitorProcessing
 .text.uartRequestInterrupt
                0x0000000008001d18        0xc Core\Src\main.o
                0x0000000008001d18                uartRequestInterrupt
 .text.resetAdauCmd
                0x0000000008001d24       0x2c Core\Src\main.o
                0x0000000008001d24                resetAdauCmd
 .text.executeInputCmd
                0x0000000008001d50      0x158 Core\Src\main.o
                0x0000000008001d50                executeInputCmd
 .text.cmdInfoToBuffer
                0x0000000008001ea8       0x7c Core\Src\main.o
                0x0000000008001ea8                cmdInfoToBuffer
 .text.muteRadioFunc
                0x0000000008001f24       0x54 Core\Src\main.o
                0x0000000008001f24                muteRadioFunc
 .text.muteAndroidFunc
                0x0000000008001f78       0x54 Core\Src\main.o
                0x0000000008001f78                muteAndroidFunc
 .text.muteProcessing
                0x0000000008001fcc       0x48 Core\Src\main.o
                0x0000000008001fcc                muteProcessing
 .text.startup.main
                0x0000000008002014      0x314 Core\Src\main.o
                0x0000000008002014                main
 .text.startup._GLOBAL__sub_I_hi2c1
                0x0000000008002328      0x10c Core\Src\main.o
 .text.HAL_MspInit
                0x0000000008002434       0x44 Core\Src\stm32f1xx_hal_msp.o
                0x0000000008002434                HAL_MspInit
 .text.HAL_I2C_MspInit
                0x0000000008002478       0xcc Core\Src\stm32f1xx_hal_msp.o
                0x0000000008002478                HAL_I2C_MspInit
 .text.HAL_I2C_MspDeInit
                0x0000000008002544       0x70 Core\Src\stm32f1xx_hal_msp.o
                0x0000000008002544                HAL_I2C_MspDeInit
 .text.HAL_TIM_Base_MspInit
                0x00000000080025b4       0x4c Core\Src\stm32f1xx_hal_msp.o
                0x00000000080025b4                HAL_TIM_Base_MspInit
 .text.HAL_UART_MspInit
                0x0000000008002600       0x84 Core\Src\stm32f1xx_hal_msp.o
                0x0000000008002600                HAL_UART_MspInit
 .text.NMI_Handler
                0x0000000008002684        0x2 Core\Src\stm32f1xx_it.o
                0x0000000008002684                NMI_Handler
 .text.HardFault_Handler
                0x0000000008002686        0x2 Core\Src\stm32f1xx_it.o
                0x0000000008002686                HardFault_Handler
 .text.MemManage_Handler
                0x0000000008002688        0x2 Core\Src\stm32f1xx_it.o
                0x0000000008002688                MemManage_Handler
 .text.BusFault_Handler
                0x000000000800268a        0x2 Core\Src\stm32f1xx_it.o
                0x000000000800268a                BusFault_Handler
 .text.UsageFault_Handler
                0x000000000800268c        0x2 Core\Src\stm32f1xx_it.o
                0x000000000800268c                UsageFault_Handler
 .text.SVC_Handler
                0x000000000800268e        0x2 Core\Src\stm32f1xx_it.o
                0x000000000800268e                SVC_Handler
 .text.DebugMon_Handler
                0x0000000008002690        0x2 Core\Src\stm32f1xx_it.o
                0x0000000008002690                DebugMon_Handler
 .text.PendSV_Handler
                0x0000000008002692        0x2 Core\Src\stm32f1xx_it.o
                0x0000000008002692                PendSV_Handler
 .text.SysTick_Handler
                0x0000000008002694        0x4 Core\Src\stm32f1xx_it.o
                0x0000000008002694                SysTick_Handler
 .text.EXTI0_IRQHandler
                0x0000000008002698       0x10 Core\Src\stm32f1xx_it.o
                0x0000000008002698                EXTI0_IRQHandler
 .text.EXTI9_5_IRQHandler
                0x00000000080026a8       0x10 Core\Src\stm32f1xx_it.o
                0x00000000080026a8                EXTI9_5_IRQHandler
 .text.I2C1_EV_IRQHandler
                0x00000000080026b8        0xc Core\Src\stm32f1xx_it.o
                0x00000000080026b8                I2C1_EV_IRQHandler
 .text.I2C1_ER_IRQHandler
                0x00000000080026c4        0xc Core\Src\stm32f1xx_it.o
                0x00000000080026c4                I2C1_ER_IRQHandler
 .text.USART2_IRQHandler
                0x00000000080026d0        0x4 Core\Src\stm32f1xx_it.o
                0x00000000080026d0                USART2_IRQHandler
 .text._sbrk    0x00000000080026d4       0x40 Core\Src\sysmem.o
                0x00000000080026d4                _sbrk
 .text.SystemInit
                0x0000000008002714        0x2 Core\Src\system_stm32f1xx.o
                0x0000000008002714                SystemInit
 *fill*         0x0000000008002716        0x2 
 .text.Reset_Handler
                0x0000000008002718       0x48 Core\Startup\startup_stm32f103c8tx.o
                0x0000000008002718                Reset_Handler
 .text.Default_Handler
                0x0000000008002760        0x2 Core\Startup\startup_stm32f103c8tx.o
                0x0000000008002760                RTC_Alarm_IRQHandler
                0x0000000008002760                EXTI2_IRQHandler
                0x0000000008002760                TIM1_CC_IRQHandler
                0x0000000008002760                PVD_IRQHandler
                0x0000000008002760                EXTI3_IRQHandler
                0x0000000008002760                I2C2_EV_IRQHandler
                0x0000000008002760                ADC1_2_IRQHandler
                0x0000000008002760                SPI1_IRQHandler
                0x0000000008002760                TAMPER_IRQHandler
                0x0000000008002760                DMA1_Channel4_IRQHandler
                0x0000000008002760                USART3_IRQHandler
                0x0000000008002760                RTC_IRQHandler
                0x0000000008002760                DMA1_Channel7_IRQHandler
                0x0000000008002760                CAN1_RX1_IRQHandler
                0x0000000008002760                TIM4_IRQHandler
                0x0000000008002760                DMA1_Channel6_IRQHandler
                0x0000000008002760                TIM3_IRQHandler
                0x0000000008002760                RCC_IRQHandler
                0x0000000008002760                TIM1_TRG_COM_IRQHandler
                0x0000000008002760                DMA1_Channel1_IRQHandler
                0x0000000008002760                Default_Handler
                0x0000000008002760                EXTI15_10_IRQHandler
                0x0000000008002760                SPI2_IRQHandler
                0x0000000008002760                DMA1_Channel5_IRQHandler
                0x0000000008002760                EXTI4_IRQHandler
                0x0000000008002760                USB_LP_CAN1_RX0_IRQHandler
                0x0000000008002760                USB_HP_CAN1_TX_IRQHandler
                0x0000000008002760                DMA1_Channel3_IRQHandler
                0x0000000008002760                TIM1_UP_IRQHandler
                0x0000000008002760                WWDG_IRQHandler
                0x0000000008002760                TIM2_IRQHandler
                0x0000000008002760                TIM1_BRK_IRQHandler
                0x0000000008002760                EXTI1_IRQHandler
                0x0000000008002760                I2C2_ER_IRQHandler
                0x0000000008002760                DMA1_Channel2_IRQHandler
                0x0000000008002760                CAN1_SCE_IRQHandler
                0x0000000008002760                FLASH_IRQHandler
                0x0000000008002760                USART1_IRQHandler
                0x0000000008002760                USBWakeUp_IRQHandler
 *fill*         0x0000000008002762        0x2 
 .text.HAL_InitTick
                0x0000000008002764       0x48 Drivers\STM32F1xx_HAL_Driver\Src\stm32f1xx_hal.o
                0x0000000008002764                HAL_InitTick
 .text.HAL_Init
                0x00000000080027ac       0x24 Drivers\STM32F1xx_HAL_Driver\Src\stm32f1xx_hal.o
                0x00000000080027ac                HAL_Init
 .text.HAL_IncTick
                0x00000000080027d0       0x18 Drivers\STM32F1xx_HAL_Driver\Src\stm32f1xx_hal.o
                0x00000000080027d0                HAL_IncTick
 .text.HAL_GetTick
                0x00000000080027e8        0xc Drivers\STM32F1xx_HAL_Driver\Src\stm32f1xx_hal.o
                0x00000000080027e8                HAL_GetTick
 .text.HAL_Delay
                0x00000000080027f4       0x24 Drivers\STM32F1xx_HAL_Driver\Src\stm32f1xx_hal.o
                0x00000000080027f4                HAL_Delay
 .text.HAL_NVIC_SetPriorityGrouping
                0x0000000008002818       0x24 Drivers\STM32F1xx_HAL_Driver\Src\stm32f1xx_hal_cortex.o
                0x0000000008002818                HAL_NVIC_SetPriorityGrouping
 .text.HAL_NVIC_SetPriority
                0x000000000800283c       0x64 Drivers\STM32F1xx_HAL_Driver\Src\stm32f1xx_hal_cortex.o
                0x000000000800283c                HAL_NVIC_SetPriority
 .text.HAL_NVIC_EnableIRQ
                0x00000000080028a0       0x1c Drivers\STM32F1xx_HAL_Driver\Src\stm32f1xx_hal_cortex.o
                0x00000000080028a0                HAL_NVIC_EnableIRQ
 .text.HAL_NVIC_DisableIRQ
                0x00000000080028bc       0x28 Drivers\STM32F1xx_HAL_Driver\Src\stm32f1xx_hal_cortex.o
                0x00000000080028bc                HAL_NVIC_DisableIRQ
 .text.HAL_SYSTICK_Config
                0x00000000080028e4       0x28 Drivers\STM32F1xx_HAL_Driver\Src\stm32f1xx_hal_cortex.o
                0x00000000080028e4                HAL_SYSTICK_Config
 .text.HAL_DMA_Abort_IT
                0x000000000800290c       0x8c Drivers\STM32F1xx_HAL_Driver\Src\stm32f1xx_hal_dma.o
                0x000000000800290c                HAL_DMA_Abort_IT
 .text.HAL_DMA_GetState
                0x0000000008002998        0x6 Drivers\STM32F1xx_HAL_Driver\Src\stm32f1xx_hal_dma.o
                0x0000000008002998                HAL_DMA_GetState
 *fill*         0x000000000800299e        0x2 
 .text.HAL_GPIO_Init
                0x00000000080029a0      0x1b4 Drivers\STM32F1xx_HAL_Driver\Src\stm32f1xx_hal_gpio.o
                0x00000000080029a0                HAL_GPIO_Init
 .text.HAL_GPIO_DeInit
                0x0000000008002b54       0xdc Drivers\STM32F1xx_HAL_Driver\Src\stm32f1xx_hal_gpio.o
                0x0000000008002b54                HAL_GPIO_DeInit
 .text.HAL_GPIO_ReadPin
                0x0000000008002c30        0xc Drivers\STM32F1xx_HAL_Driver\Src\stm32f1xx_hal_gpio.o
                0x0000000008002c30                HAL_GPIO_ReadPin
 .text.HAL_GPIO_WritePin
                0x0000000008002c3c        0xa Drivers\STM32F1xx_HAL_Driver\Src\stm32f1xx_hal_gpio.o
                0x0000000008002c3c                HAL_GPIO_WritePin
 .text.HAL_GPIO_EXTI_Callback
                0x0000000008002c46        0x2 Drivers\STM32F1xx_HAL_Driver\Src\stm32f1xx_hal_gpio.o
                0x0000000008002c46                HAL_GPIO_EXTI_Callback
 .text.HAL_GPIO_EXTI_IRQHandler
                0x0000000008002c48       0x18 Drivers\STM32F1xx_HAL_Driver\Src\stm32f1xx_hal_gpio.o
                0x0000000008002c48                HAL_GPIO_EXTI_IRQHandler
 .text.I2C_IsAcknowledgeFailed
                0x0000000008002c60       0x32 Drivers\STM32F1xx_HAL_Driver\Src\stm32f1xx_hal_i2c.o
 .text.I2C_WaitOnFlagUntilTimeout
                0x0000000008002c92       0x64 Drivers\STM32F1xx_HAL_Driver\Src\stm32f1xx_hal_i2c.o
 .text.I2C_WaitOnMasterAddressFlagUntilTimeout
                0x0000000008002cf6       0x76 Drivers\STM32F1xx_HAL_Driver\Src\stm32f1xx_hal_i2c.o
 .text.I2C_WaitOnBTFFlagUntilTimeout
                0x0000000008002d6c       0x4c Drivers\STM32F1xx_HAL_Driver\Src\stm32f1xx_hal_i2c.o
 .text.I2C_WaitOnTXEFlagUntilTimeout
                0x0000000008002db8       0x4c Drivers\STM32F1xx_HAL_Driver\Src\stm32f1xx_hal_i2c.o
 .text.HAL_I2C_Init
                0x0000000008002e04      0x150 Drivers\STM32F1xx_HAL_Driver\Src\stm32f1xx_hal_i2c.o
                0x0000000008002e04                HAL_I2C_Init
 .text.HAL_I2C_DeInit
                0x0000000008002f54       0x32 Drivers\STM32F1xx_HAL_Driver\Src\stm32f1xx_hal_i2c.o
                0x0000000008002f54                HAL_I2C_DeInit
 *fill*         0x0000000008002f86        0x2 
 .text.HAL_I2C_Master_Transmit
                0x0000000008002f88      0x1b0 Drivers\STM32F1xx_HAL_Driver\Src\stm32f1xx_hal_i2c.o
                0x0000000008002f88                HAL_I2C_Master_Transmit
 .text.HAL_I2C_EnableListen_IT
                0x0000000008003138       0x36 Drivers\STM32F1xx_HAL_Driver\Src\stm32f1xx_hal_i2c.o
                0x0000000008003138                HAL_I2C_EnableListen_IT
 .text.HAL_I2C_MasterTxCpltCallback
                0x000000000800316e        0x2 Drivers\STM32F1xx_HAL_Driver\Src\stm32f1xx_hal_i2c.o
                0x000000000800316e                HAL_I2C_MasterTxCpltCallback
 .text.HAL_I2C_MasterRxCpltCallback
                0x0000000008003170        0x2 Drivers\STM32F1xx_HAL_Driver\Src\stm32f1xx_hal_i2c.o
                0x0000000008003170                HAL_I2C_MasterRxCpltCallback
 .text.HAL_I2C_SlaveTxCpltCallback
                0x0000000008003172        0x2 Drivers\STM32F1xx_HAL_Driver\Src\stm32f1xx_hal_i2c.o
                0x0000000008003172                HAL_I2C_SlaveTxCpltCallback
 .text.HAL_I2C_SlaveRxCpltCallback
                0x0000000008003174        0x2 Drivers\STM32F1xx_HAL_Driver\Src\stm32f1xx_hal_i2c.o
                0x0000000008003174                HAL_I2C_SlaveRxCpltCallback
 .text.HAL_I2C_MemTxCpltCallback
                0x0000000008003176        0x2 Drivers\STM32F1xx_HAL_Driver\Src\stm32f1xx_hal_i2c.o
                0x0000000008003176                HAL_I2C_MemTxCpltCallback
 .text.I2C_MemoryTransmit_TXE_BTF
                0x0000000008003178       0xa2 Drivers\STM32F1xx_HAL_Driver\Src\stm32f1xx_hal_i2c.o
 .text.HAL_I2C_MemRxCpltCallback
                0x000000000800321a        0x2 Drivers\STM32F1xx_HAL_Driver\Src\stm32f1xx_hal_i2c.o
                0x000000000800321a                HAL_I2C_MemRxCpltCallback
 .text.HAL_I2C_AbortCpltCallback
                0x000000000800321c        0x2 Drivers\STM32F1xx_HAL_Driver\Src\stm32f1xx_hal_i2c.o
                0x000000000800321c                HAL_I2C_AbortCpltCallback
 *fill*         0x000000000800321e        0x2 
 .text.I2C_DMAAbort
                0x0000000008003220       0xc0 Drivers\STM32F1xx_HAL_Driver\Src\stm32f1xx_hal_i2c.o
 .text.I2C_ITError
                0x00000000080032e0      0x150 Drivers\STM32F1xx_HAL_Driver\Src\stm32f1xx_hal_i2c.o
 .text.HAL_I2C_EV_IRQHandler
                0x0000000008003430      0x878 Drivers\STM32F1xx_HAL_Driver\Src\stm32f1xx_hal_i2c.o
                0x0000000008003430                HAL_I2C_EV_IRQHandler
 .text.HAL_I2C_ER_IRQHandler
                0x0000000008003ca8      0x13c Drivers\STM32F1xx_HAL_Driver\Src\stm32f1xx_hal_i2c.o
                0x0000000008003ca8                HAL_I2C_ER_IRQHandler
 .text.HAL_RCC_OscConfig
                0x0000000008003de4      0x338 Drivers\STM32F1xx_HAL_Driver\Src\stm32f1xx_hal_rcc.o
                0x0000000008003de4                HAL_RCC_OscConfig
 .text.HAL_RCC_GetSysClockFreq
                0x000000000800411c       0x74 Drivers\STM32F1xx_HAL_Driver\Src\stm32f1xx_hal_rcc.o
                0x000000000800411c                HAL_RCC_GetSysClockFreq
 .text.HAL_RCC_ClockConfig
                0x0000000008004190      0x138 Drivers\STM32F1xx_HAL_Driver\Src\stm32f1xx_hal_rcc.o
                0x0000000008004190                HAL_RCC_ClockConfig
 .text.HAL_RCC_GetPCLK1Freq
                0x00000000080042c8       0x20 Drivers\STM32F1xx_HAL_Driver\Src\stm32f1xx_hal_rcc.o
                0x00000000080042c8                HAL_RCC_GetPCLK1Freq
 .text.HAL_RCC_GetPCLK2Freq
                0x00000000080042e8       0x20 Drivers\STM32F1xx_HAL_Driver\Src\stm32f1xx_hal_rcc.o
                0x00000000080042e8                HAL_RCC_GetPCLK2Freq
 .text.HAL_TIM_Base_Start_IT
                0x0000000008004308       0x54 Drivers\STM32F1xx_HAL_Driver\Src\stm32f1xx_hal_tim.o
                0x0000000008004308                HAL_TIM_Base_Start_IT
 .text.TIM_Base_SetConfig
                0x000000000800435c       0x70 Drivers\STM32F1xx_HAL_Driver\Src\stm32f1xx_hal_tim.o
                0x000000000800435c                TIM_Base_SetConfig
 .text.HAL_TIM_Base_Init
                0x00000000080043cc       0x58 Drivers\STM32F1xx_HAL_Driver\Src\stm32f1xx_hal_tim.o
                0x00000000080043cc                HAL_TIM_Base_Init
 .text.TIM_ETR_SetConfig
                0x0000000008004424       0x14 Drivers\STM32F1xx_HAL_Driver\Src\stm32f1xx_hal_tim.o
                0x0000000008004424                TIM_ETR_SetConfig
 .text.HAL_TIM_ConfigClockSource
                0x0000000008004438      0x128 Drivers\STM32F1xx_HAL_Driver\Src\stm32f1xx_hal_tim.o
                0x0000000008004438                HAL_TIM_ConfigClockSource
 .text.HAL_TIMEx_MasterConfigSynchronization
                0x0000000008004560       0x5c Drivers\STM32F1xx_HAL_Driver\Src\stm32f1xx_hal_tim_ex.o
                0x0000000008004560                HAL_TIMEx_MasterConfigSynchronization
 .text.UART_SetConfig
                0x00000000080045bc       0x74 Drivers\STM32F1xx_HAL_Driver\Src\stm32f1xx_hal_uart.o
 .text.UART_WaitOnFlagUntilTimeout.constprop.0
                0x0000000008004630       0x50 Drivers\STM32F1xx_HAL_Driver\Src\stm32f1xx_hal_uart.o
 .text.HAL_UART_Init
                0x0000000008004680       0x5c Drivers\STM32F1xx_HAL_Driver\Src\stm32f1xx_hal_uart.o
                0x0000000008004680                HAL_UART_Init
 .text.HAL_UART_Transmit
                0x00000000080046dc       0xaa Drivers\STM32F1xx_HAL_Driver\Src\stm32f1xx_hal_uart.o
                0x00000000080046dc                HAL_UART_Transmit
 .text.powf     0x0000000008004786       0x9a c:/st/stm32cubeide_1.9.0/stm32cubeide/plugins/com.st.stm32cube.ide.mcu.externaltools.gnu-tools-for-stm32.10.3-2021.10.win32_1.0.0.202111181127/tools/bin/../lib/gcc/arm-none-eabi/10.3.1/../../../../arm-none-eabi/lib/thumb/v7-m/nofp\libm.a(lib_a-wf_pow.o)
                0x0000000008004786                powf
 .text.__ieee754_powf
                0x0000000008004820      0x6d0 c:/st/stm32cubeide_1.9.0/stm32cubeide/plugins/com.st.stm32cube.ide.mcu.externaltools.gnu-tools-for-stm32.10.3-2021.10.win32_1.0.0.202111181127/tools/bin/../lib/gcc/arm-none-eabi/10.3.1/../../../../arm-none-eabi/lib/thumb/v7-m/nofp\libm.a(lib_a-ef_pow.o)
                0x0000000008004820                __ieee754_powf
 .text.__ieee754_sqrtf
                0x0000000008004ef0       0xa2 c:/st/stm32cubeide_1.9.0/stm32cubeide/plugins/com.st.stm32cube.ide.mcu.externaltools.gnu-tools-for-stm32.10.3-2021.10.win32_1.0.0.202111181127/tools/bin/../lib/gcc/arm-none-eabi/10.3.1/../../../../arm-none-eabi/lib/thumb/v7-m/nofp\libm.a(lib_a-ef_sqrt.o)
                0x0000000008004ef0                __ieee754_sqrtf
 .text.with_errnof
                0x0000000008004f92       0x10 c:/st/stm32cubeide_1.9.0/stm32cubeide/plugins/com.st.stm32cube.ide.mcu.externaltools.gnu-tools-for-stm32.10.3-2021.10.win32_1.0.0.202111181127/tools/bin/../lib/gcc/arm-none-eabi/10.3.1/../../../../arm-none-eabi/lib/thumb/v7-m/nofp\libm.a(lib_a-math_errf.o)
 .text.xflowf   0x0000000008004fa2       0x1a c:/st/stm32cubeide_1.9.0/stm32cubeide/plugins/com.st.stm32cube.ide.mcu.externaltools.gnu-tools-for-stm32.10.3-2021.10.win32_1.0.0.202111181127/tools/bin/../lib/gcc/arm-none-eabi/10.3.1/../../../../arm-none-eabi/lib/thumb/v7-m/nofp\libm.a(lib_a-math_errf.o)
 .text.__math_uflowf
                0x0000000008004fbc        0x8 c:/st/stm32cubeide_1.9.0/stm32cubeide/plugins/com.st.stm32cube.ide.mcu.externaltools.gnu-tools-for-stm32.10.3-2021.10.win32_1.0.0.202111181127/tools/bin/../lib/gcc/arm-none-eabi/10.3.1/../../../../arm-none-eabi/lib/thumb/v7-m/nofp\libm.a(lib_a-math_errf.o)
                0x0000000008004fbc                __math_uflowf
 .text.__math_oflowf
                0x0000000008004fc4        0x8 c:/st/stm32cubeide_1.9.0/stm32cubeide/plugins/com.st.stm32cube.ide.mcu.externaltools.gnu-tools-for-stm32.10.3-2021.10.win32_1.0.0.202111181127/tools/bin/../lib/gcc/arm-none-eabi/10.3.1/../../../../arm-none-eabi/lib/thumb/v7-m/nofp\libm.a(lib_a-math_errf.o)
                0x0000000008004fc4                __math_oflowf
 .text.fabsf    0x0000000008004fcc        0x6 c:/st/stm32cubeide_1.9.0/stm32cubeide/plugins/com.st.stm32cube.ide.mcu.externaltools.gnu-tools-for-stm32.10.3-2021.10.win32_1.0.0.202111181127/tools/bin/../lib/gcc/arm-none-eabi/10.3.1/../../../../arm-none-eabi/lib/thumb/v7-m/nofp\libm.a(lib_a-sf_fabs.o)
                0x0000000008004fcc                fabsf
 .text.finitef  0x0000000008004fd2       0x10 c:/st/stm32cubeide_1.9.0/stm32cubeide/plugins/com.st.stm32cube.ide.mcu.externaltools.gnu-tools-for-stm32.10.3-2021.10.win32_1.0.0.202111181127/tools/bin/../lib/gcc/arm-none-eabi/10.3.1/../../../../arm-none-eabi/lib/thumb/v7-m/nofp\libm.a(lib_a-sf_finite.o)
                0x0000000008004fd2                finitef
 *fill*         0x0000000008004fe2        0x2 
 .text.scalbnf  0x0000000008004fe4       0x98 c:/st/stm32cubeide_1.9.0/stm32cubeide/plugins/com.st.stm32cube.ide.mcu.externaltools.gnu-tools-for-stm32.10.3-2021.10.win32_1.0.0.202111181127/tools/bin/../lib/gcc/arm-none-eabi/10.3.1/../../../../arm-none-eabi/lib/thumb/v7-m/nofp\libm.a(lib_a-sf_scalbn.o)
                0x0000000008004fe4                scalbnf
 .text.__errno  0x000000000800507c        0xc c:/st/stm32cubeide_1.9.0/stm32cubeide/plugins/com.st.stm32cube.ide.mcu.externaltools.gnu-tools-for-stm32.10.3-2021.10.win32_1.0.0.202111181127/tools/bin/../lib/gcc/arm-none-eabi/10.3.1/../../../../arm-none-eabi/lib/thumb/v7-m/nofp\libc_nano.a(lib_a-errno.o)
                0x000000000800507c                __errno
 .text.__libc_init_array
                0x0000000008005088       0x48 c:/st/stm32cubeide_1.9.0/stm32cubeide/plugins/com.st.stm32cube.ide.mcu.externaltools.gnu-tools-for-stm32.10.3-2021.10.win32_1.0.0.202111181127/tools/bin/../lib/gcc/arm-none-eabi/10.3.1/../../../../arm-none-eabi/lib/thumb/v7-m/nofp\libc_nano.a(lib_a-init.o)
                0x0000000008005088                __libc_init_array
 .text.memcpy   0x00000000080050d0       0x1c c:/st/stm32cubeide_1.9.0/stm32cubeide/plugins/com.st.stm32cube.ide.mcu.externaltools.gnu-tools-for-stm32.10.3-2021.10.win32_1.0.0.202111181127/tools/bin/../lib/gcc/arm-none-eabi/10.3.1/../../../../arm-none-eabi/lib/thumb/v7-m/nofp\libc_nano.a(lib_a-memcpy-stub.o)
                0x00000000080050d0                memcpy
 .text.memset   0x00000000080050ec       0x10 c:/st/stm32cubeide_1.9.0/stm32cubeide/plugins/com.st.stm32cube.ide.mcu.externaltools.gnu-tools-for-stm32.10.3-2021.10.win32_1.0.0.202111181127/tools/bin/../lib/gcc/arm-none-eabi/10.3.1/../../../../arm-none-eabi/lib/thumb/v7-m/nofp\libc_nano.a(lib_a-memset.o)
                0x00000000080050ec                memset
 .text.snprintf
                0x00000000080050fc       0x68 c:/st/stm32cubeide_1.9.0/stm32cubeide/plugins/com.st.stm32cube.ide.mcu.externaltools.gnu-tools-for-stm32.10.3-2021.10.win32_1.0.0.202111181127/tools/bin/../lib/gcc/arm-none-eabi/10.3.1/../../../../arm-none-eabi/lib/thumb/v7-m/nofp\libc_nano.a(lib_a-snprintf.o)
                0x00000000080050fc                sniprintf
                0x00000000080050fc                snprintf
 .text.sprintf  0x0000000008005164       0x40 c:/st/stm32cubeide_1.9.0/stm32cubeide/plugins/com.st.stm32cube.ide.mcu.externaltools.gnu-tools-for-stm32.10.3-2021.10.win32_1.0.0.202111181127/tools/bin/../lib/gcc/arm-none-eabi/10.3.1/../../../../arm-none-eabi/lib/thumb/v7-m/nofp\libc_nano.a(lib_a-sprintf.o)
                0x0000000008005164                siprintf
                0x0000000008005164                sprintf
 .text.strstr   0x00000000080051a4       0x2c c:/st/stm32cubeide_1.9.0/stm32cubeide/plugins/com.st.stm32cube.ide.mcu.externaltools.gnu-tools-for-stm32.10.3-2021.10.win32_1.0.0.202111181127/tools/bin/../lib/gcc/arm-none-eabi/10.3.1/../../../../arm-none-eabi/lib/thumb/v7-m/nofp\libc_nano.a(lib_a-strstr.o)
                0x00000000080051a4                strstr
 .text.__ssputs_r
                0x00000000080051d0       0xb6 c:/st/stm32cubeide_1.9.0/stm32cubeide/plugins/com.st.stm32cube.ide.mcu.externaltools.gnu-tools-for-stm32.10.3-2021.10.win32_1.0.0.202111181127/tools/bin/../lib/gcc/arm-none-eabi/10.3.1/../../../../arm-none-eabi/lib/thumb/v7-m/nofp\libc_nano.a(lib_a-nano-svfprintf.o)
                0x00000000080051d0                __ssputs_r
 *fill*         0x0000000008005286        0x2 
 .text._svfprintf_r
                0x0000000008005288      0x200 c:/st/stm32cubeide_1.9.0/stm32cubeide/plugins/com.st.stm32cube.ide.mcu.externaltools.gnu-tools-for-stm32.10.3-2021.10.win32_1.0.0.202111181127/tools/bin/../lib/gcc/arm-none-eabi/10.3.1/../../../../arm-none-eabi/lib/thumb/v7-m/nofp\libc_nano.a(lib_a-nano-svfprintf.o)
                0x0000000008005288                _svfiprintf_r
                0x0000000008005288                _svfprintf_r
 .text._printf_common
                0x0000000008005488       0xde c:/st/stm32cubeide_1.9.0/stm32cubeide/plugins/com.st.stm32cube.ide.mcu.externaltools.gnu-tools-for-stm32.10.3-2021.10.win32_1.0.0.202111181127/tools/bin/../lib/gcc/arm-none-eabi/10.3.1/../../../../arm-none-eabi/lib/thumb/v7-m/nofp\libc_nano.a(lib_a-nano-vfprintf_i.o)
                0x0000000008005488                _printf_common
 *fill*         0x0000000008005566        0x2 
 .text._printf_i
                0x0000000008005568      0x24c c:/st/stm32cubeide_1.9.0/stm32cubeide/plugins/com.st.stm32cube.ide.mcu.externaltools.gnu-tools-for-stm32.10.3-2021.10.win32_1.0.0.202111181127/tools/bin/../lib/gcc/arm-none-eabi/10.3.1/../../../../arm-none-eabi/lib/thumb/v7-m/nofp\libc_nano.a(lib_a-nano-vfprintf_i.o)
                0x0000000008005568                _printf_i
 .text.memchr   0x00000000080057b4       0x1c c:/st/stm32cubeide_1.9.0/stm32cubeide/plugins/com.st.stm32cube.ide.mcu.externaltools.gnu-tools-for-stm32.10.3-2021.10.win32_1.0.0.202111181127/tools/bin/../lib/gcc/arm-none-eabi/10.3.1/../../../../arm-none-eabi/lib/thumb/v7-m/nofp\libc_nano.a(lib_a-memchr-stub.o)
                0x00000000080057b4                memchr
 .text.memmove  0x00000000080057d0       0x34 c:/st/stm32cubeide_1.9.0/stm32cubeide/plugins/com.st.stm32cube.ide.mcu.externaltools.gnu-tools-for-stm32.10.3-2021.10.win32_1.0.0.202111181127/tools/bin/../lib/gcc/arm-none-eabi/10.3.1/../../../../arm-none-eabi/lib/thumb/v7-m/nofp\libc_nano.a(lib_a-memmove.o)
                0x00000000080057d0                memmove
 .text._free_r  0x0000000008005804       0x90 c:/st/stm32cubeide_1.9.0/stm32cubeide/plugins/com.st.stm32cube.ide.mcu.externaltools.gnu-tools-for-stm32.10.3-2021.10.win32_1.0.0.202111181127/tools/bin/../lib/gcc/arm-none-eabi/10.3.1/../../../../arm-none-eabi/lib/thumb/v7-m/nofp\libc_nano.a(lib_a-nano-freer.o)
                0x0000000008005804                _free_r
 .text.sbrk_aligned
                0x0000000008005894       0x40 c:/st/stm32cubeide_1.9.0/stm32cubeide/plugins/com.st.stm32cube.ide.mcu.externaltools.gnu-tools-for-stm32.10.3-2021.10.win32_1.0.0.202111181127/tools/bin/../lib/gcc/arm-none-eabi/10.3.1/../../../../arm-none-eabi/lib/thumb/v7-m/nofp\libc_nano.a(lib_a-nano-mallocr.o)
 .text._malloc_r
                0x00000000080058d4       0xe8 c:/st/stm32cubeide_1.9.0/stm32cubeide/plugins/com.st.stm32cube.ide.mcu.externaltools.gnu-tools-for-stm32.10.3-2021.10.win32_1.0.0.202111181127/tools/bin/../lib/gcc/arm-none-eabi/10.3.1/../../../../arm-none-eabi/lib/thumb/v7-m/nofp\libc_nano.a(lib_a-nano-mallocr.o)
                0x00000000080058d4                _malloc_r
 .text._realloc_r
                0x00000000080059bc       0x5e c:/st/stm32cubeide_1.9.0/stm32cubeide/plugins/com.st.stm32cube.ide.mcu.externaltools.gnu-tools-for-stm32.10.3-2021.10.win32_1.0.0.202111181127/tools/bin/../lib/gcc/arm-none-eabi/10.3.1/../../../../arm-none-eabi/lib/thumb/v7-m/nofp\libc_nano.a(lib_a-nano-reallocr.o)
                0x00000000080059bc                _realloc_r
 *fill*         0x0000000008005a1a        0x2 
 .text._sbrk_r  0x0000000008005a1c       0x20 c:/st/stm32cubeide_1.9.0/stm32cubeide/plugins/com.st.stm32cube.ide.mcu.externaltools.gnu-tools-for-stm32.10.3-2021.10.win32_1.0.0.202111181127/tools/bin/../lib/gcc/arm-none-eabi/10.3.1/../../../../arm-none-eabi/lib/thumb/v7-m/nofp\libc_nano.a(lib_a-sbrkr.o)
                0x0000000008005a1c                _sbrk_r
 .text.__malloc_lock
                0x0000000008005a3c        0xc c:/st/stm32cubeide_1.9.0/stm32cubeide/plugins/com.st.stm32cube.ide.mcu.externaltools.gnu-tools-for-stm32.10.3-2021.10.win32_1.0.0.202111181127/tools/bin/../lib/gcc/arm-none-eabi/10.3.1/../../../../arm-none-eabi/lib/thumb/v7-m/nofp\libc_nano.a(lib_a-mlock.o)
                0x0000000008005a3c                __malloc_lock
 .text.__malloc_unlock
                0x0000000008005a48        0xc c:/st/stm32cubeide_1.9.0/stm32cubeide/plugins/com.st.stm32cube.ide.mcu.externaltools.gnu-tools-for-stm32.10.3-2021.10.win32_1.0.0.202111181127/tools/bin/../lib/gcc/arm-none-eabi/10.3.1/../../../../arm-none-eabi/lib/thumb/v7-m/nofp\libc_nano.a(lib_a-mlock.o)
                0x0000000008005a48                __malloc_unlock
 .text._malloc_usable_size_r
                0x0000000008005a54       0x10 c:/st/stm32cubeide_1.9.0/stm32cubeide/plugins/com.st.stm32cube.ide.mcu.externaltools.gnu-tools-for-stm32.10.3-2021.10.win32_1.0.0.202111181127/tools/bin/../lib/gcc/arm-none-eabi/10.3.1/../../../../arm-none-eabi/lib/thumb/v7-m/nofp\libc_nano.a(lib_a-nano-msizer.o)
                0x0000000008005a54                _malloc_usable_size_r
 .text.__retarget_lock_acquire_recursive
                0x0000000008005a64        0x2 c:/st/stm32cubeide_1.9.0/stm32cubeide/plugins/com.st.stm32cube.ide.mcu.externaltools.gnu-tools-for-stm32.10.3-2021.10.win32_1.0.0.202111181127/tools/bin/../lib/gcc/arm-none-eabi/10.3.1/../../../../arm-none-eabi/lib/thumb/v7-m/nofp\libc_nano.a(lib_a-lock.o)
                0x0000000008005a64                __retarget_lock_acquire_recursive
 .text.__retarget_lock_release_recursive
                0x0000000008005a66        0x2 c:/st/stm32cubeide_1.9.0/stm32cubeide/plugins/com.st.stm32cube.ide.mcu.externaltools.gnu-tools-for-stm32.10.3-2021.10.win32_1.0.0.202111181127/tools/bin/../lib/gcc/arm-none-eabi/10.3.1/../../../../arm-none-eabi/lib/thumb/v7-m/nofp\libc_nano.a(lib_a-lock.o)
                0x0000000008005a66                __retarget_lock_release_recursive
 *(.glue_7)
 .glue_7        0x0000000008005a68        0x0 linker stubs
 *(.glue_7t)
 .glue_7t       0x0000000008005a68        0x0 linker stubs
 *(.eh_frame)
 .eh_frame      0x0000000008005a68        0x0 c:/st/stm32cubeide_1.9.0/stm32cubeide/plugins/com.st.stm32cube.ide.mcu.externaltools.gnu-tools-for-stm32.10.3-2021.10.win32_1.0.0.202111181127/tools/bin/../lib/gcc/arm-none-eabi/10.3.1/thumb/v7-m/nofp/crtbegin.o
 *(.init)
 .init          0x0000000008005a68        0x4 c:/st/stm32cubeide_1.9.0/stm32cubeide/plugins/com.st.stm32cube.ide.mcu.externaltools.gnu-tools-for-stm32.10.3-2021.10.win32_1.0.0.202111181127/tools/bin/../lib/gcc/arm-none-eabi/10.3.1/thumb/v7-m/nofp/crti.o
                0x0000000008005a68                _init
 .init          0x0000000008005a6c        0x8 c:/st/stm32cubeide_1.9.0/stm32cubeide/plugins/com.st.stm32cube.ide.mcu.externaltools.gnu-tools-for-stm32.10.3-2021.10.win32_1.0.0.202111181127/tools/bin/../lib/gcc/arm-none-eabi/10.3.1/thumb/v7-m/nofp/crtn.o
 *(.fini)
 .fini          0x0000000008005a74        0x4 c:/st/stm32cubeide_1.9.0/stm32cubeide/plugins/com.st.stm32cube.ide.mcu.externaltools.gnu-tools-for-stm32.10.3-2021.10.win32_1.0.0.202111181127/tools/bin/../lib/gcc/arm-none-eabi/10.3.1/thumb/v7-m/nofp/crti.o
                0x0000000008005a74                _fini
 .fini          0x0000000008005a78        0x8 c:/st/stm32cubeide_1.9.0/stm32cubeide/plugins/com.st.stm32cube.ide.mcu.externaltools.gnu-tools-for-stm32.10.3-2021.10.win32_1.0.0.202111181127/tools/bin/../lib/gcc/arm-none-eabi/10.3.1/thumb/v7-m/nofp/crtn.o
                0x0000000008005a80                . = ALIGN (0x4)
                0x0000000008005a80                _etext = .

.vfp11_veneer   0x0000000008005a80        0x0
 .vfp11_veneer  0x0000000008005a80        0x0 linker stubs

.v4_bx          0x0000000008005a80        0x0
 .v4_bx         0x0000000008005a80        0x0 linker stubs

.iplt           0x0000000008005a80        0x0
 .iplt          0x0000000008005a80        0x0 c:/st/stm32cubeide_1.9.0/stm32cubeide/plugins/com.st.stm32cube.ide.mcu.externaltools.gnu-tools-for-stm32.10.3-2021.10.win32_1.0.0.202111181127/tools/bin/../lib/gcc/arm-none-eabi/10.3.1/thumb/v7-m/nofp/crtbegin.o

.rodata         0x0000000008005a80      0x528
                0x0000000008005a80                . = ALIGN (0x4)
 *(.rodata)
 .rodata        0x0000000008005a80       0x83 Core\Inc\MAZDA_CAR_RADIO_DSP_COMMAND_RECIVER\DspCommandReciver.o
 .rodata        0x0000000008005b03       0x32 Core\Src\RingBuffer.o
 *(.rodata*)
 .rodata._ZN8SigmaDSP5resetEv.str1.1
                0x0000000008005b35       0x1b Core\Inc\ADAU_1701_LIB_STM32\SigmaDSP.o
 .rodata._ZN8SigmaDSP4pingEv.str1.1
                0x0000000008005b50       0x3d Core\Inc\ADAU_1701_LIB_STM32\SigmaDSP.o
                                         0x52 (size before relaxing)
 .rodata._ZN17DspCommandReciver12printMsgFuncEv.str1.1
                0x0000000008005b8d       0x5d Core\Inc\MAZDA_CAR_RADIO_DSP_COMMAND_RECIVER\DspCommandReciver.o
 .rodata._ZN17DspCommandReciver11readPackageEv.str1.1
                0x0000000008005bea       0x3d Core\Inc\MAZDA_CAR_RADIO_DSP_COMMAND_RECIVER\DspCommandReciver.o
 .rodata._ZN23ExtDeviceCommandReciver12convertToHexEyPc.str1.1
                0x0000000008005c27        0x3 Core\Inc\MAZDA_EXT_CD_CHANGER_EMULATOR\ExtDeviceCommandReciver.o
 .rodata._ZN23ExtDeviceCommandReciver12writeCommandEPci.str1.1
                0x0000000008005c2a       0x10 Core\Inc\MAZDA_EXT_CD_CHANGER_EMULATOR\ExtDeviceCommandReciver.o
                                         0x12 (size before relaxing)
 .rodata._ZN23ExtDeviceCommandReciver8sendTimeEhh.str1.1
                0x0000000008005c3a       0x13 Core\Inc\MAZDA_EXT_CD_CHANGER_EMULATOR\ExtDeviceCommandReciver.o
 .rodata._ZN23ExtDeviceCommandReciver17commandProcessingEv.str1.1
                0x0000000008005c4d       0x48 Core\Inc\MAZDA_EXT_CD_CHANGER_EMULATOR\ExtDeviceCommandReciver.o
 .rodata._ZN12PowerManager11changeStateENS_10PowerStateE.str1.1
                0x0000000008005c95       0x4d Core\Src\PowerManager.o
 .rodata.processI2C.str1.1
                0x0000000008005ce2        0x9 Core\Src\main.o
 .rodata.checkConnection.str1.1
                0x0000000008005ceb       0x16 Core\Src\main.o
 .rodata.volumeProcessing.str1.1
                0x0000000008005d01       0x32 Core\Src\main.o
                                         0x3b (size before relaxing)
 .rodata.amplifierProcessing.str1.1
                0x0000000008005d33       0x2b Core\Src\main.o
 .rodata.monitorProcessing.str1.1
                0x0000000008005d5e       0x1f Core\Src\main.o
 .rodata.executeInputCmd.str1.1
                0x0000000008005d7d       0x65 Core\Src\main.o
 .rodata.cmdInfoToBuffer.str1.1
                0x0000000008005de2       0x28 Core\Src\main.o
 .rodata.muteRadioFunc.str1.1
                0x0000000008005e0a       0x2f Core\Src\main.o
 .rodata.muteAndroidFunc.str1.1
                0x0000000008005e39       0x33 Core\Src\main.o
 .rodata.main.str1.1
                0x0000000008005e6c       0x10 Core\Src\main.o
 .rodata.str1.1
                0x0000000008005e7c       0x69 Core\Src\main.o
 .rodata._ZL12disconnected
                0x0000000008005ee5       0x22 Core\Src\main.o
 .rodata._ZL9connected
                0x0000000008005f07       0x29 Core\Src\main.o
 .rodata.AHBPrescTable
                0x0000000008005f30       0x10 Core\Src\system_stm32f1xx.o
                0x0000000008005f30                AHBPrescTable
 .rodata.APBPrescTable
                0x0000000008005f40        0x8 Core\Src\system_stm32f1xx.o
                0x0000000008005f40                APBPrescTable
 .rodata.HAL_RCC_GetSysClockFreq.str1.1
                0x0000000008005f48       0x11 Drivers\STM32F1xx_HAL_Driver\Src\stm32f1xx_hal_rcc.o
 *fill*         0x0000000008005f59        0x3 
 .rodata.bp     0x0000000008005f5c        0x8 c:/st/stm32cubeide_1.9.0/stm32cubeide/plugins/com.st.stm32cube.ide.mcu.externaltools.gnu-tools-for-stm32.10.3-2021.10.win32_1.0.0.202111181127/tools/bin/../lib/gcc/arm-none-eabi/10.3.1/../../../../arm-none-eabi/lib/thumb/v7-m/nofp\libm.a(lib_a-ef_pow.o)
 .rodata.dp_h   0x0000000008005f64        0x8 c:/st/stm32cubeide_1.9.0/stm32cubeide/plugins/com.st.stm32cube.ide.mcu.externaltools.gnu-tools-for-stm32.10.3-2021.10.win32_1.0.0.202111181127/tools/bin/../lib/gcc/arm-none-eabi/10.3.1/../../../../arm-none-eabi/lib/thumb/v7-m/nofp\libm.a(lib_a-ef_pow.o)
 .rodata.dp_l   0x0000000008005f6c        0x8 c:/st/stm32cubeide_1.9.0/stm32cubeide/plugins/com.st.stm32cube.ide.mcu.externaltools.gnu-tools-for-stm32.10.3-2021.10.win32_1.0.0.202111181127/tools/bin/../lib/gcc/arm-none-eabi/10.3.1/../../../../arm-none-eabi/lib/thumb/v7-m/nofp\libm.a(lib_a-ef_pow.o)
 .rodata._svfprintf_r.str1.1
                0x0000000008005f74       0x11 c:/st/stm32cubeide_1.9.0/stm32cubeide/plugins/com.st.stm32cube.ide.mcu.externaltools.gnu-tools-for-stm32.10.3-2021.10.win32_1.0.0.202111181127/tools/bin/../lib/gcc/arm-none-eabi/10.3.1/../../../../arm-none-eabi/lib/thumb/v7-m/nofp\libc_nano.a(lib_a-nano-svfprintf.o)
 .rodata._printf_i.str1.1
                0x0000000008005f85       0x22 c:/st/stm32cubeide_1.9.0/stm32cubeide/plugins/com.st.stm32cube.ide.mcu.externaltools.gnu-tools-for-stm32.10.3-2021.10.win32_1.0.0.202111181127/tools/bin/../lib/gcc/arm-none-eabi/10.3.1/../../../../arm-none-eabi/lib/thumb/v7-m/nofp\libc_nano.a(lib_a-nano-vfprintf_i.o)
                0x0000000008005fa8                . = ALIGN (0x4)
 *fill*         0x0000000008005fa7        0x1 

.rel.dyn        0x0000000008005fa8        0x0
 .rel.iplt      0x0000000008005fa8        0x0 c:/st/stm32cubeide_1.9.0/stm32cubeide/plugins/com.st.stm32cube.ide.mcu.externaltools.gnu-tools-for-stm32.10.3-2021.10.win32_1.0.0.202111181127/tools/bin/../lib/gcc/arm-none-eabi/10.3.1/thumb/v7-m/nofp/crtbegin.o

.ARM.extab      0x0000000008005fa8        0x0
                0x0000000008005fa8                . = ALIGN (0x4)
 *(.ARM.extab* .gnu.linkonce.armextab.*)
                0x0000000008005fa8                . = ALIGN (0x4)

.ARM            0x0000000008005fa8        0x0
                0x0000000008005fa8                . = ALIGN (0x4)
                0x0000000008005fa8                __exidx_start = .
 *(.ARM.exidx*)
                0x0000000008005fa8                __exidx_end = .
                0x0000000008005fa8                . = ALIGN (0x4)

.preinit_array  0x0000000008005fa8        0x0
                0x0000000008005fa8                . = ALIGN (0x4)
                0x0000000008005fa8                PROVIDE (__preinit_array_start = .)
 *(.preinit_array*)
                0x0000000008005fa8                PROVIDE (__preinit_array_end = .)
                0x0000000008005fa8                . = ALIGN (0x4)

.init_array     0x0000000008005fa8        0x8
                0x0000000008005fa8                . = ALIGN (0x4)
                0x0000000008005fa8                PROVIDE (__init_array_start = .)
 *(SORT_BY_NAME(.init_array.*))
 *(.init_array*)
 .init_array    0x0000000008005fa8        0x4 c:/st/stm32cubeide_1.9.0/stm32cubeide/plugins/com.st.stm32cube.ide.mcu.externaltools.gnu-tools-for-stm32.10.3-2021.10.win32_1.0.0.202111181127/tools/bin/../lib/gcc/arm-none-eabi/10.3.1/thumb/v7-m/nofp/crtbegin.o
 .init_array    0x0000000008005fac        0x4 Core\Src\main.o
                0x0000000008005fb0                PROVIDE (__init_array_end = .)
                0x0000000008005fb0                . = ALIGN (0x4)

.fini_array     0x0000000008005fb0        0x4
                0x0000000008005fb0                . = ALIGN (0x4)
                [!provide]                        PROVIDE (__fini_array_start = .)
 *(SORT_BY_NAME(.fini_array.*))
 *(.fini_array*)
 .fini_array    0x0000000008005fb0        0x4 c:/st/stm32cubeide_1.9.0/stm32cubeide/plugins/com.st.stm32cube.ide.mcu.externaltools.gnu-tools-for-stm32.10.3-2021.10.win32_1.0.0.202111181127/tools/bin/../lib/gcc/arm-none-eabi/10.3.1/thumb/v7-m/nofp/crtbegin.o
                [!provide]                        PROVIDE (__fini_array_end = .)
                0x0000000008005fb4                . = ALIGN (0x4)
                0x0000000008005fb4                _sidata = LOADADDR (.data)

.data           0x0000000020000000      0x124 load address 0x0000000008005fb4
                0x0000000020000000                . = ALIGN (0x4)
                0x0000000020000000                _sdata = .
 *(.data)
 *(.data*)
 .data.CHANGE_DISK1
                0x0000000020000000        0xc Core\Inc\MAZDA_EXT_CD_CHANGER_EMULATOR\ExtDeviceCommandReciver.o
                0x0000000020000000                CHANGE_DISK1
 .data.CHANGE_DISK2
                0x000000002000000c        0xc Core\Inc\MAZDA_EXT_CD_CHANGER_EMULATOR\ExtDeviceCommandReciver.o
                0x000000002000000c                CHANGE_DISK2
 .data.DISC_COUNT
                0x0000000020000018       0x12 Core\Inc\MAZDA_EXT_CD_CHANGER_EMULATOR\ExtDeviceCommandReciver.o
                0x0000000020000018                DISC_COUNT
 .data.DISC_INFO_WITH_TRACK
                0x000000002000002a        0xd Core\Inc\MAZDA_EXT_CD_CHANGER_EMULATOR\ExtDeviceCommandReciver.o
                0x000000002000002a                DISC_INFO_WITH_TRACK
 .data.DISC_INFO_WITH_TRACK_WAKEUP
                0x0000000020000037        0xd Core\Inc\MAZDA_EXT_CD_CHANGER_EMULATOR\ExtDeviceCommandReciver.o
                0x0000000020000037                DISC_INFO_WITH_TRACK_WAKEUP
 .data.HARDWARE_STATUS
                0x0000000020000044        0xc Core\Inc\MAZDA_EXT_CD_CHANGER_EMULATOR\ExtDeviceCommandReciver.o
                0x0000000020000044                HARDWARE_STATUS
 .data.PONG     0x0000000020000050        0x3 Core\Inc\MAZDA_EXT_CD_CHANGER_EMULATOR\ExtDeviceCommandReciver.o
                0x0000000020000050                PONG
 .data.STATUS_PLAY
                0x0000000020000053       0x10 Core\Inc\MAZDA_EXT_CD_CHANGER_EMULATOR\ExtDeviceCommandReciver.o
                0x0000000020000053                STATUS_PLAY
 .data.STATUS_SEEKING
                0x0000000020000063       0x10 Core\Inc\MAZDA_EXT_CD_CHANGER_EMULATOR\ExtDeviceCommandReciver.o
                0x0000000020000063                STATUS_SEEKING
 .data.STATUS_STOP
                0x0000000020000073       0x10 Core\Inc\MAZDA_EXT_CD_CHANGER_EMULATOR\ExtDeviceCommandReciver.o
                0x0000000020000073                STATUS_STOP
 *fill*         0x0000000020000083        0x1 
 .data.adauResetCmd
                0x0000000020000084        0x4 Core\Src\main.o
                0x0000000020000084                adauResetCmd
 .data.amplifierStartTimePeriod
                0x0000000020000088        0x4 Core\Src\main.o
                0x0000000020000088                amplifierStartTimePeriod
 .data.debug    0x000000002000008c        0x1 Core\Src\main.o
                0x000000002000008c                debug
 *fill*         0x000000002000008d        0x3 
 .data.debugCmd
                0x0000000020000090        0x4 Core\Src\main.o
                0x0000000020000090                debugCmd
 .data.next     0x0000000020000094        0x4 Core\Src\main.o
                0x0000000020000094                next
 .data.ping     0x0000000020000098        0x4 Core\Src\main.o
                0x0000000020000098                ping
 .data.play     0x000000002000009c        0x4 Core\Src\main.o
                0x000000002000009c                play
 .data.pong     0x00000000200000a0        0x4 Core\Src\main.o
                0x00000000200000a0                pong
 .data.prev     0x00000000200000a4        0x4 Core\Src\main.o
                0x00000000200000a4                prev
 .data.shutdown
                0x00000000200000a8        0x4 Core\Src\main.o
                0x00000000200000a8                shutdown
 .data.stmResetCmd
                0x00000000200000ac        0x4 Core\Src\main.o
                0x00000000200000ac                stmResetCmd
 .data.stop     0x00000000200000b0        0x4 Core\Src\main.o
                0x00000000200000b0                stop
 .data.SystemCoreClock
                0x00000000200000b4        0x4 Core\Src\system_stm32f1xx.o
                0x00000000200000b4                SystemCoreClock
 .data.uwTickFreq
                0x00000000200000b8        0x1 Drivers\STM32F1xx_HAL_Driver\Src\stm32f1xx_hal.o
                0x00000000200000b8                uwTickFreq
 *fill*         0x00000000200000b9        0x3 
 .data.uwTickPrio
                0x00000000200000bc        0x4 Drivers\STM32F1xx_HAL_Driver\Src\stm32f1xx_hal.o
                0x00000000200000bc                uwTickPrio
 .data._impure_ptr
                0x00000000200000c0        0x4 c:/st/stm32cubeide_1.9.0/stm32cubeide/plugins/com.st.stm32cube.ide.mcu.externaltools.gnu-tools-for-stm32.10.3-2021.10.win32_1.0.0.202111181127/tools/bin/../lib/gcc/arm-none-eabi/10.3.1/../../../../arm-none-eabi/lib/thumb/v7-m/nofp\libc_nano.a(lib_a-impure.o)
                0x00000000200000c0                _impure_ptr
 .data.impure_data
                0x00000000200000c4       0x60 c:/st/stm32cubeide_1.9.0/stm32cubeide/plugins/com.st.stm32cube.ide.mcu.externaltools.gnu-tools-for-stm32.10.3-2021.10.win32_1.0.0.202111181127/tools/bin/../lib/gcc/arm-none-eabi/10.3.1/../../../../arm-none-eabi/lib/thumb/v7-m/nofp\libc_nano.a(lib_a-impure.o)
                0x0000000020000124                . = ALIGN (0x4)
                0x0000000020000124                _edata = .

.igot.plt       0x0000000020000124        0x0 load address 0x00000000080060d8
 .igot.plt      0x0000000020000124        0x0 c:/st/stm32cubeide_1.9.0/stm32cubeide/plugins/com.st.stm32cube.ide.mcu.externaltools.gnu-tools-for-stm32.10.3-2021.10.win32_1.0.0.202111181127/tools/bin/../lib/gcc/arm-none-eabi/10.3.1/thumb/v7-m/nofp/crtbegin.o
                0x0000000020000124                . = ALIGN (0x4)

.bss            0x0000000020000124     0x1058 load address 0x00000000080060d8
                0x0000000020000124                _sbss = .
                0x0000000020000124                __bss_start__ = _sbss
 *(.bss)
 .bss           0x0000000020000124       0x1c c:/st/stm32cubeide_1.9.0/stm32cubeide/plugins/com.st.stm32cube.ide.mcu.externaltools.gnu-tools-for-stm32.10.3-2021.10.win32_1.0.0.202111181127/tools/bin/../lib/gcc/arm-none-eabi/10.3.1/thumb/v7-m/nofp/crtbegin.o
 *(.bss*)
 .bss._ZZN8SigmaDSP22safeload_writeRegisterEtPhbE15_safeload_count
                0x0000000020000140        0x1 Core\Inc\ADAU_1701_LIB_STM32\SigmaDSP.o
 .bss.amplifierReadyToStart
                0x0000000020000141        0x1 Core\Src\main.o
                0x0000000020000141                amplifierReadyToStart
 *fill*         0x0000000020000142        0x2 
 .bss.amplifierStartTime
                0x0000000020000144        0x4 Core\Src\main.o
                0x0000000020000144                amplifierStartTime
 .bss.amplifierStarted
                0x0000000020000148        0x1 Core\Src\main.o
                0x0000000020000148                amplifierStarted
 .bss.androidConnected
                0x0000000020000149        0x1 Core\Src\main.o
                0x0000000020000149                androidConnected
 *fill*         0x000000002000014a        0x2 
 .bss.commandBuffer
                0x000000002000014c      0x424 Core\Src\main.o
                0x000000002000014c                commandBuffer
 .bss.dsp       0x0000000020000570       0x1c Core\Src\main.o
                0x0000000020000570                dsp
 .bss.dspCommandReciver
                0x000000002000058c      0x100 Core\Src\main.o
                0x000000002000058c                dspCommandReciver
 .bss.extDeviceCommandReciver
                0x000000002000068c       0x34 Core\Src\main.o
                0x000000002000068c                extDeviceCommandReciver
 .bss.hi2c1     0x00000000200006c0       0x54 Core\Src\main.o
                0x00000000200006c0                hi2c1
 .bss.hi2c2     0x0000000020000714       0x54 Core\Src\main.o
                0x0000000020000714                hi2c2
 .bss.htim1     0x0000000020000768       0x48 Core\Src\main.o
                0x0000000020000768                htim1
 .bss.htim4     0x00000000200007b0       0x48 Core\Src\main.o
                0x00000000200007b0                htim4
 .bss.huart2    0x00000000200007f8       0x44 Core\Src\main.o
                0x00000000200007f8                huart2
 .bss.infoBuffer
                0x000000002000083c      0x424 Core\Src\main.o
                0x000000002000083c                infoBuffer
 .bss.inputDataBuffer
                0x0000000020000c60      0x424 Core\Src\main.o
                0x0000000020000c60                inputDataBuffer
 .bss.lastInfoSend
                0x0000000020001084        0x4 Core\Src\main.o
                0x0000000020001084                lastInfoSend
 .bss.lastPingTime
                0x0000000020001088        0x4 Core\Src\main.o
                0x0000000020001088                lastPingTime
 .bss.lastPongTime
                0x000000002000108c        0x4 Core\Src\main.o
                0x000000002000108c                lastPongTime
 .bss.lastVolumeChanged
                0x0000000020001090        0x4 Core\Src\main.o
                0x0000000020001090                lastVolumeChanged
 .bss.monitorOpen
                0x0000000020001094        0x1 Core\Src\main.o
                0x0000000020001094                monitorOpen
 .bss.muteAndroid
                0x0000000020001095        0x1 Core\Src\main.o
                0x0000000020001095                muteAndroid
 .bss.muteRadio
                0x0000000020001096        0x1 Core\Src\main.o
                0x0000000020001096                muteRadio
 .bss.playing   0x0000000020001097        0x1 Core\Src\main.o
                0x0000000020001097                playing
 .bss.powerManager
                0x0000000020001098       0x44 Core\Src\main.o
                0x0000000020001098                powerManager
 .bss.sendAdauLastStatus
                0x00000000200010dc        0x1 Core\Src\main.o
                0x00000000200010dc                sendAdauLastStatus
 *fill*         0x00000000200010dd        0x3 
 .bss.serial    0x00000000200010e0        0x4 Core\Src\main.o
                0x00000000200010e0                serial
 .bss.serialReciver
                0x00000000200010e4       0x40 Core\Src\main.o
                0x00000000200010e4                serialReciver
 .bss.state     0x0000000020001124        0x4 Core\Src\main.o
                0x0000000020001124                state
 .bss.sysTime   0x0000000020001128        0x4 Core\Src\main.o
                0x0000000020001128                sysTime
 .bss.tmp       0x000000002000112c       0x32 Core\Src\main.o
                0x000000002000112c                tmp
 *fill*         0x000000002000115e        0x2 
 .bss.volumeLastValue
                0x0000000020001160        0x4 Core\Src\main.o
                0x0000000020001160                volumeLastValue
 .bss.__sbrk_heap_end
                0x0000000020001164        0x4 Core\Src\sysmem.o
 .bss.uwTick    0x0000000020001168        0x4 Drivers\STM32F1xx_HAL_Driver\Src\stm32f1xx_hal.o
                0x0000000020001168                uwTick
 .bss.__malloc_free_list
                0x000000002000116c        0x4 c:/st/stm32cubeide_1.9.0/stm32cubeide/plugins/com.st.stm32cube.ide.mcu.externaltools.gnu-tools-for-stm32.10.3-2021.10.win32_1.0.0.202111181127/tools/bin/../lib/gcc/arm-none-eabi/10.3.1/../../../../arm-none-eabi/lib/thumb/v7-m/nofp\libc_nano.a(lib_a-nano-mallocr.o)
                0x000000002000116c                __malloc_free_list
 .bss.__malloc_sbrk_start
                0x0000000020001170        0x4 c:/st/stm32cubeide_1.9.0/stm32cubeide/plugins/com.st.stm32cube.ide.mcu.externaltools.gnu-tools-for-stm32.10.3-2021.10.win32_1.0.0.202111181127/tools/bin/../lib/gcc/arm-none-eabi/10.3.1/../../../../arm-none-eabi/lib/thumb/v7-m/nofp\libc_nano.a(lib_a-nano-mallocr.o)
                0x0000000020001170                __malloc_sbrk_start
 .bss.errno     0x0000000020001174        0x4 c:/st/stm32cubeide_1.9.0/stm32cubeide/plugins/com.st.stm32cube.ide.mcu.externaltools.gnu-tools-for-stm32.10.3-2021.10.win32_1.0.0.202111181127/tools/bin/../lib/gcc/arm-none-eabi/10.3.1/../../../../arm-none-eabi/lib/thumb/v7-m/nofp\libc_nano.a(lib_a-reent.o)
                0x0000000020001174                errno
 .bss.__lock___malloc_recursive_mutex
                0x0000000020001178        0x1 c:/st/stm32cubeide_1.9.0/stm32cubeide/plugins/com.st.stm32cube.ide.mcu.externaltools.gnu-tools-for-stm32.10.3-2021.10.win32_1.0.0.202111181127/tools/bin/../lib/gcc/arm-none-eabi/10.3.1/../../../../arm-none-eabi/lib/thumb/v7-m/nofp\libc_nano.a(lib_a-lock.o)
                0x0000000020001178                __lock___malloc_recursive_mutex
 *(COMMON)
                0x000000002000117c                . = ALIGN (0x4)
 *fill*         0x0000000020001179        0x3 
                0x000000002000117c                _ebss = .
                0x000000002000117c                __bss_end__ = _ebss

._user_heap_stack
                0x000000002000117c      0x604 load address 0x00000000080060d8
                0x0000000020001180                . = ALIGN (0x8)
 *fill*         0x000000002000117c        0x4 
                [!provide]                        PROVIDE (end = .)
                0x0000000020001180                PROVIDE (_end = .)
                0x0000000020001380                . = (. + _Min_Heap_Size)
 *fill*         0x0000000020001180      0x200 
                0x0000000020001780                . = (. + _Min_Stack_Size)
 *fill*         0x0000000020001380      0x400 
                0x0000000020001780                . = ALIGN (0x8)

/DISCARD/
 libc.a(*)
 libm.a(*)
 libgcc.a(*)

.ARM.attributes
                0x0000000000000000       0x29
 *(.ARM.attributes)
 .ARM.attributes
                0x0000000000000000       0x1d c:/st/stm32cubeide_1.9.0/stm32cubeide/plugins/com.st.stm32cube.ide.mcu.externaltools.gnu-tools-for-stm32.10.3-2021.10.win32_1.0.0.202111181127/tools/bin/../lib/gcc/arm-none-eabi/10.3.1/thumb/v7-m/nofp/crti.o
 .ARM.attributes
                0x000000000000001d       0x2d c:/st/stm32cubeide_1.9.0/stm32cubeide/plugins/com.st.stm32cube.ide.mcu.externaltools.gnu-tools-for-stm32.10.3-2021.10.win32_1.0.0.202111181127/tools/bin/../lib/gcc/arm-none-eabi/10.3.1/thumb/v7-m/nofp/crtbegin.o
 .ARM.attributes
                0x000000000000004a       0x2d Core\Inc\ADAU_1701_LIB_STM32\SigmaDSP.o
 .ARM.attributes
                0x0000000000000077       0x2d Core\Inc\MAZDA_CAR_RADIO_DSP_COMMAND_RECIVER\DspCommandReciver.o
 .ARM.attributes
                0x00000000000000a4       0x2d Core\Inc\MAZDA_EXT_CD_CHANGER_EMULATOR\ExtDeviceCommandReciver.o
 .ARM.attributes
                0x00000000000000d1       0x2d Core\Inc\SERIAL_LIB_STM32\Serial.o
 .ARM.attributes
                0x00000000000000fe       0x2d Core\Src\PowerManager.o
 .ARM.attributes
                0x000000000000012b       0x2d Core\Src\RingBuffer.o
 .ARM.attributes
                0x0000000000000158       0x2d Core\Src\SerialReciver.o
 .ARM.attributes
                0x0000000000000185       0x2d Core\Src\main.o
 .ARM.attributes
                0x00000000000001b2       0x2d Core\Src\stm32f1xx_hal_msp.o
 .ARM.attributes
                0x00000000000001df       0x2d Core\Src\stm32f1xx_it.o
 .ARM.attributes
                0x000000000000020c       0x2d Core\Src\sysmem.o
 .ARM.attributes
                0x0000000000000239       0x2d Core\Src\system_stm32f1xx.o
 .ARM.attributes
                0x0000000000000266       0x21 Core\Startup\startup_stm32f103c8tx.o
 .ARM.attributes
                0x0000000000000287       0x2d Drivers\STM32F1xx_HAL_Driver\Src\stm32f1xx_hal.o
 .ARM.attributes
                0x00000000000002b4       0x2d Drivers\STM32F1xx_HAL_Driver\Src\stm32f1xx_hal_cortex.o
 .ARM.attributes
                0x00000000000002e1       0x2d Drivers\STM32F1xx_HAL_Driver\Src\stm32f1xx_hal_dma.o
 .ARM.attributes
                0x000000000000030e       0x2d Drivers\STM32F1xx_HAL_Driver\Src\stm32f1xx_hal_gpio.o
 .ARM.attributes
                0x000000000000033b       0x2d Drivers\STM32F1xx_HAL_Driver\Src\stm32f1xx_hal_i2c.o
 .ARM.attributes
                0x0000000000000368       0x2d Drivers\STM32F1xx_HAL_Driver\Src\stm32f1xx_hal_rcc.o
 .ARM.attributes
                0x0000000000000395       0x2d Drivers\STM32F1xx_HAL_Driver\Src\stm32f1xx_hal_tim.o
 .ARM.attributes
                0x00000000000003c2       0x2d Drivers\STM32F1xx_HAL_Driver\Src\stm32f1xx_hal_tim_ex.o
 .ARM.attributes
                0x00000000000003ef       0x2d Drivers\STM32F1xx_HAL_Driver\Src\stm32f1xx_hal_uart.o
 .ARM.attributes
                0x000000000000041c       0x2d c:/st/stm32cubeide_1.9.0/stm32cubeide/plugins/com.st.stm32cube.ide.mcu.externaltools.gnu-tools-for-stm32.10.3-2021.10.win32_1.0.0.202111181127/tools/bin/../lib/gcc/arm-none-eabi/10.3.1/../../../../arm-none-eabi/lib/thumb/v7-m/nofp\libm.a(lib_a-wf_pow.o)
 .ARM.attributes
                0x0000000000000449       0x2d c:/st/stm32cubeide_1.9.0/stm32cubeide/plugins/com.st.stm32cube.ide.mcu.externaltools.gnu-tools-for-stm32.10.3-2021.10.win32_1.0.0.202111181127/tools/bin/../lib/gcc/arm-none-eabi/10.3.1/../../../../arm-none-eabi/lib/thumb/v7-m/nofp\libm.a(lib_a-ef_pow.o)
 .ARM.attributes
                0x0000000000000476       0x2d c:/st/stm32cubeide_1.9.0/stm32cubeide/plugins/com.st.stm32cube.ide.mcu.externaltools.gnu-tools-for-stm32.10.3-2021.10.win32_1.0.0.202111181127/tools/bin/../lib/gcc/arm-none-eabi/10.3.1/../../../../arm-none-eabi/lib/thumb/v7-m/nofp\libm.a(lib_a-ef_sqrt.o)
 .ARM.attributes
                0x00000000000004a3       0x2d c:/st/stm32cubeide_1.9.0/stm32cubeide/plugins/com.st.stm32cube.ide.mcu.externaltools.gnu-tools-for-stm32.10.3-2021.10.win32_1.0.0.202111181127/tools/bin/../lib/gcc/arm-none-eabi/10.3.1/../../../../arm-none-eabi/lib/thumb/v7-m/nofp\libm.a(lib_a-math_errf.o)
 .ARM.attributes
                0x00000000000004d0       0x2d c:/st/stm32cubeide_1.9.0/stm32cubeide/plugins/com.st.stm32cube.ide.mcu.externaltools.gnu-tools-for-stm32.10.3-2021.10.win32_1.0.0.202111181127/tools/bin/../lib/gcc/arm-none-eabi/10.3.1/../../../../arm-none-eabi/lib/thumb/v7-m/nofp\libm.a(lib_a-sf_fabs.o)
 .ARM.attributes
                0x00000000000004fd       0x2d c:/st/stm32cubeide_1.9.0/stm32cubeide/plugins/com.st.stm32cube.ide.mcu.externaltools.gnu-tools-for-stm32.10.3-2021.10.win32_1.0.0.202111181127/tools/bin/../lib/gcc/arm-none-eabi/10.3.1/../../../../arm-none-eabi/lib/thumb/v7-m/nofp\libm.a(lib_a-sf_finite.o)
 .ARM.attributes
                0x000000000000052a       0x2d c:/st/stm32cubeide_1.9.0/stm32cubeide/plugins/com.st.stm32cube.ide.mcu.externaltools.gnu-tools-for-stm32.10.3-2021.10.win32_1.0.0.202111181127/tools/bin/../lib/gcc/arm-none-eabi/10.3.1/../../../../arm-none-eabi/lib/thumb/v7-m/nofp\libm.a(lib_a-sf_scalbn.o)
 .ARM.attributes
                0x0000000000000557       0x2d c:/st/stm32cubeide_1.9.0/stm32cubeide/plugins/com.st.stm32cube.ide.mcu.externaltools.gnu-tools-for-stm32.10.3-2021.10.win32_1.0.0.202111181127/tools/bin/../lib/gcc/arm-none-eabi/10.3.1/../../../../arm-none-eabi/lib/thumb/v7-m/nofp\libc_nano.a(lib_a-errno.o)
 .ARM.attributes
                0x0000000000000584       0x2d c:/st/stm32cubeide_1.9.0/stm32cubeide/plugins/com.st.stm32cube.ide.mcu.externaltools.gnu-tools-for-stm32.10.3-2021.10.win32_1.0.0.202111181127/tools/bin/../lib/gcc/arm-none-eabi/10.3.1/../../../../arm-none-eabi/lib/thumb/v7-m/nofp\libc_nano.a(lib_a-impure.o)
 .ARM.attributes
                0x00000000000005b1       0x2d c:/st/stm32cubeide_1.9.0/stm32cubeide/plugins/com.st.stm32cube.ide.mcu.externaltools.gnu-tools-for-stm32.10.3-2021.10.win32_1.0.0.202111181127/tools/bin/../lib/gcc/arm-none-eabi/10.3.1/../../../../arm-none-eabi/lib/thumb/v7-m/nofp\libc_nano.a(lib_a-init.o)
 .ARM.attributes
                0x00000000000005de       0x2d c:/st/stm32cubeide_1.9.0/stm32cubeide/plugins/com.st.stm32cube.ide.mcu.externaltools.gnu-tools-for-stm32.10.3-2021.10.win32_1.0.0.202111181127/tools/bin/../lib/gcc/arm-none-eabi/10.3.1/../../../../arm-none-eabi/lib/thumb/v7-m/nofp\libc_nano.a(lib_a-memcpy-stub.o)
 .ARM.attributes
                0x000000000000060b       0x2d c:/st/stm32cubeide_1.9.0/stm32cubeide/plugins/com.st.stm32cube.ide.mcu.externaltools.gnu-tools-for-stm32.10.3-2021.10.win32_1.0.0.202111181127/tools/bin/../lib/gcc/arm-none-eabi/10.3.1/../../../../arm-none-eabi/lib/thumb/v7-m/nofp\libc_nano.a(lib_a-memset.o)
 .ARM.attributes
                0x0000000000000638       0x2d c:/st/stm32cubeide_1.9.0/stm32cubeide/plugins/com.st.stm32cube.ide.mcu.externaltools.gnu-tools-for-stm32.10.3-2021.10.win32_1.0.0.202111181127/tools/bin/../lib/gcc/arm-none-eabi/10.3.1/../../../../arm-none-eabi/lib/thumb/v7-m/nofp\libc_nano.a(lib_a-snprintf.o)
 .ARM.attributes
                0x0000000000000665       0x2d c:/st/stm32cubeide_1.9.0/stm32cubeide/plugins/com.st.stm32cube.ide.mcu.externaltools.gnu-tools-for-stm32.10.3-2021.10.win32_1.0.0.202111181127/tools/bin/../lib/gcc/arm-none-eabi/10.3.1/../../../../arm-none-eabi/lib/thumb/v7-m/nofp\libc_nano.a(lib_a-sprintf.o)
 .ARM.attributes
                0x0000000000000692       0x17 c:/st/stm32cubeide_1.9.0/stm32cubeide/plugins/com.st.stm32cube.ide.mcu.externaltools.gnu-tools-for-stm32.10.3-2021.10.win32_1.0.0.202111181127/tools/bin/../lib/gcc/arm-none-eabi/10.3.1/../../../../arm-none-eabi/lib/thumb/v7-m/nofp\libc_nano.a(lib_a-strlen.o)
 .ARM.attributes
                0x00000000000006a9       0x2d c:/st/stm32cubeide_1.9.0/stm32cubeide/plugins/com.st.stm32cube.ide.mcu.externaltools.gnu-tools-for-stm32.10.3-2021.10.win32_1.0.0.202111181127/tools/bin/../lib/gcc/arm-none-eabi/10.3.1/../../../../arm-none-eabi/lib/thumb/v7-m/nofp\libc_nano.a(lib_a-strstr.o)
 .ARM.attributes
                0x00000000000006d6       0x2d c:/st/stm32cubeide_1.9.0/stm32cubeide/plugins/com.st.stm32cube.ide.mcu.externaltools.gnu-tools-for-stm32.10.3-2021.10.win32_1.0.0.202111181127/tools/bin/../lib/gcc/arm-none-eabi/10.3.1/../../../../arm-none-eabi/lib/thumb/v7-m/nofp\libc_nano.a(lib_a-nano-svfprintf.o)
 .ARM.attributes
                0x0000000000000703       0x2d c:/st/stm32cubeide_1.9.0/stm32cubeide/plugins/com.st.stm32cube.ide.mcu.externaltools.gnu-tools-for-stm32.10.3-2021.10.win32_1.0.0.202111181127/tools/bin/../lib/gcc/arm-none-eabi/10.3.1/../../../../arm-none-eabi/lib/thumb/v7-m/nofp\libc_nano.a(lib_a-nano-vfprintf_i.o)
 .ARM.attributes
                0x0000000000000730       0x2d c:/st/stm32cubeide_1.9.0/stm32cubeide/plugins/com.st.stm32cube.ide.mcu.externaltools.gnu-tools-for-stm32.10.3-2021.10.win32_1.0.0.202111181127/tools/bin/../lib/gcc/arm-none-eabi/10.3.1/../../../../arm-none-eabi/lib/thumb/v7-m/nofp\libc_nano.a(lib_a-memchr-stub.o)
 .ARM.attributes
                0x000000000000075d       0x2d c:/st/stm32cubeide_1.9.0/stm32cubeide/plugins/com.st.stm32cube.ide.mcu.externaltools.gnu-tools-for-stm32.10.3-2021.10.win32_1.0.0.202111181127/tools/bin/../lib/gcc/arm-none-eabi/10.3.1/../../../../arm-none-eabi/lib/thumb/v7-m/nofp\libc_nano.a(lib_a-memmove.o)
 .ARM.attributes
                0x000000000000078a       0x2d c:/st/stm32cubeide_1.9.0/stm32cubeide/plugins/com.st.stm32cube.ide.mcu.externaltools.gnu-tools-for-stm32.10.3-2021.10.win32_1.0.0.202111181127/tools/bin/../lib/gcc/arm-none-eabi/10.3.1/../../../../arm-none-eabi/lib/thumb/v7-m/nofp\libc_nano.a(lib_a-nano-freer.o)
 .ARM.attributes
                0x00000000000007b7       0x2d c:/st/stm32cubeide_1.9.0/stm32cubeide/plugins/com.st.stm32cube.ide.mcu.externaltools.gnu-tools-for-stm32.10.3-2021.10.win32_1.0.0.202111181127/tools/bin/../lib/gcc/arm-none-eabi/10.3.1/../../../../arm-none-eabi/lib/thumb/v7-m/nofp\libc_nano.a(lib_a-nano-mallocr.o)
 .ARM.attributes
                0x00000000000007e4       0x2d c:/st/stm32cubeide_1.9.0/stm32cubeide/plugins/com.st.stm32cube.ide.mcu.externaltools.gnu-tools-for-stm32.10.3-2021.10.win32_1.0.0.202111181127/tools/bin/../lib/gcc/arm-none-eabi/10.3.1/../../../../arm-none-eabi/lib/thumb/v7-m/nofp\libc_nano.a(lib_a-nano-reallocr.o)